Archive member included to satisfy reference by file (symbol)

/usr/lib/gcc/arm-none-eabi/9.2.1/../../../arm-none-eabi/lib/thumb/v6-m/nofp/libm.a(lib_a-s_modf.o)
                              CMakeFiles/hd36106_replacement.dir/hd36106_replacement.c.obj (modf)
/usr/lib/gcc/arm-none-eabi/9.2.1/thumb/v6-m/nofp/libgcc.a(_dvmd_tls.o)
                              CMakeFiles/hd36106_replacement.dir/tree/downloaded_tools/pico/pico-sdk/src/rp2_common/pico_divider/divider.S.obj (__aeabi_idiv0)
/usr/lib/gcc/arm-none-eabi/9.2.1/thumb/v6-m/nofp/libgcc.a(_lshrdi3.o)
                              CMakeFiles/hd36106_replacement.dir/bid/bid128_add.c.obj (__aeabi_llsr)
/usr/lib/gcc/arm-none-eabi/9.2.1/thumb/v6-m/nofp/libgcc.a(_ashldi3.o)
                              CMakeFiles/hd36106_replacement.dir/bid/bid128_add.c.obj (__aeabi_llsl)
/usr/lib/gcc/arm-none-eabi/9.2.1/../../../arm-none-eabi/lib/thumb/v6-m/nofp/libc.a(lib_a-atexit.o)
                              /usr/lib/gcc/arm-none-eabi/9.2.1/../../../arm-none-eabi/lib/thumb/v6-m/nofp/crt0.o (atexit)
/usr/lib/gcc/arm-none-eabi/9.2.1/../../../arm-none-eabi/lib/thumb/v6-m/nofp/libc.a(lib_a-calloc.o)
                              CMakeFiles/hd36106_replacement.dir/tree/downloaded_tools/pico/pico-sdk/src/rp2_common/pico_malloc/pico_malloc.c.obj (calloc)
/usr/lib/gcc/arm-none-eabi/9.2.1/../../../arm-none-eabi/lib/thumb/v6-m/nofp/libc.a(lib_a-callocr.o)
                              /usr/lib/gcc/arm-none-eabi/9.2.1/../../../arm-none-eabi/lib/thumb/v6-m/nofp/libc.a(lib_a-calloc.o) (_calloc_r)
/usr/lib/gcc/arm-none-eabi/9.2.1/../../../arm-none-eabi/lib/thumb/v6-m/nofp/libc.a(lib_a-ctype_.o)
                              CMakeFiles/hd36106_replacement.dir/hd36106_replacement.c.obj (_ctype_)
/usr/lib/gcc/arm-none-eabi/9.2.1/../../../arm-none-eabi/lib/thumb/v6-m/nofp/libc.a(lib_a-fini.o)
                              /usr/lib/gcc/arm-none-eabi/9.2.1/../../../arm-none-eabi/lib/thumb/v6-m/nofp/crt0.o (__libc_fini_array)
/usr/lib/gcc/arm-none-eabi/9.2.1/../../../arm-none-eabi/lib/thumb/v6-m/nofp/libc.a(lib_a-impure.o)
                              /usr/lib/gcc/arm-none-eabi/9.2.1/../../../arm-none-eabi/lib/thumb/v6-m/nofp/libc.a(lib_a-calloc.o) (_impure_ptr)
/usr/lib/gcc/arm-none-eabi/9.2.1/../../../arm-none-eabi/lib/thumb/v6-m/nofp/libc.a(lib_a-init.o)
                              /usr/lib/gcc/arm-none-eabi/9.2.1/../../../arm-none-eabi/lib/thumb/v6-m/nofp/crt0.o (__libc_init_array)
/usr/lib/gcc/arm-none-eabi/9.2.1/../../../arm-none-eabi/lib/thumb/v6-m/nofp/libc.a(lib_a-malloc.o)
                              CMakeFiles/hd36106_replacement.dir/tree/downloaded_tools/pico/pico-sdk/src/rp2_common/pico_malloc/pico_malloc.c.obj (malloc)
/usr/lib/gcc/arm-none-eabi/9.2.1/../../../arm-none-eabi/lib/thumb/v6-m/nofp/libc.a(lib_a-mallocr.o)
                              /usr/lib/gcc/arm-none-eabi/9.2.1/../../../arm-none-eabi/lib/thumb/v6-m/nofp/libc.a(lib_a-callocr.o) (_malloc_r)
/usr/lib/gcc/arm-none-eabi/9.2.1/../../../arm-none-eabi/lib/thumb/v6-m/nofp/libc.a(lib_a-mlock.o)
                              /usr/lib/gcc/arm-none-eabi/9.2.1/../../../arm-none-eabi/lib/thumb/v6-m/nofp/libc.a(lib_a-mallocr.o) (__malloc_lock)
/usr/lib/gcc/arm-none-eabi/9.2.1/../../../arm-none-eabi/lib/thumb/v6-m/nofp/libc.a(lib_a-realloc.o)
                              CMakeFiles/hd36106_replacement.dir/tree/downloaded_tools/pico/pico-sdk/src/rp2_common/pico_malloc/pico_malloc.c.obj (realloc)
/usr/lib/gcc/arm-none-eabi/9.2.1/../../../arm-none-eabi/lib/thumb/v6-m/nofp/libc.a(lib_a-reallocr.o)
                              /usr/lib/gcc/arm-none-eabi/9.2.1/../../../arm-none-eabi/lib/thumb/v6-m/nofp/libc.a(lib_a-realloc.o) (_realloc_r)
/usr/lib/gcc/arm-none-eabi/9.2.1/../../../arm-none-eabi/lib/thumb/v6-m/nofp/libc.a(lib_a-sbrkr.o)
                              /usr/lib/gcc/arm-none-eabi/9.2.1/../../../arm-none-eabi/lib/thumb/v6-m/nofp/libc.a(lib_a-mallocr.o) (_sbrk_r)
/usr/lib/gcc/arm-none-eabi/9.2.1/../../../arm-none-eabi/lib/thumb/v6-m/nofp/libc.a(lib_a-strcat.o)
                              CMakeFiles/hd36106_replacement.dir/hd36106_replacement.c.obj (strcat)
/usr/lib/gcc/arm-none-eabi/9.2.1/../../../arm-none-eabi/lib/thumb/v6-m/nofp/libc.a(lib_a-strcpy.o)
                              /usr/lib/gcc/arm-none-eabi/9.2.1/../../../arm-none-eabi/lib/thumb/v6-m/nofp/libc.a(lib_a-strcat.o) (strcpy)
/usr/lib/gcc/arm-none-eabi/9.2.1/../../../arm-none-eabi/lib/thumb/v6-m/nofp/libc.a(lib_a-strlen-stub.o)
                              CMakeFiles/hd36106_replacement.dir/tree/downloaded_tools/pico/pico-sdk/src/rp2_common/pico_stdio/stdio.c.obj (strlen)
/usr/lib/gcc/arm-none-eabi/9.2.1/../../../arm-none-eabi/lib/thumb/v6-m/nofp/libc.a(lib_a-__atexit.o)
                              /usr/lib/gcc/arm-none-eabi/9.2.1/../../../arm-none-eabi/lib/thumb/v6-m/nofp/libc.a(lib_a-atexit.o) (__register_exitproc)
/usr/lib/gcc/arm-none-eabi/9.2.1/../../../arm-none-eabi/lib/thumb/v6-m/nofp/libc.a(lib_a-freer.o)
[...]
Memory Configuration

Name             Origin             Length             Attributes
FLASH            0x0000000010000000 0x0000000000200000 xr
RAM              0x0000000020000000 0x0000000000040000 xrw
SCRATCH_X        0x0000000020040000 0x0000000000001000 xrw
SCRATCH_Y        0x0000000020041000 0x0000000000001000 xrw
*default*        0x0000000000000000 0xffffffffffffffff

Linker script and memory map

LOAD /usr/lib/gcc/arm-none-eabi/9.2.1/thumb/v6-m/nofp/crti.o
LOAD /usr/lib/gcc/arm-none-eabi/9.2.1/thumb/v6-m/nofp/crtbegin.o
LOAD /usr/lib/gcc/arm-none-eabi/9.2.1/../../../arm-none-eabi/lib/thumb/v6-m/nofp/crt0.o

.flash_begin    0x0000000010000000        0x0
                0x0000000010000000                __flash_binary_start = .

.boot2          0x0000000010000000      0x100
                0x0000000010000000                __boot2_start__ = .
 *(.boot2)
 .boot2         0x0000000010000000      0x100 /tmp/cclABbJs.o
                0x0000000010000100                __boot2_end__ = .
                0x0000000000000001                ASSERT (((__boot2_end__ - __boot2_start__) == 0x100), ERROR: Pico second stage bootloader must be 256 bytes in size)

.flashtext      0x0000000010000100      0x1e0
                0x0000000010000100                __logical_binary_start = .
 *(.vectors)
 .vectors       0x0000000010000100       0xd4 CMakeFiles/hd36106_replacement.dir/tree/downloaded_tools/pico/pico-sdk/src/rp2_common/pico_standard_link/crt0.S.obj
                0x0000000010000100                __vectors
                0x0000000010000100                __VECTOR_TABLE
                0x00000000100001c0                isr_invalid
                0x00000000100001c0                __default_isrs_start
                0x00000000100001c2                isr_nmi
                0x00000000100001c4                isr_hardfault
                0x00000000100001c6                isr_svcall
                0x00000000100001c8                isr_pendsv
                0x00000000100001ca                isr_systick
                0x00000000100001cc                isr_irq30
                0x00000000100001cc                __unhandled_user_irq
                0x00000000100001cc                isr_irq13
                0x00000000100001cc                isr_irq27
                0x00000000100001cc                isr_irq31
                0x00000000100001cc                isr_irq5
                0x00000000100001cc                isr_irq11
                0x00000000100001cc                isr_irq23
                0x00000000100001cc                isr_irq18
                0x00000000100001cc                isr_irq28
                0x00000000100001cc                isr_irq19
                0x00000000100001cc                isr_irq0
                0x00000000100001cc                isr_irq6
                0x00000000100001cc                isr_irq22
                0x00000000100001cc                isr_irq17
                0x00000000100001cc                isr_irq14
                0x00000000100001cc                isr_irq2
                0x00000000100001cc                isr_irq10
                0x00000000100001cc                isr_irq8
                0x00000000100001cc                isr_irq24
                0x00000000100001cc                isr_irq1
                0x00000000100001cc                isr_irq7
                0x00000000100001cc                isr_irq21
                0x00000000100001cc                isr_irq20
                0x00000000100001cc                isr_irq15
                0x00000000100001cc                isr_irq25
                0x00000000100001cc                isr_irq4
                0x00000000100001cc                isr_irq16
                0x00000000100001cc                isr_irq29
                0x00000000100001cc                isr_irq26
                0x00000000100001cc                __default_isrs_end
                0x00000000100001cc                isr_irq3
                0x00000000100001cc                isr_irq12
                0x00000000100001cc                isr_irq9
                0x00000000100001d2                unhandled_user_irq_num_in_r0
 *(.binary_info_header)
 .binary_info_header
                0x00000000100001d4       0x14 CMakeFiles/hd36106_replacement.dir/tree/downloaded_tools/pico/pico-sdk/src/rp2_common/pico_standard_link/crt0.S.obj
                0x00000000100001e8                __binary_info_header_end = .
 *(.reset)
 .reset         0x00000000100001e8       0xb4 CMakeFiles/hd36106_replacement.dir/tree/downloaded_tools/pico/pico-sdk/src/rp2_common/pico_standard_link/crt0.S.obj
                0x00000000100001e8                _entry_point
                0x0000000010000272                __get_current_exception
 *fill*         0x000000001000029c        0x4 
 .reset.__stub  0x00000000100002a0       0x10 linker stubs
 .reset         0x00000000100002b0       0x30 CMakeFiles/hd36106_replacement.dir/tree/downloaded_tools/pico/pico-sdk/src/rp2_common/pico_standard_link/binary_info.c.obj

.rodata         0x00000000100002e0        0x0
 *(SORT_BY_ALIGNMENT(SORT_BY_NAME(.flashdata*)))
                0x00000000100002e0                . = ALIGN (0x4)

.ARM.extab
 *(.ARM.extab* .gnu.linkonce.armextab.*)
                0x00000000100002e0                __exidx_start = .

.ARM.exidx
 *(.ARM.exidx* .gnu.linkonce.armexidx.*)
                0x00000000100002e0                __exidx_end = .
                0x00000000100002e0                . = ALIGN (0x4)
                0x00000000100002e0                __binary_info_start = .

.binary_info    0x00000000100002e0       0x2c
 *(.binary_info.keep.*)
 .binary_info.keep.__bi_ptr22
                0x00000000100002e0        0x4 CMakeFiles/hd36106_replacement.dir/tree/downloaded_tools/pico/pico-sdk/src/rp2_common/pico_standard_link/binary_info.c.obj
 .binary_info.keep.__bi_ptr30
                0x00000000100002e4        0x4 CMakeFiles/hd36106_replacement.dir/tree/downloaded_tools/pico/pico-sdk/src/rp2_common/pico_standard_link/binary_info.c.obj
 .binary_info.keep.__bi_ptr38
                0x00000000100002e8        0x4 CMakeFiles/hd36106_replacement.dir/tree/downloaded_tools/pico/pico-sdk/src/rp2_common/pico_standard_link/binary_info.c.obj
 .binary_info.keep.__bi_ptr44
                0x00000000100002ec        0x4 CMakeFiles/hd36106_replacement.dir/tree/downloaded_tools/pico/pico-sdk/src/rp2_common/pico_standard_link/binary_info.c.obj
 .binary_info.keep.__bi_ptr50
                0x00000000100002f0        0x4 CMakeFiles/hd36106_replacement.dir/tree/downloaded_tools/pico/pico-sdk/src/rp2_common/pico_standard_link/binary_info.c.obj
 .binary_info.keep.__bi_ptr56
                0x00000000100002f4        0x4 CMakeFiles/hd36106_replacement.dir/tree/downloaded_tools/pico/pico-sdk/src/rp2_common/pico_standard_link/binary_info.c.obj
 .binary_info.keep.__bi_ptr75
                0x00000000100002f8        0x4 CMakeFiles/hd36106_replacement.dir/tree/downloaded_tools/pico/pico-sdk/src/rp2_common/pico_standard_link/binary_info.c.obj
 .binary_info.keep.__bi_ptr81
                0x00000000100002fc        0x4 CMakeFiles/hd36106_replacement.dir/tree/downloaded_tools/pico/pico-sdk/src/rp2_common/pico_standard_link/binary_info.c.obj
 *(.binary_info.*)
 .binary_info.__bi_ptr28
                0x0000000010000300        0x4 CMakeFiles/hd36106_replacement.dir/tree/downloaded_tools/pico/pico-sdk/src/rp2_common/pico_stdio_uart/stdio_uart.c.obj
 .binary_info.__bi_ptr29
                0x0000000010000304        0x4 CMakeFiles/hd36106_replacement.dir/tree/downloaded_tools/pico/pico-sdk/src/rp2_common/pico_stdio_uart/stdio_uart.c.obj
 .binary_info.__bi_ptr118
                0x0000000010000308        0x4 CMakeFiles/hd36106_replacement.dir/tree/downloaded_tools/pico/pico-sdk/src/rp2_common/pico_stdio_usb/stdio_usb.c.obj
                0x000000001000030c                __binary_info_end = .
                0x000000001000030c                . = ALIGN (0x4)

.ram_vector_table
                0x0000000020000000       0xc0
 *(.ram_vector_table)
 .ram_vector_table
                0x0000000020000000       0xc0 CMakeFiles/hd36106_replacement.dir/tree/downloaded_tools/pico/pico-sdk/src/rp2_common/pico_runtime/runtime.c.obj
                0x0000000020000000                ram_vector_table

.text           0x00000000200000c0    0x2ce00 load address 0x000000001000030c
                0x00000000200000c0                __ram_text_start__ = .
 *(.init)
 .init          0x00000000200000c0        0x4 /usr/lib/gcc/arm-none-eabi/9.2.1/thumb/v6-m/nofp/crti.o
                0x00000000200000c0                _init
 *(.text*)
 .text          0x00000000200000c4       0x98 /usr/lib/gcc/arm-none-eabi/9.2.1/thumb/v6-m/nofp/crtbegin.o
 .text.cli_digit
                0x000000002000015c       0x20 CMakeFiles/hd36106_replacement.dir/hd36106_replacement.c.obj
                0x000000002000015c                cli_digit
 .text.cli_zero_parameter
                0x000000002000017c        0xc CMakeFiles/hd36106_replacement.dir/hd36106_replacement.c.obj
                0x000000002000017c                cli_zero_parameter
 .text.cli_set_address
                0x0000000020000188       0x14 CMakeFiles/hd36106_replacement.dir/hd36106_replacement.c.obj
                0x0000000020000188                cli_set_address
 .text.cli_start_tracing
                0x000000002000019c       0x38 CMakeFiles/hd36106_replacement.dir/hd36106_replacement.c.obj
                0x000000002000019c                cli_start_tracing
 .text.cli_toggle_auto_increment_parameter
                0x00000000200001d4       0x10 CMakeFiles/hd36106_replacement.dir/hd36106_replacement.c.obj
                0x00000000200001d4                cli_toggle_auto_increment_parameter
 .text.cli_toggle_auto_increment_address
                0x00000000200001e4       0x10 CMakeFiles/hd36106_replacement.dir/hd36106_replacement.c.obj
                0x00000000200001e4                cli_toggle_auto_increment_address
 .text.cli_information
                0x00000000200001f4       0x24 CMakeFiles/hd36106_replacement.dir/hd36106_replacement.c.obj
                0x00000000200001f4                cli_information
 .text.cli_display_trace
                0x0000000020000218       0xb4 CMakeFiles/hd36106_replacement.dir/hd36106_replacement.c.obj
                0x0000000020000218                cli_display_trace
 .text.cli_slot_label_list
                0x00000000200002cc       0x80 CMakeFiles/hd36106_replacement.dir/hd36106_replacement.c.obj
                0x00000000200002cc                cli_slot_label_list
 .text.serial_help
                0x000000002000034c       0x3c CMakeFiles/hd36106_replacement.dir/hd36106_replacement.c.obj
                0x000000002000034c                serial_help
 .text.core1_main
                0x0000000020000388      0x3fc CMakeFiles/hd36106_replacement.dir/hd36106_replacement.c.obj
                0x0000000020000388                core1_main
 .text.cli_bcd_test
                0x0000000020000784       0xf8 CMakeFiles/hd36106_replacement.dir/hd36106_replacement.c.obj
                0x0000000020000784                cli_bcd_test
 .text.cli_label_slot
                0x000000002000087c       0x58 CMakeFiles/hd36106_replacement.dir/hd36106_replacement.c.obj
                0x000000002000087c                cli_label_slot
 .text.cli_text_param
                0x00000000200008d4       0x40 CMakeFiles/hd36106_replacement.dir/hd36106_replacement.c.obj
                0x00000000200008d4                cli_text_param
 .text.cli_execute
                0x0000000020000914        0x8 CMakeFiles/hd36106_replacement.dir/hd36106_replacement.c.obj
                0x0000000020000914                cli_execute
 .text.print_gpio_functions
                0x000000002000091c       0x28 CMakeFiles/hd36106_replacement.dir/hd36106_replacement.c.obj
                0x000000002000091c                print_gpio_functions
 .text.cli_write_byte
                0x0000000020000944       0x48 CMakeFiles/hd36106_replacement.dir/hd36106_replacement.c.obj
                0x0000000020000944                cli_write_byte
 .text.cli_boot_mass
                0x000000002000098c       0x14 CMakeFiles/hd36106_replacement.dir/hd36106_replacement.c.obj
                0x000000002000098c                cli_boot_mass
 .text.cli_erase_program_slot
                0x00000000200009a0       0x44 CMakeFiles/hd36106_replacement.dir/hd36106_replacement.c.obj
                0x00000000200009a0                cli_erase_program_slot
 .text.cli_slot_program_list
                0x00000000200009e4      0x388 CMakeFiles/hd36106_replacement.dir/hd36106_replacement.c.obj
                0x00000000200009e4                cli_slot_program_list
 .text.cli_load_ram
                0x0000000020000d6c       0x58 CMakeFiles/hd36106_replacement.dir/hd36106_replacement.c.obj
                0x0000000020000d6c                cli_load_ram
 .text.cli_clear_ram
                0x0000000020000dc4       0x3c CMakeFiles/hd36106_replacement.dir/hd36106_replacement.c.obj
                0x0000000020000dc4                cli_clear_ram
 .text.cli_clear_ram_mp
                0x0000000020000e00       0x68 CMakeFiles/hd36106_replacement.dir/hd36106_replacement.c.obj
                0x0000000020000e00                cli_clear_ram_mp
 .text.cli_load_ram_mp
                0x0000000020000e68       0x8c CMakeFiles/hd36106_replacement.dir/hd36106_replacement.c.obj
                0x0000000020000e68                cli_load_ram_mp
 .text.cli_save_ram
                0x0000000020000ef4       0x90 CMakeFiles/hd36106_replacement.dir/hd36106_replacement.c.obj
                0x0000000020000ef4                cli_save_ram
 .text.set_gpio_input
                0x0000000020000f84       0x20 CMakeFiles/hd36106_replacement.dir/hd36106_replacement.c.obj
                0x0000000020000f84                set_gpio_input
 .text.dbl_to_mem
                0x0000000020000fa4      0x34c CMakeFiles/hd36106_replacement.dir/hd36106_replacement.c.obj
                0x0000000020000fa4                dbl_to_mem
 .text.mem_to_str
                0x00000000200012f0      0x20c CMakeFiles/hd36106_replacement.dir/hd36106_replacement.c.obj
                0x00000000200012f0                mem_to_str
 .text.mem_to_dbl
                0x00000000200014fc      0x250 CMakeFiles/hd36106_replacement.dir/hd36106_replacement.c.obj
                0x00000000200014fc                mem_to_dbl
 .text.display_ram_at
                0x000000002000174c       0xa8 CMakeFiles/hd36106_replacement.dir/hd36106_replacement.c.obj
                0x000000002000174c                display_ram_at
 .text.display_ram
                0x00000000200017f4      0x300 CMakeFiles/hd36106_replacement.dir/hd36106_replacement.c.obj
                0x00000000200017f4                display_ram
 .text.cli_display_program_slot
                0x0000000020001af4      0x334 CMakeFiles/hd36106_replacement.dir/hd36106_replacement.c.obj
                0x0000000020001af4                cli_display_program_slot
 .text.save_ram
                0x0000000020001e28       0x94 CMakeFiles/hd36106_replacement.dir/hd36106_replacement.c.obj
                0x0000000020001e28                save_ram
 .text.cli_save_ram_mp
                0x0000000020001ebc       0x4c CMakeFiles/hd36106_replacement.dir/hd36106_replacement.c.obj
                0x0000000020001ebc                cli_save_ram_mp
 .text.cmd_catalog
                0x0000000020001f08       0xcc CMakeFiles/hd36106_replacement.dir/hd36106_replacement.c.obj
                0x0000000020001f08                cmd_catalog
 .text.process_commands
                0x0000000020001fd4      0x2c8 CMakeFiles/hd36106_replacement.dir/hd36106_replacement.c.obj
                0x0000000020001fd4                process_commands
 .text.startup.main
                0x000000002000229c      0x1e4 CMakeFiles/hd36106_replacement.dir/hd36106_replacement.c.obj
                0x000000002000229c                main
 .text.execution_start
                0x0000000020002480       0x18 CMakeFiles/hd36106_replacement.dir/fx201p_execution.c.obj
                0x0000000020002480                execution_start
 .text.process_fx201p_execution
                0x0000000020002498      0x274 CMakeFiles/hd36106_replacement.dir/fx201p_execution.c.obj
                0x0000000020002498                process_fx201p_execution
 .text.__bid128_from_int32
                0x000000002000270c       0x28 CMakeFiles/hd36106_replacement.dir/bid/bid_from_int.c.obj
                0x000000002000270c                __bid128_from_int32
 .text.__bid128_add
                0x0000000020002734     0x64ec CMakeFiles/hd36106_replacement.dir/bid/bid128_add.c.obj
                0x0000000020002734                __bid128_add
 .text.__bid128_sub
                0x0000000020008c20       0x64 CMakeFiles/hd36106_replacement.dir/bid/bid128_add.c.obj
                0x0000000020008c20                __bid128_sub
 .text.__bid128_quiet_equal
                0x0000000020008c84      0x5dc CMakeFiles/hd36106_replacement.dir/bid/bid128_compare.c.obj
                0x0000000020008c84                __bid128_quiet_equal
 .text.__bid128_quiet_greater
                0x0000000020009260      0xbd8 CMakeFiles/hd36106_replacement.dir/bid/bid128_compare.c.obj
                0x0000000020009260                __bid128_quiet_greater
 .text.__bid128_quiet_less
                0x0000000020009e38      0xbd4 CMakeFiles/hd36106_replacement.dir/bid/bid128_compare.c.obj
                0x0000000020009e38                __bid128_quiet_less
 .text.bid_handle_UF_128_rem
                0x000000002000aa0c      0xa0c CMakeFiles/hd36106_replacement.dir/bid/bid128_div.c.obj
 .text.handle_UF_128
                0x000000002000b418      0x980 CMakeFiles/hd36106_replacement.dir/bid/bid128_div.c.obj
 .text.bid___div_256_by_128.isra.0
                0x000000002000bd98      0x9cc CMakeFiles/hd36106_replacement.dir/bid/bid128_div.c.obj
 .text.__bid128_div
                0x000000002000c764     0x2f58 CMakeFiles/hd36106_replacement.dir/bid/bid128_div.c.obj
                0x000000002000c764                __bid128_div
 .text.__bid128_exp
                0x000000002000f6bc      0x320 CMakeFiles/hd36106_replacement.dir/bid/bid128_exp.c.obj
                0x000000002000f6bc                __bid128_exp
 .text.bid_rounding_correction
                0x000000002000f9dc      0x258 CMakeFiles/hd36106_replacement.dir/bid/bid128_fma.c.obj
 .text.bid_bid_nr_digits256
                0x000000002000fc34      0x1a4 CMakeFiles/hd36106_replacement.dir/bid/bid128_fma.c.obj
 .text.bid_add_and_round.constprop.0
                0x000000002000fdd8     0x18e4 CMakeFiles/hd36106_replacement.dir/bid/bid128_fma.c.obj
 .text.bid128_ext_fma
                0x00000000200116bc     0x763c CMakeFiles/hd36106_replacement.dir/bid/bid128_fma.c.obj
 .text.__bid128_fma
                0x0000000020018cf8       0x50 CMakeFiles/hd36106_replacement.dir/bid/bid128_fma.c.obj
                0x0000000020018cf8                __bid128_fma
 .text.__bid128_mul
                0x0000000020018d48      0x200 CMakeFiles/hd36106_replacement.dir/bid/bid128_mul.c.obj
                0x0000000020018d48                __bid128_mul
 .text.__bid128_isZero
                0x0000000020018f48       0x80 CMakeFiles/hd36106_replacement.dir/bid/bid128_noncomp.c.obj
                0x0000000020018f48                __bid128_isZero
 .text.__bid128_isInf
                0x0000000020018fc8       0x2c CMakeFiles/hd36106_replacement.dir/bid/bid128_noncomp.c.obj
                0x0000000020018fc8                __bid128_isInf
 .text.__bid128_pow
                0x0000000020018ff4     0x9304 CMakeFiles/hd36106_replacement.dir/bid/bid128_pow.c.obj
                0x0000000020018ff4                __bid128_pow
 .text.__bid128_round_integral_nearest_even
                0x00000000200222f8      0x800 CMakeFiles/hd36106_replacement.dir/bid/bid128_round_integral.c.obj
                0x00000000200222f8                __bid128_round_integral_nearest_even
 .text.__bid128_to_string
                0x0000000020022af8     0x1050 CMakeFiles/hd36106_replacement.dir/bid/bid128_string.c.obj
                0x0000000020022af8                __bid128_to_string
 .text.__bid128_to_int32_xrnint
                0x0000000020023b48      0xd04 CMakeFiles/hd36106_replacement.dir/bid/bid128_to_int32.c.obj
                0x0000000020023b48                __bid128_to_int32_xrnint
 .text.set_sys_clock_pll
                0x000000002002484c       0x78 CMakeFiles/hd36106_replacement.dir/tree/downloaded_tools/pico/pico-sdk/src/rp2_common/pico_stdlib/stdlib.c.obj
                0x000000002002484c                set_sys_clock_pll
 .text.check_sys_clock_khz
                0x00000000200248c4      0x16c CMakeFiles/hd36106_replacement.dir/tree/downloaded_tools/pico/pico-sdk/src/rp2_common/pico_stdlib/stdlib.c.obj
                0x00000000200248c4                check_sys_clock_khz
 .text.gpio_set_function
                0x0000000020024a30       0x30 CMakeFiles/hd36106_replacement.dir/tree/downloaded_tools/pico/pico-sdk/src/rp2_common/hardware_gpio/gpio.c.obj
                0x0000000020024a30                gpio_set_function
 .text.gpio_get_function
                0x0000000020024a60       0x14 CMakeFiles/hd36106_replacement.dir/tree/downloaded_tools/pico/pico-sdk/src/rp2_common/hardware_gpio/gpio.c.obj
                0x0000000020024a60                gpio_get_function
 .text.gpio_set_pulls
                0x0000000020024a74       0x30 CMakeFiles/hd36106_replacement.dir/tree/downloaded_tools/pico/pico-sdk/src/rp2_common/hardware_gpio/gpio.c.obj
                0x0000000020024a74                gpio_set_pulls
 .text.gpio_init
                0x0000000020024aa4       0x3c CMakeFiles/hd36106_replacement.dir/tree/downloaded_tools/pico/pico-sdk/src/rp2_common/hardware_gpio/gpio.c.obj
                0x0000000020024aa4                gpio_init
 .text.hw_claim_or_assert
                0x0000000020024ae0       0x48 CMakeFiles/hd36106_replacement.dir/tree/downloaded_tools/pico/pico-sdk/src/rp2_common/hardware_claim/claim.c.obj
                0x0000000020024ae0                hw_claim_or_assert
 .text.hw_claim_unused_from_range
                0x0000000020024b28       0x9c CMakeFiles/hd36106_replacement.dir/tree/downloaded_tools/pico/pico-sdk/src/rp2_common/hardware_claim/claim.c.obj
                0x0000000020024b28                hw_claim_unused_from_range
 .text.running_on_fpga
                0x0000000020024bc4       0x10 CMakeFiles/hd36106_replacement.dir/tree/downloaded_tools/pico/pico-sdk/src/rp2_common/pico_platform/platform.c.obj
                0x0000000020024bc4                running_on_fpga
 .text.spin_locks_reset
                0x0000000020024bd4       0x1c CMakeFiles/hd36106_replacement.dir/tree/downloaded_tools/pico/pico-sdk/src/rp2_common/hardware_sync/sync.c.obj
                0x0000000020024bd4                spin_locks_reset
 .text.next_striped_spin_lock_num
                0x0000000020024bf0       0x18 CMakeFiles/hd36106_replacement.dir/tree/downloaded_tools/pico/pico-sdk/src/rp2_common/hardware_sync/sync.c.obj
                0x0000000020024bf0                next_striped_spin_lock_num
 .text.spin_lock_claim_unused
                0x0000000020024c08       0x20 CMakeFiles/hd36106_replacement.dir/tree/downloaded_tools/pico/pico-sdk/src/rp2_common/hardware_sync/sync.c.obj
                0x0000000020024c08                spin_lock_claim_unused
 .text.irq_set_enabled
                0x0000000020024c28       0x24 CMakeFiles/hd36106_replacement.dir/tree/downloaded_tools/pico/pico-sdk/src/rp2_common/hardware_irq/irq.c.obj
                0x0000000020024c28                irq_set_enabled
 .text.irq_is_enabled
                0x0000000020024c4c       0x18 CMakeFiles/hd36106_replacement.dir/tree/downloaded_tools/pico/pico-sdk/src/rp2_common/hardware_irq/irq.c.obj
                0x0000000020024c4c                irq_is_enabled
 .text.irq_set_mask_enabled
                0x0000000020024c64       0x20 CMakeFiles/hd36106_replacement.dir/tree/downloaded_tools/pico/pico-sdk/src/rp2_common/hardware_irq/irq.c.obj
                0x0000000020024c64                irq_set_mask_enabled
 .text.irq_set_pending
                0x0000000020024c84       0x10 CMakeFiles/hd36106_replacement.dir/tree/downloaded_tools/pico/pico-sdk/src/rp2_common/hardware_irq/irq.c.obj
                0x0000000020024c84                irq_set_pending
 .text.irq_has_shared_handler
                0x0000000020024c94       0x2c CMakeFiles/hd36106_replacement.dir/tree/downloaded_tools/pico/pico-sdk/src/rp2_common/hardware_irq/irq.c.obj
                0x0000000020024c94                irq_has_shared_handler
 .text.irq_get_vtable_handler
                0x0000000020024cc0       0x10 CMakeFiles/hd36106_replacement.dir/tree/downloaded_tools/pico/pico-sdk/src/rp2_common/hardware_irq/irq.c.obj
                0x0000000020024cc0                irq_get_vtable_handler
 .text.irq_set_exclusive_handler
                0x0000000020024cd0       0x54 CMakeFiles/hd36106_replacement.dir/tree/downloaded_tools/pico/pico-sdk/src/rp2_common/hardware_irq/irq.c.obj
                0x0000000020024cd0                irq_set_exclusive_handler
 .text.irq_add_shared_handler
                0x0000000020024d24      0x1c0 CMakeFiles/hd36106_replacement.dir/tree/downloaded_tools/pico/pico-sdk/src/rp2_common/hardware_irq/irq.c.obj
                0x0000000020024d24                irq_add_shared_handler
 .text.irq_remove_handler
                0x0000000020024ee4      0x1b4 CMakeFiles/hd36106_replacement.dir/tree/downloaded_tools/pico/pico-sdk/src/rp2_common/hardware_irq/irq.c.obj
                0x0000000020024ee4                irq_remove_handler
 .text.irq_add_tail_to_free_list
                0x0000000020025098       0xb8 CMakeFiles/hd36106_replacement.dir/tree/downloaded_tools/pico/pico-sdk/src/rp2_common/hardware_irq/irq.c.obj
                0x0000000020025098                irq_add_tail_to_free_list
 .text.irq_init_priorities
                0x0000000020025150       0x24 CMakeFiles/hd36106_replacement.dir/tree/downloaded_tools/pico/pico-sdk/src/rp2_common/hardware_irq/irq.c.obj
                0x0000000020025150                irq_init_priorities
 .text.user_irq_claim_unused
                0x0000000020025174       0x30 CMakeFiles/hd36106_replacement.dir/tree/downloaded_tools/pico/pico-sdk/src/rp2_common/hardware_irq/irq.c.obj
                0x0000000020025174                user_irq_claim_unused
 .text.lock_init
                0x00000000200251a4       0x10 CMakeFiles/hd36106_replacement.dir/tree/downloaded_tools/pico/pico-sdk/src/common/pico_sync/lock_core.c.obj
                0x00000000200251a4                lock_init
 .text.timer_pool_entry_comparator
                0x00000000200251b4       0x34 CMakeFiles/hd36106_replacement.dir/tree/downloaded_tools/pico/pico-sdk/src/common/pico_time/time.c.obj
                0x00000000200251b4                timer_pool_entry_comparator
 .text.sleep_until_callback
                0x00000000200251e8       0x30 CMakeFiles/hd36106_replacement.dir/tree/downloaded_tools/pico/pico-sdk/src/common/pico_time/time.c.obj
 .text.alarm_pool_add_alarm_at.constprop.0
                0x0000000020025218      0x128 CMakeFiles/hd36106_replacement.dir/tree/downloaded_tools/pico/pico-sdk/src/common/pico_time/time.c.obj
 .text.add_alarm_under_lock
                0x0000000020025340      0x108 CMakeFiles/hd36106_replacement.dir/tree/downloaded_tools/pico/pico-sdk/src/common/pico_time/time.c.obj
 .text.alarm_pool_alarm_callback
                0x0000000020025448      0x1c8 CMakeFiles/hd36106_replacement.dir/tree/downloaded_tools/pico/pico-sdk/src/common/pico_time/time.c.obj
 .text.alarm_pool_init_default
                0x0000000020025610       0x64 CMakeFiles/hd36106_replacement.dir/tree/downloaded_tools/pico/pico-sdk/src/common/pico_time/time.c.obj
                0x0000000020025610                alarm_pool_init_default
 .text.alarm_pool_get_default
                0x0000000020025674        0x8 CMakeFiles/hd36106_replacement.dir/tree/downloaded_tools/pico/pico-sdk/src/common/pico_time/time.c.obj
                0x0000000020025674                alarm_pool_get_default
 .text.alarm_pool_add_alarm_at
                0x000000002002567c      0x1ac CMakeFiles/hd36106_replacement.dir/tree/downloaded_tools/pico/pico-sdk/src/common/pico_time/time.c.obj
                0x000000002002567c                alarm_pool_add_alarm_at
 .text.sleep_until
                0x0000000020025828       0xac CMakeFiles/hd36106_replacement.dir/tree/downloaded_tools/pico/pico-sdk/src/common/pico_time/time.c.obj
                0x0000000020025828                sleep_until
 .text.sleep_ms
                0x00000000200258d4       0x38 CMakeFiles/hd36106_replacement.dir/tree/downloaded_tools/pico/pico-sdk/src/common/pico_time/time.c.obj
                0x00000000200258d4                sleep_ms
 .text.best_effort_wfe_or_timeout
                0x000000002002590c       0xd4 CMakeFiles/hd36106_replacement.dir/tree/downloaded_tools/pico/pico-sdk/src/common/pico_time/time.c.obj
                0x000000002002590c                best_effort_wfe_or_timeout
 .text.hardware_alarm_irq_handler
                0x00000000200259e0       0xb8 CMakeFiles/hd36106_replacement.dir/tree/downloaded_tools/pico/pico-sdk/src/rp2_common/hardware_timer/timer.c.obj
 .text.hardware_alarm_claim
                0x0000000020025a98       0x18 CMakeFiles/hd36106_replacement.dir/tree/downloaded_tools/pico/pico-sdk/src/rp2_common/hardware_timer/timer.c.obj
                0x0000000020025a98                hardware_alarm_claim
 .text.time_us_64
                0x0000000020025ab0       0x14 CMakeFiles/hd36106_replacement.dir/tree/downloaded_tools/pico/pico-sdk/src/rp2_common/hardware_timer/timer.c.obj
                0x0000000020025ab0                time_us_64
 .text.busy_wait_us
                0x0000000020025ac4       0x54 CMakeFiles/hd36106_replacement.dir/tree/downloaded_tools/pico/pico-sdk/src/rp2_common/hardware_timer/timer.c.obj
                0x0000000020025ac4                busy_wait_us
 .text.busy_wait_until
                0x0000000020025b18       0x20 CMakeFiles/hd36106_replacement.dir/tree/downloaded_tools/pico/pico-sdk/src/rp2_common/hardware_timer/timer.c.obj
                0x0000000020025b18                busy_wait_until
 .text.hardware_alarm_set_callback
                0x0000000020025b38       0x8c CMakeFiles/hd36106_replacement.dir/tree/downloaded_tools/pico/pico-sdk/src/rp2_common/hardware_timer/timer.c.obj
                0x0000000020025b38                hardware_alarm_set_callback
 .text.hardware_alarm_set_target
                0x0000000020025bc4       0xe4 CMakeFiles/hd36106_replacement.dir/tree/downloaded_tools/pico/pico-sdk/src/rp2_common/hardware_timer/timer.c.obj
                0x0000000020025bc4                hardware_alarm_set_target
 .text.hardware_alarm_cancel
                0x0000000020025ca8       0x40 CMakeFiles/hd36106_replacement.dir/tree/downloaded_tools/pico/pico-sdk/src/rp2_common/hardware_timer/timer.c.obj
                0x0000000020025ca8                hardware_alarm_cancel
 .text.ph_merge_nodes
                0x0000000020025ce8       0x68 CMakeFiles/hd36106_replacement.dir/tree/downloaded_tools/pico/pico-sdk/src/common/pico_util/pheap.c.obj
 .text.ph_post_alloc_init
                0x0000000020025d50       0x3c CMakeFiles/hd36106_replacement.dir/tree/downloaded_tools/pico/pico-sdk/src/common/pico_util/pheap.c.obj
                0x0000000020025d50                ph_post_alloc_init
 .text.ph_merge_two_pass
                0x0000000020025d8c       0x90 CMakeFiles/hd36106_replacement.dir/tree/downloaded_tools/pico/pico-sdk/src/common/pico_util/pheap.c.obj
                0x0000000020025d8c                ph_merge_two_pass
 .text.ph_remove_any_head
                0x0000000020025e1c       0xf8 CMakeFiles/hd36106_replacement.dir/tree/downloaded_tools/pico/pico-sdk/src/common/pico_util/pheap.c.obj
 .text.ph_remove_head
                0x0000000020025f14      0x13c CMakeFiles/hd36106_replacement.dir/tree/downloaded_tools/pico/pico-sdk/src/common/pico_util/pheap.c.obj
                0x0000000020025f14                ph_remove_head
 .text.ph_remove_and_free_node
                0x0000000020026050       0x7c CMakeFiles/hd36106_replacement.dir/tree/downloaded_tools/pico/pico-sdk/src/common/pico_util/pheap.c.obj
                0x0000000020026050                ph_remove_and_free_node
 .text.mutex_init
                0x00000000200260cc       0x1c CMakeFiles/hd36106_replacement.dir/tree/downloaded_tools/pico/pico-sdk/src/common/pico_sync/mutex.c.obj
                0x00000000200260cc                mutex_init
 .text.recursive_mutex_init
                0x00000000200260e8       0x1c CMakeFiles/hd36106_replacement.dir/tree/downloaded_tools/pico/pico-sdk/src/common/pico_sync/mutex.c.obj
                0x00000000200260e8                recursive_mutex_init
 .text.critical_section_init
                0x0000000020026104       0x1c CMakeFiles/hd36106_replacement.dir/tree/downloaded_tools/pico/pico-sdk/src/common/pico_sync/critical_section.c.obj
                0x0000000020026104                critical_section_init
 .text.uart_init
                0x0000000020026120       0xe4 CMakeFiles/hd36106_replacement.dir/tree/downloaded_tools/pico/pico-sdk/src/rp2_common/hardware_uart/uart.c.obj
                0x0000000020026120                uart_init
 .text.runtime_init
                0x0000000020026204       0xf0 CMakeFiles/hd36106_replacement.dir/tree/downloaded_tools/pico/pico-sdk/src/rp2_common/pico_runtime/runtime.c.obj
                0x0000000020026204                runtime_init
 .text.exit     0x00000000200262f4        0x4 CMakeFiles/hd36106_replacement.dir/tree/downloaded_tools/pico/pico-sdk/src/rp2_common/pico_runtime/runtime.c.obj
                0x00000000200262f4                exit
 .text.panic    0x00000000200262f8       0x30 CMakeFiles/hd36106_replacement.dir/tree/downloaded_tools/pico/pico-sdk/src/rp2_common/pico_runtime/runtime.c.obj
                0x00000000200262f8                panic
 .text.hard_assertion_failure
                0x0000000020026328        0xc CMakeFiles/hd36106_replacement.dir/tree/downloaded_tools/pico/pico-sdk/src/rp2_common/pico_runtime/runtime.c.obj
                0x0000000020026328                hard_assertion_failure
 .text.clock_configure
                0x0000000020026334      0x114 CMakeFiles/hd36106_replacement.dir/tree/downloaded_tools/pico/pico-sdk/src/rp2_common/hardware_clocks/clocks.c.obj
                0x0000000020026334                clock_configure
 .text.clocks_init
                0x0000000020026448      0x2bc CMakeFiles/hd36106_replacement.dir/tree/downloaded_tools/pico/pico-sdk/src/rp2_common/hardware_clocks/clocks.c.obj
                0x0000000020026448                clocks_init
 .text.clock_get_hz
                0x0000000020026704        0xc CMakeFiles/hd36106_replacement.dir/tree/downloaded_tools/pico/pico-sdk/src/rp2_common/hardware_clocks/clocks.c.obj
                0x0000000020026704                clock_get_hz
 .text.pll_init
                0x0000000020026710       0xa8 CMakeFiles/hd36106_replacement.dir/tree/downloaded_tools/pico/pico-sdk/src/rp2_common/hardware_pll/pll.c.obj
                0x0000000020026710                pll_init
 .text.watchdog_start_tick
                0x00000000200267b8       0x10 CMakeFiles/hd36106_replacement.dir/tree/downloaded_tools/pico/pico-sdk/src/rp2_common/hardware_watchdog/watchdog.c.obj
                0x00000000200267b8                watchdog_start_tick
 .text.watchdog_reboot
                0x00000000200267c8       0x98 CMakeFiles/hd36106_replacement.dir/tree/downloaded_tools/pico/pico-sdk/src/rp2_common/hardware_watchdog/watchdog.c.obj
                0x00000000200267c8                watchdog_reboot
 .text.xosc_init
                0x0000000020026860       0x28 CMakeFiles/hd36106_replacement.dir/tree/downloaded_tools/pico/pico-sdk/src/rp2_common/hardware_xosc/xosc.c.obj
                0x0000000020026860                xosc_init
 .text._out_buffer
                0x0000000020026888        0x8 CMakeFiles/hd36106_replacement.dir/tree/downloaded_tools/pico/pico-sdk/src/rp2_common/pico_printf/printf.c.obj
 .text._out_null
                0x0000000020026890        0x4 CMakeFiles/hd36106_replacement.dir/tree/downloaded_tools/pico/pico-sdk/src/rp2_common/pico_printf/printf.c.obj
 .text._out_rev
                0x0000000020026894       0xd0 CMakeFiles/hd36106_replacement.dir/tree/downloaded_tools/pico/pico-sdk/src/rp2_common/pico_printf/printf.c.obj
 .text._ntoa_format
                0x0000000020026964      0x1d0 CMakeFiles/hd36106_replacement.dir/tree/downloaded_tools/pico/pico-sdk/src/rp2_common/pico_printf/printf.c.obj
 .text._out_char
                0x0000000020026b34       0x10 CMakeFiles/hd36106_replacement.dir/tree/downloaded_tools/pico/pico-sdk/src/rp2_common/pico_printf/printf.c.obj
 .text._out_fct
                0x0000000020026b44       0x10 CMakeFiles/hd36106_replacement.dir/tree/downloaded_tools/pico/pico-sdk/src/rp2_common/pico_printf/printf.c.obj
 .text._etoa    0x0000000020026b54      0x478 CMakeFiles/hd36106_replacement.dir/tree/downloaded_tools/pico/pico-sdk/src/rp2_common/pico_printf/printf.c.obj
 .text._ftoa    0x0000000020026fcc      0x3e0 CMakeFiles/hd36106_replacement.dir/tree/downloaded_tools/pico/pico-sdk/src/rp2_common/pico_printf/printf.c.obj
 .text._vsnprintf
                0x00000000200273ac      0xb08 CMakeFiles/hd36106_replacement.dir/tree/downloaded_tools/pico/pico-sdk/src/rp2_common/pico_printf/printf.c.obj
 .text.__wrap_sprintf
                0x0000000020027eb4       0x28 CMakeFiles/hd36106_replacement.dir/tree/downloaded_tools/pico/pico-sdk/src/rp2_common/pico_printf/printf.c.obj
                0x0000000020027eb4                __wrap_sprintf
 .text.vfctprintf
                0x0000000020027edc       0x20 CMakeFiles/hd36106_replacement.dir/tree/downloaded_tools/pico/pico-sdk/src/rp2_common/pico_printf/printf.c.obj
                0x0000000020027edc                vfctprintf
 .text.weak_raw_vprintf
                0x0000000020027efc       0x30 CMakeFiles/hd36106_replacement.dir/tree/downloaded_tools/pico/pico-sdk/src/rp2_common/pico_printf/printf.c.obj
                0x0000000020027efc                weak_raw_vprintf
 .text          0x0000000020027f2c       0x10 CMakeFiles/hd36106_replacement.dir/tree/downloaded_tools/pico/pico-sdk/src/rp2_common/pico_bit_ops/bit_ops_aeabi.S.obj
 .text.rom_func_lookup
                0x0000000020027f3c       0x10 CMakeFiles/hd36106_replacement.dir/tree/downloaded_tools/pico/pico-sdk/src/rp2_common/pico_bootrom/bootrom.c.obj
                0x0000000020027f3c                rom_func_lookup
 .text.rom_data_lookup
                0x0000000020027f4c       0x10 CMakeFiles/hd36106_replacement.dir/tree/downloaded_tools/pico/pico-sdk/src/rp2_common/pico_bootrom/bootrom.c.obj
                0x0000000020027f4c                rom_data_lookup
 .text.rom_funcs_lookup
                0x0000000020027f5c       0x3c CMakeFiles/hd36106_replacement.dir/tree/downloaded_tools/pico/pico-sdk/src/rp2_common/pico_bootrom/bootrom.c.obj
                0x0000000020027f5c                rom_funcs_lookup
 .text.__wrap___aeabi_idiv
                0x0000000020027f98       0x50 CMakeFiles/hd36106_replacement.dir/tree/downloaded_tools/pico/pico-sdk/src/rp2_common/pico_divider/divider.S.obj
                0x0000000020027f98                __wrap___aeabi_idivmod
                0x0000000020027f98                divmod_s32s32
                0x0000000020027f98                div_s32s32
                0x0000000020027f98                __wrap___aeabi_idiv
                0x0000000020027fa0                divmod_s32s32_unsafe
                0x0000000020027fcc                divmod_s32s32_savestate
 .text.__wrap___aeabi_uidiv
                0x0000000020027fe8       0x4c CMakeFiles/hd36106_replacement.dir/tree/downloaded_tools/pico/pico-sdk/src/rp2_common/pico_divider/divider.S.obj
                0x0000000020027fe8                __wrap___aeabi_uidiv
                0x0000000020027fe8                __wrap___aeabi_uidivmod
                0x0000000020027fe8                div_u32u32
                0x0000000020027fe8                divmod_u32u32
                0x0000000020027ff0                divmod_u32u32_unsafe
                0x0000000020028018                divmod_u32u32_savestate
 .text.__wrap___aeabi_ldiv
                0x0000000020028034      0x434 CMakeFiles/hd36106_replacement.dir/tree/downloaded_tools/pico/pico-sdk/src/rp2_common/pico_divider/divider.S.obj
                0x0000000020028034                div_s64s64
                0x0000000020028034                divmod_s64s64
                0x0000000020028034                __wrap___aeabi_ldivmod
                0x000000002002806c                div_u64u64
                0x000000002002806c                divmod_u64u64
                0x000000002002806c                __wrap___aeabi_uldivmod
                0x000000002002807c                divmod_u64u64_savestate
                0x00000000200280a4                divmod_s64s64_unsafe
                0x000000002002812c                divmod_u64u64_unsafe
 .text.__wrap___aeabi_darithmetic
                0x0000000020028468       0x80 CMakeFiles/hd36106_replacement.dir/tree/downloaded_tools/pico/pico-sdk/src/rp2_common/pico_double/double_aeabi.S.obj
                0x0000000020028468                __wrap___aeabi_drsub
                0x000000002002846e                __wrap___aeabi_dsub
                0x0000000020028480                __wrap___aeabi_dadd
                0x0000000020028492                __wrap___aeabi_ddiv
                0x00000000200284ce                __wrap___aeabi_dmul
 .text.__wrap___aeabi_cdcmple
                0x00000000200284e8       0x6c CMakeFiles/hd36106_replacement.dir/tree/downloaded_tools/pico/pico-sdk/src/rp2_common/pico_double/double_aeabi.S.obj
                0x00000000200284e8                __wrap___aeabi_cdrcmple
                0x00000000200284f8                __wrap___aeabi_cdcmple
                0x00000000200284f8                __wrap___aeabi_cdcmpeq
 .text.__wrap___aeabi_dcmpeq
                0x0000000020028554       0x10 CMakeFiles/hd36106_replacement.dir/tree/downloaded_tools/pico/pico-sdk/src/rp2_common/pico_double/double_aeabi.S.obj
                0x0000000020028554                __wrap___aeabi_dcmpeq
 .text.__wrap___aeabi_dcmplt
                0x0000000020028564        0xc CMakeFiles/hd36106_replacement.dir/tree/downloaded_tools/pico/pico-sdk/src/rp2_common/pico_double/double_aeabi.S.obj
                0x0000000020028564                __wrap___aeabi_dcmplt
 .text.__wrap___aeabi_dcmple
                0x0000000020028570       0x10 CMakeFiles/hd36106_replacement.dir/tree/downloaded_tools/pico/pico-sdk/src/rp2_common/pico_double/double_aeabi.S.obj
                0x0000000020028570                __wrap___aeabi_dcmple
 .text.__wrap___aeabi_dcmpge
                0x0000000020028580       0x10 CMakeFiles/hd36106_replacement.dir/tree/downloaded_tools/pico/pico-sdk/src/rp2_common/pico_double/double_aeabi.S.obj
                0x0000000020028580                __wrap___aeabi_dcmpge
 .text.__wrap___aeabi_dcmpgt
                0x0000000020028590        0xa CMakeFiles/hd36106_replacement.dir/tree/downloaded_tools/pico/pico-sdk/src/rp2_common/pico_double/double_aeabi.S.obj
                0x0000000020028590                __wrap___aeabi_dcmpgt
 .text.__wrap___aeabi_dcmpun
                0x000000002002859a       0x1c CMakeFiles/hd36106_replacement.dir/tree/downloaded_tools/pico/pico-sdk/src/rp2_common/pico_double/double_aeabi.S.obj
                0x000000002002859a                __wrap___aeabi_dcmpun
 *fill*         0x00000000200285b6        0x2 
 .text.__wrap___aeabi_i2d
                0x00000000200285b8       0x38 CMakeFiles/hd36106_replacement.dir/tree/downloaded_tools/pico/pico-sdk/src/rp2_common/pico_double/double_aeabi.S.obj
                0x00000000200285b8                __wrap___aeabi_ui2d
                0x00000000200285c0                __wrap___aeabi_i2d
 .text.__wrap___aeabi_d2iz
                0x00000000200285f0       0x48 CMakeFiles/hd36106_replacement.dir/tree/downloaded_tools/pico/pico-sdk/src/rp2_common/pico_double/double_aeabi.S.obj
                0x00000000200285f0                __wrap___aeabi_d2iz
                0x00000000200285f0                double2int_z
 .text.__wrap___aeabi_d2uiz
                0x0000000020028638       0x18 CMakeFiles/hd36106_replacement.dir/tree/downloaded_tools/pico/pico-sdk/src/rp2_common/pico_double/double_aeabi.S.obj
                0x0000000020028638                double2uint
                0x0000000020028638                __wrap___aeabi_d2uiz
 .text.__wrap___aeabi_ul2d
                0x0000000020028650       0x18 CMakeFiles/hd36106_replacement.dir/tree/downloaded_tools/pico/pico-sdk/src/rp2_common/pico_double/double_aeabi.S.obj
                0x0000000020028650                __wrap___aeabi_ul2d
 .text.__wrap___aeabi_d2ulz
                0x0000000020028668       0x18 CMakeFiles/hd36106_replacement.dir/tree/downloaded_tools/pico/pico-sdk/src/rp2_common/pico_double/double_aeabi.S.obj
                0x0000000020028668                __wrap___aeabi_d2ulz
 .text.__wrap_exp
                0x0000000020028680       0x18 CMakeFiles/hd36106_replacement.dir/tree/downloaded_tools/pico/pico-sdk/src/rp2_common/pico_double/double_aeabi.S.obj
                0x0000000020028680                __wrap_exp
 .text.__wrap_log
                0x0000000020028698       0x18 CMakeFiles/hd36106_replacement.dir/tree/downloaded_tools/pico/pico-sdk/src/rp2_common/pico_double/double_aeabi.S.obj
                0x0000000020028698                __wrap_log
 .text.__aeabi_double_init
                0x00000000200286b0       0xc0 CMakeFiles/hd36106_replacement.dir/tree/downloaded_tools/pico/pico-sdk/src/rp2_common/pico_double/double_init_rom.c.obj
                0x00000000200286b0                __aeabi_double_init
 .text.dpow_int2
                0x0000000020028770       0x2c CMakeFiles/hd36106_replacement.dir/tree/downloaded_tools/pico/pico-sdk/src/rp2_common/pico_double/double_math.c.obj
 .text.dpow_1   0x000000002002879c      0x278 CMakeFiles/hd36106_replacement.dir/tree/downloaded_tools/pico/pico-sdk/src/rp2_common/pico_double/double_math.c.obj
 .text.dpow_0   0x0000000020028a14      0x284 CMakeFiles/hd36106_replacement.dir/tree/downloaded_tools/pico/pico-sdk/src/rp2_common/pico_double/double_math.c.obj
 .text.__wrap_ldexp
                0x0000000020028c98       0x50 CMakeFiles/hd36106_replacement.dir/tree/downloaded_tools/pico/pico-sdk/src/rp2_common/pico_double/double_math.c.obj
                0x0000000020028c98                __wrap_ldexp
 .text.__wrap_round
                0x0000000020028ce8       0xa0 CMakeFiles/hd36106_replacement.dir/tree/downloaded_tools/pico/pico-sdk/src/rp2_common/pico_double/double_math.c.obj
                0x0000000020028ce8                __wrap_round
 .text.__wrap_floor
                0x0000000020028d88       0x90 CMakeFiles/hd36106_replacement.dir/tree/downloaded_tools/pico/pico-sdk/src/rp2_common/pico_double/double_math.c.obj
                0x0000000020028d88                __wrap_floor
 .text.__wrap_exp2
                0x0000000020028e18       0xbc CMakeFiles/hd36106_replacement.dir/tree/downloaded_tools/pico/pico-sdk/src/rp2_common/pico_double/double_math.c.obj
                0x0000000020028e18                __wrap_exp2
 .text.__wrap_log10
                0x0000000020028ed4       0x18 CMakeFiles/hd36106_replacement.dir/tree/downloaded_tools/pico/pico-sdk/src/rp2_common/pico_double/double_math.c.obj
                0x0000000020028ed4                __wrap_log10
 .text.__wrap_pow
                0x0000000020028eec      0x304 CMakeFiles/hd36106_replacement.dir/tree/downloaded_tools/pico/pico-sdk/src/rp2_common/pico_double/double_math.c.obj
                0x0000000020028eec                __wrap_pow
 .text.double_table_shim_on_use_helper
                0x00000000200291f0       0x2c CMakeFiles/hd36106_replacement.dir/tree/downloaded_tools/pico/pico-sdk/src/rp2_common/pico_double/double_v1_rom_shim.S.obj
                0x00000000200291f0                double_table_shim_on_use_helper
 .text.__wrap___aeabi_dsub
                0x000000002002921c       0x10 CMakeFiles/hd36106_replacement.dir/tree/downloaded_tools/pico/pico-sdk/src/rp2_common/pico_double/double_v1_rom_shim.S.obj
                0x000000002002921c                drsub_shim
                0x0000000020029222                dsub_shim
 .text.dadd_shim
                0x000000002002922c      0x15c CMakeFiles/hd36106_replacement.dir/tree/downloaded_tools/pico/pico-sdk/src/rp2_common/pico_double/double_v1_rom_shim.S.obj
                0x000000002002922c                dadd_shim
 .text.dmul_shim
                0x0000000020029388      0x15c CMakeFiles/hd36106_replacement.dir/tree/downloaded_tools/pico/pico-sdk/src/rp2_common/pico_double/double_v1_rom_shim.S.obj
                0x0000000020029388                dmul_shim
 .text.ddiv_shim
                0x00000000200294e4      0x1b0 CMakeFiles/hd36106_replacement.dir/tree/downloaded_tools/pico/pico-sdk/src/rp2_common/pico_double/double_v1_rom_shim.S.obj
                0x00000000200294e4                ddiv_shim
 .text.double2uint_shim
                0x0000000020029694        0xe CMakeFiles/hd36106_replacement.dir/tree/downloaded_tools/pico/pico-sdk/src/rp2_common/pico_double/double_v1_rom_shim.S.obj
                0x0000000020029694                double2uint_shim
                0x0000000020029696                double2ufix_shim
 *fill*         0x00000000200296a2        0x2 
 .text.double2uint64_shim
                0x00000000200296a4       0x70 CMakeFiles/hd36106_replacement.dir/tree/downloaded_tools/pico/pico-sdk/src/rp2_common/pico_double/double_v1_rom_shim.S.obj
                0x00000000200296a4                double2uint64_shim
                0x00000000200296a6                double2ufix64_shim
                0x00000000200296c6                d2fix_a
 .text.x2double_shims
                0x0000000020029714       0x90 CMakeFiles/hd36106_replacement.dir/tree/downloaded_tools/pico/pico-sdk/src/rp2_common/pico_double/double_v1_rom_shim.S.obj
                0x0000000020029714                uint2double_shim
                0x0000000020029716                ufix2double_shim
                0x000000002002971c                int2double_shim
                0x000000002002971e                fix2double_shim
                0x0000000020029724                uint642double_shim
                0x0000000020029726                ufix642double_shim
                0x000000002002972c                int642double_shim
                0x000000002002972e                fix642double_shim
 .text.dunpacks
                0x00000000200297a4       0x3c CMakeFiles/hd36106_replacement.dir/tree/downloaded_tools/pico/pico-sdk/src/rp2_common/pico_double/double_v1_rom_shim.S.obj
                0x00000000200297a4                dunpacks
 .text.dreduce  0x00000000200297e0       0x82 CMakeFiles/hd36106_replacement.dir/tree/downloaded_tools/pico/pico-sdk/src/rp2_common/pico_double/double_v1_rom_shim.S.obj
                0x00000000200297e0                dreduce
 *fill*         0x0000000020029862        0x2 
 .text.dexp_guts
                0x0000000020029864      0x268 CMakeFiles/hd36106_replacement.dir/tree/downloaded_tools/pico/pico-sdk/src/rp2_common/pico_double/double_v1_rom_shim.S.obj
                0x0000000020029864                dexp_shim
                0x0000000020029900                dln_shim
 .text.__aeabi_lmul
                0x0000000020029acc       0x32 CMakeFiles/hd36106_replacement.dir/tree/downloaded_tools/pico/pico-sdk/src/rp2_common/pico_int64_ops/pico_int64_ops_aeabi.S.obj
                0x0000000020029acc                __wrap___aeabi_lmul
 *fill*         0x0000000020029afe        0x2 
 .text.__wrap___aeabi_farithmetic
                0x0000000020029b00       0x48 CMakeFiles/hd36106_replacement.dir/tree/downloaded_tools/pico/pico-sdk/src/rp2_common/pico_float/float_aeabi.S.obj
                0x0000000020029b00                __wrap___aeabi_frsub
                0x0000000020029b06                __wrap___aeabi_fsub
                0x0000000020029b0c                __wrap___aeabi_fadd
                0x0000000020029b12                __wrap___aeabi_fdiv
                0x0000000020029b3a                __wrap___aeabi_fmul
 .text.__wrap___aeabi_ui2f
                0x0000000020029b48        0xa CMakeFiles/hd36106_replacement.dir/tree/downloaded_tools/pico/pico-sdk/src/rp2_common/pico_float/float_aeabi.S.obj
                0x0000000020029b48                __wrap___aeabi_ui2f
 *fill*         0x0000000020029b52        0x2 
 .text.__wrap___aeabi_i2f
                0x0000000020029b54       0x44 CMakeFiles/hd36106_replacement.dir/tree/downloaded_tools/pico/pico-sdk/src/rp2_common/pico_float/float_aeabi.S.obj
                0x0000000020029b54                __wrap___aeabi_i2f
 .text.__wrap___aeabi_ul2f
                0x0000000020029b98       0x20 CMakeFiles/hd36106_replacement.dir/tree/downloaded_tools/pico/pico-sdk/src/rp2_common/pico_float/float_aeabi.S.obj
                0x0000000020029b9c                __wrap___aeabi_ul2f
 .text.__aeabi_float_init
                0x0000000020029bb8       0x64 CMakeFiles/hd36106_replacement.dir/tree/downloaded_tools/pico/pico-sdk/src/rp2_common/pico_float/float_init_rom.c.obj
                0x0000000020029bb8                __aeabi_float_init
 .text.float_table_shim_on_use_helper
                0x0000000020029c1c       0x2c CMakeFiles/hd36106_replacement.dir/tree/downloaded_tools/pico/pico-sdk/src/rp2_common/pico_float/float_v1_rom_shim.S.obj
                0x0000000020029c1c                float_table_shim_on_use_helper
 .text.642float_shims
                0x0000000020029c48       0x44 CMakeFiles/hd36106_replacement.dir/tree/downloaded_tools/pico/pico-sdk/src/rp2_common/pico_float/float_v1_rom_shim.S.obj
                0x0000000020029c48                uint642float_shim
                0x0000000020029c4a                ufix642float_shim
                0x0000000020029c5a                int642float_shim
                0x0000000020029c5c                fix642float_shim
 .text          0x0000000020029c8c       0x10 CMakeFiles/hd36106_replacement.dir/tree/downloaded_tools/pico/pico-sdk/src/rp2_common/pico_mem_ops/mem_ops_aeabi.S.obj
                0x0000000020029c8c                __aeabi_mem_init
 .text.memset   0x0000000020029c9c        0xc CMakeFiles/hd36106_replacement.dir/tree/downloaded_tools/pico/pico-sdk/src/rp2_common/pico_mem_ops/mem_ops_aeabi.S.obj
                0x0000000020029c9c                __wrap_memset
 .text.memcpy   0x0000000020029ca8        0xc CMakeFiles/hd36106_replacement.dir/tree/downloaded_tools/pico/pico-sdk/src/rp2_common/pico_mem_ops/mem_ops_aeabi.S.obj
                0x0000000020029ca8                __wrap___aeabi_memcpy
                0x0000000020029ca8                __wrap_memcpy
 .text.stdio_out_chars_no_crlf
                0x0000000020029cb4       0x10 CMakeFiles/hd36106_replacement.dir/tree/downloaded_tools/pico/pico-sdk/src/rp2_common/pico_stdio/stdio.c.obj
 .text.stdio_out_chars_crlf
                0x0000000020029cc4       0x94 CMakeFiles/hd36106_replacement.dir/tree/downloaded_tools/pico/pico-sdk/src/rp2_common/pico_stdio/stdio.c.obj
 .text.stdio_buffered_printer
                0x0000000020029d58       0x64 CMakeFiles/hd36106_replacement.dir/tree/downloaded_tools/pico/pico-sdk/src/rp2_common/pico_stdio/stdio.c.obj
 .text.stdio_put_string
                0x0000000020029dbc      0x100 CMakeFiles/hd36106_replacement.dir/tree/downloaded_tools/pico/pico-sdk/src/rp2_common/pico_stdio/stdio.c.obj
 .text.__wrap_putchar
                0x0000000020029ebc       0xa4 CMakeFiles/hd36106_replacement.dir/tree/downloaded_tools/pico/pico-sdk/src/rp2_common/pico_stdio/stdio.c.obj
                0x0000000020029ebc                __wrap_putchar
 .text.__wrap_puts
                0x0000000020029f60       0x3c CMakeFiles/hd36106_replacement.dir/tree/downloaded_tools/pico/pico-sdk/src/rp2_common/pico_stdio/stdio.c.obj
                0x0000000020029f60                __wrap_puts
 .text.stdio_set_driver_enabled
                0x0000000020029f9c       0x30 CMakeFiles/hd36106_replacement.dir/tree/downloaded_tools/pico/pico-sdk/src/rp2_common/pico_stdio/stdio.c.obj
                0x0000000020029f9c                stdio_set_driver_enabled
 .text.stdio_flush
                0x0000000020029fcc       0x28 CMakeFiles/hd36106_replacement.dir/tree/downloaded_tools/pico/pico-sdk/src/rp2_common/pico_stdio/stdio.c.obj
                0x0000000020029fcc                stdio_flush
 .text.__wrap_vprintf
                0x0000000020029ff4       0xd8 CMakeFiles/hd36106_replacement.dir/tree/downloaded_tools/pico/pico-sdk/src/rp2_common/pico_stdio/stdio.c.obj
                0x0000000020029ff4                __wrap_vprintf
 .text.__wrap_printf
                0x000000002002a0cc       0x18 CMakeFiles/hd36106_replacement.dir/tree/downloaded_tools/pico/pico-sdk/src/rp2_common/pico_stdio/stdio.c.obj
                0x000000002002a0cc                __wrap_printf
 .text.stdio_init_all
                0x000000002002a0e4        0xc CMakeFiles/hd36106_replacement.dir/tree/downloaded_tools/pico/pico-sdk/src/rp2_common/pico_stdio/stdio.c.obj
                0x000000002002a0e4                stdio_init_all
 .text.getchar_timeout_us
                0x000000002002a0f0       0xa4 CMakeFiles/hd36106_replacement.dir/tree/downloaded_tools/pico/pico-sdk/src/rp2_common/pico_stdio/stdio.c.obj
                0x000000002002a0f0                getchar_timeout_us
 .text.stdio_uart_out_chars
                0x000000002002a194       0x4c CMakeFiles/hd36106_replacement.dir/tree/downloaded_tools/pico/pico-sdk/src/rp2_common/pico_stdio_uart/stdio_uart.c.obj
 .text.stdio_uart_in_chars
                0x000000002002a1e0       0x38 CMakeFiles/hd36106_replacement.dir/tree/downloaded_tools/pico/pico-sdk/src/rp2_common/pico_stdio_uart/stdio_uart.c.obj
                0x000000002002a1e0                stdio_uart_in_chars
 .text.stdio_uart_init
                0x000000002002a218       0x48 CMakeFiles/hd36106_replacement.dir/tree/downloaded_tools/pico/pico-sdk/src/rp2_common/pico_stdio_uart/stdio_uart.c.obj
                0x000000002002a218                stdio_uart_init
 .text.resetd_init
                0x000000002002a260        0x4 CMakeFiles/hd36106_replacement.dir/tree/downloaded_tools/pico/pico-sdk/src/rp2_common/pico_stdio_usb/reset_interface.c.obj
 .text.resetd_reset
                0x000000002002a264        0xc CMakeFiles/hd36106_replacement.dir/tree/downloaded_tools/pico/pico-sdk/src/rp2_common/pico_stdio_usb/reset_interface.c.obj
 .text.resetd_open
                0x000000002002a270       0x28 CMakeFiles/hd36106_replacement.dir/tree/downloaded_tools/pico/pico-sdk/src/rp2_common/pico_stdio_usb/reset_interface.c.obj
 .text.resetd_xfer_cb
                0x000000002002a298        0x4 CMakeFiles/hd36106_replacement.dir/tree/downloaded_tools/pico/pico-sdk/src/rp2_common/pico_stdio_usb/reset_interface.c.obj
 .text.resetd_control_xfer_cb
                0x000000002002a29c       0x64 CMakeFiles/hd36106_replacement.dir/tree/downloaded_tools/pico/pico-sdk/src/rp2_common/pico_stdio_usb/reset_interface.c.obj
 .text.usbd_app_driver_get_cb
                0x000000002002a300        0xc CMakeFiles/hd36106_replacement.dir/tree/downloaded_tools/pico/pico-sdk/src/rp2_common/pico_stdio_usb/reset_interface.c.obj
                0x000000002002a300                usbd_app_driver_get_cb
 .text.tud_cdc_line_coding_cb
                0x000000002002a30c       0x34 CMakeFiles/hd36106_replacement.dir/tree/downloaded_tools/pico/pico-sdk/src/rp2_common/pico_stdio_usb/reset_interface.c.obj
                0x000000002002a30c                tud_cdc_line_coding_cb
 .text.stdio_usb_in_chars
                0x000000002002a340       0x68 CMakeFiles/hd36106_replacement.dir/tree/downloaded_tools/pico/pico-sdk/src/rp2_common/pico_stdio_usb/stdio_usb.c.obj
                0x000000002002a340                stdio_usb_in_chars
 .text.stdio_usb_out_chars
                0x000000002002a3a8       0xec CMakeFiles/hd36106_replacement.dir/tree/downloaded_tools/pico/pico-sdk/src/rp2_common/pico_stdio_usb/stdio_usb.c.obj
 .text.timer_task
                0x000000002002a494       0x18 CMakeFiles/hd36106_replacement.dir/tree/downloaded_tools/pico/pico-sdk/src/rp2_common/pico_stdio_usb/stdio_usb.c.obj
 .text.usb_irq  0x000000002002a4ac       0x10 CMakeFiles/hd36106_replacement.dir/tree/downloaded_tools/pico/pico-sdk/src/rp2_common/pico_stdio_usb/stdio_usb.c.obj
 .text.low_priority_worker_irq
                0x000000002002a4bc       0x24 CMakeFiles/hd36106_replacement.dir/tree/downloaded_tools/pico/pico-sdk/src/rp2_common/pico_stdio_usb/stdio_usb.c.obj
 .text.stdio_usb_init
                0x000000002002a4e0       0xb0 CMakeFiles/hd36106_replacement.dir/tree/downloaded_tools/pico/pico-sdk/src/rp2_common/pico_stdio_usb/stdio_usb.c.obj
                0x000000002002a4e0                stdio_usb_init
 .text.tud_descriptor_device_cb
                0x000000002002a590        0x8 CMakeFiles/hd36106_replacement.dir/tree/downloaded_tools/pico/pico-sdk/src/rp2_common/pico_stdio_usb/stdio_usb_descriptors.c.obj
                0x000000002002a590                tud_descriptor_device_cb
 .text.tud_descriptor_configuration_cb
                0x000000002002a598        0x8 CMakeFiles/hd36106_replacement.dir/tree/downloaded_tools/pico/pico-sdk/src/rp2_common/pico_stdio_usb/stdio_usb_descriptors.c.obj
                0x000000002002a598                tud_descriptor_configuration_cb
 .text.tud_descriptor_string_cb
                0x000000002002a5a0       0x70 CMakeFiles/hd36106_replacement.dir/tree/downloaded_tools/pico/pico-sdk/src/rp2_common/pico_stdio_usb/stdio_usb_descriptors.c.obj
                0x000000002002a5a0                tud_descriptor_string_cb
 .text.dcd_rp2040_irq
                0x000000002002a610      0x21c CMakeFiles/hd36106_replacement.dir/tree/downloaded_tools/pico/pico-sdk/lib/tinyusb/src/portable/raspberrypi/rp2040/dcd_rp2040.c.obj
 .text.dcd_int_enable
                0x000000002002a82c        0xc CMakeFiles/hd36106_replacement.dir/tree/downloaded_tools/pico/pico-sdk/lib/tinyusb/src/portable/raspberrypi/rp2040/dcd_rp2040.c.obj
                0x000000002002a82c                dcd_int_enable
 .text.dcd_set_address
                0x000000002002a838       0x14 CMakeFiles/hd36106_replacement.dir/tree/downloaded_tools/pico/pico-sdk/lib/tinyusb/src/portable/raspberrypi/rp2040/dcd_rp2040.c.obj
                0x000000002002a838                dcd_set_address
 .text.dcd_connect
                0x000000002002a84c       0x10 CMakeFiles/hd36106_replacement.dir/tree/downloaded_tools/pico/pico-sdk/lib/tinyusb/src/portable/raspberrypi/rp2040/dcd_rp2040.c.obj
                0x000000002002a84c                dcd_connect
 .text.dcd_init
                0x000000002002a85c      0x148 CMakeFiles/hd36106_replacement.dir/tree/downloaded_tools/pico/pico-sdk/lib/tinyusb/src/portable/raspberrypi/rp2040/dcd_rp2040.c.obj
                0x000000002002a85c                dcd_init
 .text.dcd_edpt0_status_complete
                0x000000002002a9a4       0x1c CMakeFiles/hd36106_replacement.dir/tree/downloaded_tools/pico/pico-sdk/lib/tinyusb/src/portable/raspberrypi/rp2040/dcd_rp2040.c.obj
                0x000000002002a9a4                dcd_edpt0_status_complete
 .text.dcd_edpt_open
                0x000000002002a9c0       0xf0 CMakeFiles/hd36106_replacement.dir/tree/downloaded_tools/pico/pico-sdk/lib/tinyusb/src/portable/raspberrypi/rp2040/dcd_rp2040.c.obj
                0x000000002002a9c0                dcd_edpt_open
 .text.dcd_edpt_close_all
                0x000000002002aab0       0xbc CMakeFiles/hd36106_replacement.dir/tree/downloaded_tools/pico/pico-sdk/lib/tinyusb/src/portable/raspberrypi/rp2040/dcd_rp2040.c.obj
                0x000000002002aab0                dcd_edpt_close_all
 .text.dcd_edpt_xfer
                0x000000002002ab6c       0x24 CMakeFiles/hd36106_replacement.dir/tree/downloaded_tools/pico/pico-sdk/lib/tinyusb/src/portable/raspberrypi/rp2040/dcd_rp2040.c.obj
                0x000000002002ab6c                dcd_edpt_xfer
 .text.dcd_edpt_stall
                0x000000002002ab90       0x38 CMakeFiles/hd36106_replacement.dir/tree/downloaded_tools/pico/pico-sdk/lib/tinyusb/src/portable/raspberrypi/rp2040/dcd_rp2040.c.obj
                0x000000002002ab90                dcd_edpt_stall
 .text.dcd_edpt_clear_stall
                0x000000002002abc8       0x30 CMakeFiles/hd36106_replacement.dir/tree/downloaded_tools/pico/pico-sdk/lib/tinyusb/src/portable/raspberrypi/rp2040/dcd_rp2040.c.obj
                0x000000002002abc8                dcd_edpt_clear_stall
 .text._hw_endpoint_buffer_control_update32.part.0
                0x000000002002abf8       0x20 CMakeFiles/hd36106_replacement.dir/tree/downloaded_tools/pico/pico-sdk/lib/tinyusb/src/portable/raspberrypi/rp2040/rp2040_usb.c.obj
 .text.rp2040_usb_init
                0x000000002002ac18       0x4c CMakeFiles/hd36106_replacement.dir/tree/downloaded_tools/pico/pico-sdk/lib/tinyusb/src/portable/raspberrypi/rp2040/rp2040_usb.c.obj
                0x000000002002ac18                rp2040_usb_init
 .text.hw_endpoint_reset_transfer
                0x000000002002ac64        0xc CMakeFiles/hd36106_replacement.dir/tree/downloaded_tools/pico/pico-sdk/lib/tinyusb/src/portable/raspberrypi/rp2040/rp2040_usb.c.obj
                0x000000002002ac64                hw_endpoint_reset_transfer
 .text._hw_endpoint_buffer_control_update32
                0x000000002002ac70       0x40 CMakeFiles/hd36106_replacement.dir/tree/downloaded_tools/pico/pico-sdk/lib/tinyusb/src/portable/raspberrypi/rp2040/rp2040_usb.c.obj
                0x000000002002ac70                _hw_endpoint_buffer_control_update32
 .text.hw_endpoint_xfer_start
                0x000000002002acb0      0x138 CMakeFiles/hd36106_replacement.dir/tree/downloaded_tools/pico/pico-sdk/lib/tinyusb/src/portable/raspberrypi/rp2040/rp2040_usb.c.obj
                0x000000002002acb0                hw_endpoint_xfer_start
 .text.hw_endpoint_xfer_continue
                0x000000002002ade8      0x1e4 CMakeFiles/hd36106_replacement.dir/tree/downloaded_tools/pico/pico-sdk/lib/tinyusb/src/portable/raspberrypi/rp2040/rp2040_usb.c.obj
                0x000000002002ade8                hw_endpoint_xfer_continue
 .text.tud_mounted
                0x000000002002afcc       0x10 CMakeFiles/hd36106_replacement.dir/tree/downloaded_tools/pico/pico-sdk/lib/tinyusb/src/device/usbd.c.obj
                0x000000002002afcc                tud_mounted
 .text.tud_suspended
                0x000000002002afdc       0x10 CMakeFiles/hd36106_replacement.dir/tree/downloaded_tools/pico/pico-sdk/lib/tinyusb/src/device/usbd.c.obj
                0x000000002002afdc                tud_suspended
 .text.tud_inited
                0x000000002002afec        0xc CMakeFiles/hd36106_replacement.dir/tree/downloaded_tools/pico/pico-sdk/lib/tinyusb/src/device/usbd.c.obj
                0x000000002002afec                tud_inited
 .text.tud_init
                0x000000002002aff8       0xd8 CMakeFiles/hd36106_replacement.dir/tree/downloaded_tools/pico/pico-sdk/lib/tinyusb/src/device/usbd.c.obj
                0x000000002002aff8                tud_init
 .text.tud_task
                0x000000002002b0d0      0x8ec CMakeFiles/hd36106_replacement.dir/tree/downloaded_tools/pico/pico-sdk/lib/tinyusb/src/device/usbd.c.obj
                0x000000002002b0d0                tud_task
 .text.dcd_event_bus_signal
                0x000000002002b9bc      0x120 CMakeFiles/hd36106_replacement.dir/tree/downloaded_tools/pico/pico-sdk/lib/tinyusb/src/device/usbd.c.obj
                0x000000002002b9bc                dcd_event_bus_signal
 .text.dcd_event_bus_reset
                0x000000002002badc       0x54 CMakeFiles/hd36106_replacement.dir/tree/downloaded_tools/pico/pico-sdk/lib/tinyusb/src/device/usbd.c.obj
                0x000000002002badc                dcd_event_bus_reset
 .text.dcd_event_setup_received
                0x000000002002bb30       0x50 CMakeFiles/hd36106_replacement.dir/tree/downloaded_tools/pico/pico-sdk/lib/tinyusb/src/device/usbd.c.obj
                0x000000002002bb30                dcd_event_setup_received
 .text.dcd_event_xfer_complete
                0x000000002002bb80       0x68 CMakeFiles/hd36106_replacement.dir/tree/downloaded_tools/pico/pico-sdk/lib/tinyusb/src/device/usbd.c.obj
                0x000000002002bb80                dcd_event_xfer_complete
 .text.usbd_open_edpt_pair
                0x000000002002bbe8       0x80 CMakeFiles/hd36106_replacement.dir/tree/downloaded_tools/pico/pico-sdk/lib/tinyusb/src/device/usbd.c.obj
                0x000000002002bbe8                usbd_open_edpt_pair
 .text.usbd_edpt_open
                0x000000002002bc68       0x30 CMakeFiles/hd36106_replacement.dir/tree/downloaded_tools/pico/pico-sdk/lib/tinyusb/src/device/usbd.c.obj
                0x000000002002bc68                usbd_edpt_open
 .text.usbd_edpt_claim
                0x000000002002bc98       0x64 CMakeFiles/hd36106_replacement.dir/tree/downloaded_tools/pico/pico-sdk/lib/tinyusb/src/device/usbd.c.obj
                0x000000002002bc98                usbd_edpt_claim
 .text.usbd_edpt_release
                0x000000002002bcfc       0x4c CMakeFiles/hd36106_replacement.dir/tree/downloaded_tools/pico/pico-sdk/lib/tinyusb/src/device/usbd.c.obj
                0x000000002002bcfc                usbd_edpt_release
 .text.usbd_edpt_xfer
                0x000000002002bd48       0x48 CMakeFiles/hd36106_replacement.dir/tree/downloaded_tools/pico/pico-sdk/lib/tinyusb/src/device/usbd.c.obj
                0x000000002002bd48                usbd_edpt_xfer
 .text.tud_control_status
                0x000000002002bd90       0x30 CMakeFiles/hd36106_replacement.dir/tree/downloaded_tools/pico/pico-sdk/lib/tinyusb/src/device/usbd_control.c.obj
                0x000000002002bd90                tud_control_status
 .text.tud_control_xfer
                0x000000002002bdc0       0xb8 CMakeFiles/hd36106_replacement.dir/tree/downloaded_tools/pico/pico-sdk/lib/tinyusb/src/device/usbd_control.c.obj
                0x000000002002bdc0                tud_control_xfer
 .text.usbd_control_reset
                0x000000002002be78       0x14 CMakeFiles/hd36106_replacement.dir/tree/downloaded_tools/pico/pico-sdk/lib/tinyusb/src/device/usbd_control.c.obj
                0x000000002002be78                usbd_control_reset
 .text.usbd_control_set_complete_callback
                0x000000002002be8c        0xc CMakeFiles/hd36106_replacement.dir/tree/downloaded_tools/pico/pico-sdk/lib/tinyusb/src/device/usbd_control.c.obj
                0x000000002002be8c                usbd_control_set_complete_callback
 .text.usbd_control_set_request
                0x000000002002be98       0x1c CMakeFiles/hd36106_replacement.dir/tree/downloaded_tools/pico/pico-sdk/lib/tinyusb/src/device/usbd_control.c.obj
                0x000000002002be98                usbd_control_set_request
 .text.usbd_control_xfer_cb
                0x000000002002beb4       0xf8 CMakeFiles/hd36106_replacement.dir/tree/downloaded_tools/pico/pico-sdk/lib/tinyusb/src/device/usbd_control.c.obj
                0x000000002002beb4                usbd_control_xfer_cb
 .text.tud_cdc_n_connected
                0x000000002002bfac       0x30 CMakeFiles/hd36106_replacement.dir/tree/downloaded_tools/pico/pico-sdk/lib/tinyusb/src/class/cdc/cdc_device.c.obj
                0x000000002002bfac                tud_cdc_n_connected
 .text.tud_cdc_n_available
                0x000000002002bfdc       0x18 CMakeFiles/hd36106_replacement.dir/tree/downloaded_tools/pico/pico-sdk/lib/tinyusb/src/class/cdc/cdc_device.c.obj
                0x000000002002bfdc                tud_cdc_n_available
 .text.tud_cdc_n_read
                0x000000002002bff4       0x70 CMakeFiles/hd36106_replacement.dir/tree/downloaded_tools/pico/pico-sdk/lib/tinyusb/src/class/cdc/cdc_device.c.obj
                0x000000002002bff4                tud_cdc_n_read
 .text.tud_cdc_n_write_flush
                0x000000002002c064       0x78 CMakeFiles/hd36106_replacement.dir/tree/downloaded_tools/pico/pico-sdk/lib/tinyusb/src/class/cdc/cdc_device.c.obj
                0x000000002002c064                tud_cdc_n_write_flush
 .text.tud_cdc_n_write
                0x000000002002c0dc       0x34 CMakeFiles/hd36106_replacement.dir/tree/downloaded_tools/pico/pico-sdk/lib/tinyusb/src/class/cdc/cdc_device.c.obj
                0x000000002002c0dc                tud_cdc_n_write
 .text.tud_cdc_n_write_available
                0x000000002002c110       0x18 CMakeFiles/hd36106_replacement.dir/tree/downloaded_tools/pico/pico-sdk/lib/tinyusb/src/class/cdc/cdc_device.c.obj
                0x000000002002c110                tud_cdc_n_write_available
 .text.cdcd_init
                0x000000002002c128       0x7c CMakeFiles/hd36106_replacement.dir/tree/downloaded_tools/pico/pico-sdk/lib/tinyusb/src/class/cdc/cdc_device.c.obj
                0x000000002002c128                cdcd_init
 .text.cdcd_reset
                0x000000002002c1a4       0x2c CMakeFiles/hd36106_replacement.dir/tree/downloaded_tools/pico/pico-sdk/lib/tinyusb/src/class/cdc/cdc_device.c.obj
                0x000000002002c1a4                cdcd_reset
 .text.cdcd_open
                0x000000002002c1d0       0xe4 CMakeFiles/hd36106_replacement.dir/tree/downloaded_tools/pico/pico-sdk/lib/tinyusb/src/class/cdc/cdc_device.c.obj
                0x000000002002c1d0                cdcd_open
 .text.cdcd_control_xfer_cb
                0x000000002002c2b4       0xe4 CMakeFiles/hd36106_replacement.dir/tree/downloaded_tools/pico/pico-sdk/lib/tinyusb/src/class/cdc/cdc_device.c.obj
                0x000000002002c2b4                cdcd_control_xfer_cb
 .text.cdcd_xfer_cb
                0x000000002002c398      0x198 CMakeFiles/hd36106_replacement.dir/tree/downloaded_tools/pico/pico-sdk/lib/tinyusb/src/class/cdc/cdc_device.c.obj
                0x000000002002c398                cdcd_xfer_cb
 .text.tusb_init
                0x000000002002c530        0xc CMakeFiles/hd36106_replacement.dir/tree/downloaded_tools/pico/pico-sdk/lib/tinyusb/src/tusb.c.obj
                0x000000002002c530                tusb_init
 .text.tusb_inited
                0x000000002002c53c        0x8 CMakeFiles/hd36106_replacement.dir/tree/downloaded_tools/pico/pico-sdk/lib/tinyusb/src/tusb.c.obj
                0x000000002002c53c                tusb_inited
 .text.tu_edpt_validate
                0x000000002002c544       0x78 CMakeFiles/hd36106_replacement.dir/tree/downloaded_tools/pico/pico-sdk/lib/tinyusb/src/tusb.c.obj
                0x000000002002c544                tu_edpt_validate
 .text.tu_edpt_bind_driver
                0x000000002002c5bc       0x2c CMakeFiles/hd36106_replacement.dir/tree/downloaded_tools/pico/pico-sdk/lib/tinyusb/src/tusb.c.obj
                0x000000002002c5bc                tu_edpt_bind_driver
 .text.tu_fifo_config
                0x000000002002c5e8       0x78 CMakeFiles/hd36106_replacement.dir/tree/downloaded_tools/pico/pico-sdk/lib/tinyusb/src/common/tusb_fifo.c.obj
                0x000000002002c5e8                tu_fifo_config
 .text.tu_fifo_count
                0x000000002002c660       0x20 CMakeFiles/hd36106_replacement.dir/tree/downloaded_tools/pico/pico-sdk/lib/tinyusb/src/common/tusb_fifo.c.obj
                0x000000002002c660                tu_fifo_count
 .text.tu_fifo_empty
                0x000000002002c680       0x10 CMakeFiles/hd36106_replacement.dir/tree/downloaded_tools/pico/pico-sdk/lib/tinyusb/src/common/tusb_fifo.c.obj
                0x000000002002c680                tu_fifo_empty
 .text.tu_fifo_remaining
                0x000000002002c690       0x1c CMakeFiles/hd36106_replacement.dir/tree/downloaded_tools/pico/pico-sdk/lib/tinyusb/src/common/tusb_fifo.c.obj
                0x000000002002c690                tu_fifo_remaining
 .text.tu_fifo_read
                0x000000002002c6ac       0x9c CMakeFiles/hd36106_replacement.dir/tree/downloaded_tools/pico/pico-sdk/lib/tinyusb/src/common/tusb_fifo.c.obj
                0x000000002002c6ac                tu_fifo_read
 .text.tu_fifo_read_n
                0x000000002002c748      0x100 CMakeFiles/hd36106_replacement.dir/tree/downloaded_tools/pico/pico-sdk/lib/tinyusb/src/common/tusb_fifo.c.obj
                0x000000002002c748                tu_fifo_read_n
 .text.tu_fifo_write
                0x000000002002c848       0x7c CMakeFiles/hd36106_replacement.dir/tree/downloaded_tools/pico/pico-sdk/lib/tinyusb/src/common/tusb_fifo.c.obj
                0x000000002002c848                tu_fifo_write
 .text.tu_fifo_write_n
                0x000000002002c8c4       0xf8 CMakeFiles/hd36106_replacement.dir/tree/downloaded_tools/pico/pico-sdk/lib/tinyusb/src/common/tusb_fifo.c.obj
                0x000000002002c8c4                tu_fifo_write_n
 .text.tu_fifo_clear
                0x000000002002c9bc       0x4c CMakeFiles/hd36106_replacement.dir/tree/downloaded_tools/pico/pico-sdk/lib/tinyusb/src/common/tusb_fifo.c.obj
                0x000000002002c9bc                tu_fifo_clear
 .text.tu_fifo_set_overwritable
                0x000000002002ca08       0x3c CMakeFiles/hd36106_replacement.dir/tree/downloaded_tools/pico/pico-sdk/lib/tinyusb/src/common/tusb_fifo.c.obj
                0x000000002002ca08                tu_fifo_set_overwritable
 .text.startup._retrieve_unique_id_on_boot
                0x000000002002ca44       0x10 CMakeFiles/hd36106_replacement.dir/tree/downloaded_tools/pico/pico-sdk/src/rp2_common/pico_unique_id/unique_id.c.obj
 .text.pico_get_unique_board_id_string
                0x000000002002ca54      0x1bc CMakeFiles/hd36106_replacement.dir/tree/downloaded_tools/pico/pico-sdk/src/rp2_common/pico_unique_id/unique_id.c.obj
                0x000000002002ca54                pico_get_unique_board_id_string
 .text.flash_get_unique_id
                0x000000002002cc10       0x40 CMakeFiles/hd36106_replacement.dir/tree/downloaded_tools/pico/pico-sdk/src/rp2_common/hardware_flash/flash.c.obj
                0x000000002002cc10                flash_get_unique_id
 .text.core1_trampoline
                0x000000002002cc50        0x4 CMakeFiles/hd36106_replacement.dir/tree/downloaded_tools/pico/pico-sdk/src/rp2_common/pico_multicore/multicore.c.obj
 .text.core1_wrapper
                0x000000002002cc54        0xc CMakeFiles/hd36106_replacement.dir/tree/downloaded_tools/pico/pico-sdk/src/rp2_common/pico_multicore/multicore.c.obj
                0x000000002002cc54                core1_wrapper
 .text.multicore_launch_core1_raw
                0x000000002002cc60       0x84 CMakeFiles/hd36106_replacement.dir/tree/downloaded_tools/pico/pico-sdk/src/rp2_common/pico_multicore/multicore.c.obj
                0x000000002002cc60                multicore_launch_core1_raw
 .text.multicore_launch_core1
                0x000000002002cce4       0x4c CMakeFiles/hd36106_replacement.dir/tree/downloaded_tools/pico/pico-sdk/src/rp2_common/pico_multicore/multicore.c.obj
                0x000000002002cce4                multicore_launch_core1
 .text          0x000000002002cd30       0x80 /usr/lib/gcc/arm-none-eabi/9.2.1/../../../arm-none-eabi/lib/thumb/v6-m/nofp/libm.a(lib_a-s_modf.o)
                0x000000002002cd30                modf
 .text          0x000000002002cdb0        0x4 /usr/lib/gcc/arm-none-eabi/9.2.1/thumb/v6-m/nofp/libgcc.a(_dvmd_tls.o)
                0x000000002002cdb0                __aeabi_ldiv0
                0x000000002002cdb0                __aeabi_idiv0
 .text          0x000000002002cdb4       0x18 /usr/lib/gcc/arm-none-eabi/9.2.1/thumb/v6-m/nofp/libgcc.a(_lshrdi3.o)
                0x000000002002cdb4                __aeabi_llsr
                0x000000002002cdb4                __lshrdi3
 .text          0x000000002002cdcc       0x18 /usr/lib/gcc/arm-none-eabi/9.2.1/thumb/v6-m/nofp/libgcc.a(_ashldi3.o)
                0x000000002002cdcc                __ashldi3
                0x000000002002cdcc                __aeabi_llsl
 .text          0x000000002002cde4       0x50 /usr/lib/gcc/arm-none-eabi/9.2.1/../../../arm-none-eabi/lib/thumb/v6-m/nofp/libc.a(lib_a-strcat.o)
                0x000000002002cde4                strcat
 .text          0x000000002002ce34       0x10 /usr/lib/gcc/arm-none-eabi/9.2.1/../../../arm-none-eabi/lib/thumb/v6-m/nofp/libc.a(lib_a-strcpy.o)
                0x000000002002ce34                strcpy
 .text          0x000000002002ce44       0x68 /usr/lib/gcc/arm-none-eabi/9.2.1/../../../arm-none-eabi/lib/thumb/v6-m/nofp/libc.a(lib_a-strlen-stub.o)
                0x000000002002ce44                strlen
 *(.fini)
 .fini          0x000000002002ceac        0x4 /usr/lib/gcc/arm-none-eabi/9.2.1/thumb/v6-m/nofp/crti.o
                0x000000002002ceac                _fini
 .fini.__stub   0x000000002002ceb0       0x10 linker stubs
 *crtbegin.o(.ctors)
 *crtbegin?.o(.ctors)
 *(EXCLUDE_FILE(*crtend.o *crtend?.o) .ctors)
 *(SORT_BY_NAME(.ctors.*))
 *(.ctors)
 *crtbegin.o(.dtors)
 *crtbegin?.o(.dtors)
 *(EXCLUDE_FILE(*crtend.o *crtend?.o) .dtors)
 *(SORT_BY_NAME(.dtors.*))
 *(.dtors)
 *(.eh_frame*)
 .eh_frame      0x000000002002cec0        0x0 /usr/lib/gcc/arm-none-eabi/9.2.1/thumb/v6-m/nofp/crtbegin.o
                0x000000002002cec0                . = ALIGN (0x4)
                0x000000002002cec0                __ram_text_end__ = .
                0x000000001000030c                __ram_text_source__ = LOADADDR (.text)

.glue_7         0x000000002002cec0        0x0 load address 0x000000001002d10c
 .glue_7        0x000000002002cec0        0x0 linker stubs

.glue_7t        0x000000002002cec0        0x0 load address 0x000000001002d10c
 .glue_7t       0x000000002002cec0        0x0 linker stubs

.vfp11_veneer   0x000000002002cec0        0x0 load address 0x000000001002d10c
 .vfp11_veneer  0x000000002002cec0        0x0 linker stubs

.v4_bx          0x000000002002cec0        0x0 load address 0x000000001002d10c
 .v4_bx         0x000000002002cec0        0x0 linker stubs

.iplt           0x000000002002cec0        0x0 load address 0x000000001002d10c
 .iplt          0x000000002002cec0        0x0 /usr/lib/gcc/arm-none-eabi/9.2.1/thumb/v6-m/nofp/crtbegin.o

.rel.dyn        0x000000002002cec0        0x0 load address 0x000000001002d10c
 .rel.iplt      0x000000002002cec0        0x0 /usr/lib/gcc/arm-none-eabi/9.2.1/thumb/v6-m/nofp/crtbegin.o

.data           0x000000002002cec0     0xe46c load address 0x000000001002d10c
                0x000000002002cec0                __data_start__ = .
 *(vtable)
 *(.time_critical*)
 .time_critical.mutex_enter_blocking
                0x000000002002cec0       0x48 CMakeFiles/hd36106_replacement.dir/tree/downloaded_tools/pico/pico-sdk/src/common/pico_sync/mutex.c.obj
                0x000000002002cec0                mutex_enter_blocking
 .time_critical.mutex_try_enter
                0x000000002002cf08       0x48 CMakeFiles/hd36106_replacement.dir/tree/downloaded_tools/pico/pico-sdk/src/common/pico_sync/mutex.c.obj
                0x000000002002cf08                mutex_try_enter
 .time_critical.mutex_enter_timeout_ms
                0x000000002002cf50       0x98 CMakeFiles/hd36106_replacement.dir/tree/downloaded_tools/pico/pico-sdk/src/common/pico_sync/mutex.c.obj
                0x000000002002cf50                mutex_enter_timeout_ms
 .time_critical.mutex_exit
                0x000000002002cfe8       0x28 CMakeFiles/hd36106_replacement.dir/tree/downloaded_tools/pico/pico-sdk/src/common/pico_sync/mutex.c.obj
                0x000000002002cfe8                mutex_exit
 .time_critical.flash_init_boot2_copyout
                0x000000002002d010       0x30 CMakeFiles/hd36106_replacement.dir/tree/downloaded_tools/pico/pico-sdk/src/rp2_common/hardware_flash/flash.c.obj
 .time_critical.flash_enable_xip_via_boot2
                0x000000002002d040       0x10 CMakeFiles/hd36106_replacement.dir/tree/downloaded_tools/pico/pico-sdk/src/rp2_common/hardware_flash/flash.c.obj
 .time_critical.flash_cs_force
                0x000000002002d050       0x38 CMakeFiles/hd36106_replacement.dir/tree/downloaded_tools/pico/pico-sdk/src/rp2_common/hardware_flash/flash.c.obj
 .time_critical.flash_range_erase
                0x000000002002d088       0x80 CMakeFiles/hd36106_replacement.dir/tree/downloaded_tools/pico/pico-sdk/src/rp2_common/hardware_flash/flash.c.obj
                0x000000002002d088                flash_range_erase
 .time_critical.flash_range_program
                0x000000002002d108       0x80 CMakeFiles/hd36106_replacement.dir/tree/downloaded_tools/pico/pico-sdk/src/rp2_common/hardware_flash/flash.c.obj
                0x000000002002d108                flash_range_program
 .time_critical.flash_do_cmd
                0x000000002002d188       0xc4 CMakeFiles/hd36106_replacement.dir/tree/downloaded_tools/pico/pico-sdk/src/rp2_common/hardware_flash/flash.c.obj
                0x000000002002d188                flash_do_cmd
                0x000000002002d24c                . = ALIGN (0x4)
 *(.rodata*)
 .rodata.cli_information.str1.4
                0x000000002002d24c       0x15 CMakeFiles/hd36106_replacement.dir/hd36106_replacement.c.obj
 *fill*         0x000000002002d261        0x3 
 .rodata.cli_display_trace.str1.4
                0x000000002002d264       0x19 CMakeFiles/hd36106_replacement.dir/hd36106_replacement.c.obj
 *fill*         0x000000002002d27d        0x3 
 .rodata.cli_slot_label_list.str1.4
                0x000000002002d280        0x8 CMakeFiles/hd36106_replacement.dir/hd36106_replacement.c.obj
 .rodata.serial_help.str1.4
                0x000000002002d288       0x28 CMakeFiles/hd36106_replacement.dir/hd36106_replacement.c.obj
 .rodata.cli_bcd_test.str1.4
                0x000000002002d2b0        0x8 CMakeFiles/hd36106_replacement.dir/hd36106_replacement.c.obj
 .rodata.cli_text_param.str1.4
                0x000000002002d2b8       0x24 CMakeFiles/hd36106_replacement.dir/hd36106_replacement.c.obj
 .rodata.print_gpio_functions.str1.4
                0x000000002002d2dc        0xa CMakeFiles/hd36106_replacement.dir/hd36106_replacement.c.obj
 *fill*         0x000000002002d2e6        0x2 
 .rodata.cli_write_byte.str1.4
                0x000000002002d2e8       0x17 CMakeFiles/hd36106_replacement.dir/hd36106_replacement.c.obj
 *fill*         0x000000002002d2ff        0x1 
 .rodata.cli_erase_program_slot.str1.4
                0x000000002002d300       0x23 CMakeFiles/hd36106_replacement.dir/hd36106_replacement.c.obj
 *fill*         0x000000002002d323        0x1 
 .rodata.cli_slot_program_list.str1.4
                0x000000002002d324      0x111 CMakeFiles/hd36106_replacement.dir/hd36106_replacement.c.obj
 *fill*         0x000000002002d435        0x3 
 .rodata.cli_slot_program_list
                0x000000002002d438      0x3e8 CMakeFiles/hd36106_replacement.dir/hd36106_replacement.c.obj
 .rodata.cli_load_ram.str1.4
                0x000000002002d820       0x4e CMakeFiles/hd36106_replacement.dir/hd36106_replacement.c.obj
 *fill*         0x000000002002d86e        0x2 
 .rodata.cli_clear_ram.str1.4
                0x000000002002d870       0x26 CMakeFiles/hd36106_replacement.dir/hd36106_replacement.c.obj
 *fill*         0x000000002002d896        0x2 
 .rodata.cli_clear_ram_mp.str1.4
                0x000000002002d898       0x1c CMakeFiles/hd36106_replacement.dir/hd36106_replacement.c.obj
 .rodata.cli_save_ram.str1.4
                0x000000002002d8b4       0x52 CMakeFiles/hd36106_replacement.dir/hd36106_replacement.c.obj
 *fill*         0x000000002002d906        0x2 
 .rodata.mem_to_str.str1.4
                0x000000002002d908       0x24 CMakeFiles/hd36106_replacement.dir/hd36106_replacement.c.obj
 .rodata.display_ram_at.str1.4
                0x000000002002d92c       0x32 CMakeFiles/hd36106_replacement.dir/hd36106_replacement.c.obj
 *fill*         0x000000002002d95e        0x2 
 .rodata.display_ram
                0x000000002002d960      0x3e8 CMakeFiles/hd36106_replacement.dir/hd36106_replacement.c.obj
 .rodata.cli_display_program_slot.str1.4
                0x000000002002dd48        0xa CMakeFiles/hd36106_replacement.dir/hd36106_replacement.c.obj
                                          0xe (size before relaxing)
 *fill*         0x000000002002dd52        0x2 
 .rodata.cli_display_program_slot
                0x000000002002dd54      0x3e8 CMakeFiles/hd36106_replacement.dir/hd36106_replacement.c.obj
 .rodata.prompt.str1.4
                0x000000002002e13c       0x4a CMakeFiles/hd36106_replacement.dir/hd36106_replacement.c.obj
 *fill*         0x000000002002e186        0x2 
 .rodata.serial_loop.str1.4
                0x000000002002e188        0x3 CMakeFiles/hd36106_replacement.dir/hd36106_replacement.c.obj
 *fill*         0x000000002002e18b        0x1 
 .rodata.cmd_catalog.str1.4
                0x000000002002e18c       0x11 CMakeFiles/hd36106_replacement.dir/hd36106_replacement.c.obj
 *fill*         0x000000002002e19d        0x3 
 .rodata.process_commands.str1.4
                0x000000002002e1a0       0x1f CMakeFiles/hd36106_replacement.dir/hd36106_replacement.c.obj
 *fill*         0x000000002002e1bf        0x1 
 .rodata.process_commands
                0x000000002002e1c0       0xdc CMakeFiles/hd36106_replacement.dir/hd36106_replacement.c.obj
 .rodata.main.str1.4
                0x000000002002e29c       0x69 CMakeFiles/hd36106_replacement.dir/hd36106_replacement.c.obj
 *fill*         0x000000002002e305        0x3 
 .rodata.str1.4
                0x000000002002e308      0x245 CMakeFiles/hd36106_replacement.dir/hd36106_replacement.c.obj
 *fill*         0x000000002002e54d        0x3 
 .rodata.process_fx201p_execution
                0x000000002002e550       0xd8 CMakeFiles/hd36106_replacement.dir/fx201p_execution.c.obj
 .rodata.__bid_convert_table
                0x000000002002e628     0x1400 CMakeFiles/hd36106_replacement.dir/bid/bid_convert_data.c.obj
                0x000000002002e628                __bid_convert_table
 .rodata.__bid_factors
                0x000000002002fa28      0x800 CMakeFiles/hd36106_replacement.dir/bid/bid_convert_data.c.obj
                0x000000002002fa28                __bid_factors
 .rodata.__bid_packed_10000_zeros
                0x0000000020030228      0x4e2 CMakeFiles/hd36106_replacement.dir/bid/bid_convert_data.c.obj
                0x0000000020030228                __bid_packed_10000_zeros
 *fill*         0x000000002003070a        0x2 
 .rodata.__bid_midi_tbl
                0x000000002003070c      0xbb8 CMakeFiles/hd36106_replacement.dir/bid/bid128_2_str_tables.c.obj
                0x000000002003070c                __bid_midi_tbl
 *fill*         0x00000000200312c4        0x4 
 .rodata.__bid_mod10_18_tbl
                0x00000000200312c8     0x2400 CMakeFiles/hd36106_replacement.dir/bid/bid128_2_str_tables.c.obj
                0x00000000200312c8                __bid_mod10_18_tbl
 *fill*         0x00000000200336c8        0x8 
 .rodata.BID128_10POWN6000
                0x00000000200336d0       0x10 CMakeFiles/hd36106_replacement.dir/bid/bid128_exp.c.obj
 .rodata.BID128_15000
                0x00000000200336e0       0x10 CMakeFiles/hd36106_replacement.dir/bid/bid128_exp.c.obj
 .rodata.BID128_EXP_11000
                0x00000000200336f0       0x10 CMakeFiles/hd36106_replacement.dir/bid/bid128_exp.c.obj
 .rodata.BID128_EXP_M11000
                0x0000000020033700       0x10 CMakeFiles/hd36106_replacement.dir/bid/bid128_exp.c.obj
 .rodata.BID128_N15000
                0x0000000020033710       0x10 CMakeFiles/hd36106_replacement.dir/bid/bid128_exp.c.obj
 .rodata.c_11000
                0x0000000020033720       0x10 CMakeFiles/hd36106_replacement.dir/bid/bid128_exp.c.obj
 .rodata.c_neg_11000
                0x0000000020033730       0x10 CMakeFiles/hd36106_replacement.dir/bid/bid128_exp.c.obj
 .rodata        0x0000000020033740       0x10 CMakeFiles/hd36106_replacement.dir/bid/bid128_fma.c.obj
 .rodata.BID128_1
                0x0000000020033750       0x10 CMakeFiles/hd36106_replacement.dir/bid/bid128_pow.c.obj
 .rodata.BID128_NAN
                0x0000000020033760       0x10 CMakeFiles/hd36106_replacement.dir/bid/bid128_pow.c.obj
 .rodata.bid_coeff_2
                0x0000000020033770       0x10 CMakeFiles/hd36106_replacement.dir/bid/bid128_pow.c.obj
 .rodata.bid_coeff_3
                0x0000000020033780       0x10 CMakeFiles/hd36106_replacement.dir/bid/bid128_pow.c.obj
 .rodata.bid_coeff_4
                0x0000000020033790       0x10 CMakeFiles/hd36106_replacement.dir/bid/bid128_pow.c.obj
 .rodata.bid_log_table_1
                0x00000000200337a0     0x1000 CMakeFiles/hd36106_replacement.dir/bid/bid128_pow.c.obj
 .rodata.bid_log_table_2
                0x00000000200347a0     0x1000 CMakeFiles/hd36106_replacement.dir/bid/bid128_pow.c.obj
 .rodata.bid_recip_table_1
                0x00000000200357a0      0x400 CMakeFiles/hd36106_replacement.dir/bid/bid128_pow.c.obj
 .rodata.bid_recip_table_2
                0x0000000020035ba0      0x400 CMakeFiles/hd36106_replacement.dir/bid/bid128_pow.c.obj
 .rodata.__bid128_to_string.str1.4
                0x0000000020035fa0        0x3 CMakeFiles/hd36106_replacement.dir/bid/bid128_string.c.obj
                                          0x7 (size before relaxing)
 *fill*         0x0000000020035fa3        0x1 
 .rodata.spin_lock_claim_unused.str1.4
                0x0000000020035fa4       0x1b CMakeFiles/hd36106_replacement.dir/tree/downloaded_tools/pico/pico-sdk/src/rp2_common/hardware_sync/sync.c.obj
 *fill*         0x0000000020035fbf        0x1 
 .rodata.user_irq_claim_unused.str1.4
                0x0000000020035fc0       0x1b CMakeFiles/hd36106_replacement.dir/tree/downloaded_tools/pico/pico-sdk/src/rp2_common/hardware_irq/irq.c.obj
 *fill*         0x0000000020035fdb        0x1 
 .rodata.hardware_alarm_claim.str1.4
                0x0000000020035fdc       0x22 CMakeFiles/hd36106_replacement.dir/tree/downloaded_tools/pico/pico-sdk/src/rp2_common/hardware_timer/timer.c.obj
 *fill*         0x0000000020035ffe        0x2 
 .rodata.panic.str1.4
                0x0000000020036000       0x10 CMakeFiles/hd36106_replacement.dir/tree/downloaded_tools/pico/pico-sdk/src/rp2_common/pico_runtime/runtime.c.obj
                                         0x12 (size before relaxing)
 .rodata.hard_assertion_failure.str1.4
                0x0000000020036010        0xc CMakeFiles/hd36106_replacement.dir/tree/downloaded_tools/pico/pico-sdk/src/rp2_common/pico_runtime/runtime.c.obj
 .rodata._ftoa.str1.4