Archive member included to satisfy reference by file (symbol)

/usr/lib/gcc/arm-none-eabi/9.2.1/../../../arm-none-eabi/lib/thumb/v6-m/nofp/libstdc++.a(guard.o)
                              CMakeFiles/hd36106_replacement.dir/icd/Icd.cpp.obj (__cxa_guard_acquire)
/usr/lib/gcc/arm-none-eabi/9.2.1/../../../arm-none-eabi/lib/thumb/v6-m/nofp/libstdc++.a(guard_error.o)
                              /usr/lib/gcc/arm-none-eabi/9.2.1/../../../arm-none-eabi/lib/thumb/v6-m/nofp/libstdc++.a(guard.o) (__gnu_cxx::recursive_init_error::~recursive_init_error())
/usr/lib/gcc/arm-none-eabi/9.2.1/../../../arm-none-eabi/lib/thumb/v6-m/nofp/libstdc++.a(si_class_type_info.o)
                              /usr/lib/gcc/arm-none-eabi/9.2.1/../../../arm-none-eabi/lib/thumb/v6-m/nofp/libstdc++.a(guard_error.o) (vtable for __cxxabiv1::__si_class_type_info)
/usr/lib/gcc/arm-none-eabi/9.2.1/../../../arm-none-eabi/lib/thumb/v6-m/nofp/libstdc++.a(tinfo.o)
                              /usr/lib/gcc/arm-none-eabi/9.2.1/../../../arm-none-eabi/lib/thumb/v6-m/nofp/libstdc++.a(si_class_type_info.o) (std::type_info::__is_pointer_p() const)
/usr/lib/gcc/arm-none-eabi/9.2.1/../../../arm-none-eabi/lib/thumb/v6-m/nofp/libstdc++.a(functexcept.o)
                              CMakeFiles/hd36106_replacement.dir/icd/Icd.cpp.obj (std::__throw_logic_error(char const*))
/usr/lib/gcc/arm-none-eabi/9.2.1/../../../arm-none-eabi/lib/thumb/v6-m/nofp/libstdc++.a(snprintf_lite.o)
                              /usr/lib/gcc/arm-none-eabi/9.2.1/../../../arm-none-eabi/lib/thumb/v6-m/nofp/libstdc++.a(functexcept.o) (__gnu_cxx::__snprintf_lite(char*, unsigned int, char const*, std::__va_list))
/usr/lib/gcc/arm-none-eabi/9.2.1/../../../arm-none-eabi/lib/thumb/v6-m/nofp/libstdc++.a(string-inst.o)
                              CMakeFiles/hd36106_replacement.dir/icd/Icd.cpp.obj (std::__cxx11::basic_string<char, std::char_traits<char>, std::allocator<char> >::_M_create(unsigned int&, unsigned int))
/usr/lib/gcc/arm-none-eabi/9.2.1/../../../arm-none-eabi/lib/thumb/v6-m/nofp/libstdc++.a(bad_alloc.o)
                              /usr/lib/gcc/arm-none-eabi/9.2.1/../../../arm-none-eabi/lib/thumb/v6-m/nofp/libstdc++.a(functexcept.o) (std::bad_alloc::~bad_alloc())
/usr/lib/gcc/arm-none-eabi/9.2.1/../../../arm-none-eabi/lib/thumb/v6-m/nofp/libstdc++.a(bad_cast.o)
                              /usr/lib/gcc/arm-none-eabi/9.2.1/../../../arm-none-eabi/lib/thumb/v6-m/nofp/libstdc++.a(functexcept.o) (std::bad_cast::~bad_cast())
/usr/lib/gcc/arm-none-eabi/9.2.1/../../../arm-none-eabi/lib/thumb/v6-m/nofp/libstdc++.a(bad_typeid.o)
                              /usr/lib/gcc/arm-none-eabi/9.2.1/../../../arm-none-eabi/lib/thumb/v6-m/nofp/libstdc++.a(functexcept.o) (std::bad_typeid::~bad_typeid())
/usr/lib/gcc/arm-none-eabi/9.2.1/../../../arm-none-eabi/lib/thumb/v6-m/nofp/libstdc++.a(class_type_info.o)
                              /usr/lib/gcc/arm-none-eabi/9.2.1/../../../arm-none-eabi/lib/thumb/v6-m/nofp/libstdc++.a(si_class_type_info.o) (__cxxabiv1::__class_type_info::__do_upcast(__cxxabiv1::__class_type_info const*, void**) const)
/usr/lib/gcc/arm-none-eabi/9.2.1/../../../arm-none-eabi/lib/thumb/v6-m/nofp/libstdc++.a(eh_alloc.o)
                              /usr/lib/gcc/arm-none-eabi/9.2.1/../../../arm-none-eabi/lib/thumb/v6-m/nofp/libstdc++.a(guard.o) (__cxa_allocate_exception)
/usr/lib/gcc/arm-none-eabi/9.2.1/../../../arm-none-eabi/lib/thumb/v6-m/nofp/libstdc++.a(eh_arm.o)
                              /usr/lib/gcc/arm-none-eabi/9.2.1/../../../arm-none-eabi/lib/thumb/v6-m/nofp/libstdc++.a(functexcept.o) (__cxa_end_cleanup)
/usr/lib/gcc/arm-none-eabi/9.2.1/../../../arm-none-eabi/lib/thumb/v6-m/nofp/libstdc++.a(eh_catch.o)
                              /usr/lib/gcc/arm-none-eabi/9.2.1/../../../arm-none-eabi/lib/thumb/v6-m/nofp/libstdc++.a(string-inst.o) (__cxa_begin_catch)
/usr/lib/gcc/arm-none-eabi/9.2.1/../../../arm-none-eabi/lib/thumb/v6-m/nofp/libstdc++.a(eh_exception.o)
                              /usr/lib/gcc/arm-none-eabi/9.2.1/../../../arm-none-eabi/lib/thumb/v6-m/nofp/libstdc++.a(guard_error.o) (std::exception::~exception())
/usr/lib/gcc/arm-none-eabi/9.2.1/../../../arm-none-eabi/lib/thumb/v6-m/nofp/libstdc++.a(eh_globals.o)
                              /usr/lib/gcc/arm-none-eabi/9.2.1/../../../arm-none-eabi/lib/thumb/v6-m/nofp/libstdc++.a(eh_catch.o) (__cxa_get_globals_fast)
/usr/lib/gcc/arm-none-eabi/9.2.1/../../../arm-none-eabi/lib/thumb/v6-m/nofp/libstdc++.a(eh_personality.o)
                              /usr/lib/gcc/arm-none-eabi/9.2.1/../../../arm-none-eabi/lib/thumb/v6-m/nofp/libstdc++.a(functexcept.o) (__gxx_personality_v0)
/usr/lib/gcc/arm-none-eabi/9.2.1/../../../arm-none-eabi/lib/thumb/v6-m/nofp/libstdc++.a(eh_terminate.o)
                              /usr/lib/gcc/arm-none-eabi/9.2.1/../../../arm-none-eabi/lib/thumb/v6-m/nofp/libstdc++.a(eh_alloc.o) (std::terminate())
[...]
Memory Configuration

Name             Origin             Length             Attributes
FLASH            0x0000000010000000 0x0000000000200000 xr
RAM              0x0000000020000000 0x0000000000040000 xrw
SCRATCH_X        0x0000000020040000 0x0000000000001000 xrw
SCRATCH_Y        0x0000000020041000 0x0000000000001000 xrw
*default*        0x0000000000000000 0xffffffffffffffff

Linker script and memory map

LOAD /usr/lib/gcc/arm-none-eabi/9.2.1/thumb/v6-m/nofp/crti.o
LOAD /usr/lib/gcc/arm-none-eabi/9.2.1/thumb/v6-m/nofp/crtbegin.o
LOAD /usr/lib/gcc/arm-none-eabi/9.2.1/../../../arm-none-eabi/lib/thumb/v6-m/nofp/crt0.o

.flash_begin    0x0000000010000000        0x0
                0x0000000010000000                __flash_binary_start = .

.boot2          0x0000000010000000      0x100
                0x0000000010000000                __boot2_start__ = .
 *(.boot2)
 .boot2         0x0000000010000000      0x100 /tmp/ccN72TEo.o
                0x0000000010000100                __boot2_end__ = .
                0x0000000000000001                ASSERT (((__boot2_end__ - __boot2_start__) == 0x100), ERROR: Pico second stage bootloader must be 256 bytes in size)

.flashtext      0x0000000010000100      0x1e0
                0x0000000010000100                __logical_binary_start = .
 *(.vectors)
 .vectors       0x0000000010000100       0xd4 CMakeFiles/hd36106_replacement.dir/tree/downloaded_tools/pico/pico-sdk/src/rp2_common/pico_standard_link/crt0.S.obj
                0x0000000010000100                __vectors
                0x0000000010000100                __VECTOR_TABLE
                0x00000000100001c0                isr_invalid
                0x00000000100001c0                __default_isrs_start
                0x00000000100001c2                isr_nmi
                0x00000000100001c4                isr_hardfault
                0x00000000100001c6                isr_svcall
                0x00000000100001c8                isr_pendsv
                0x00000000100001ca                isr_systick
                0x00000000100001cc                isr_irq30
                0x00000000100001cc                __unhandled_user_irq
                0x00000000100001cc                isr_irq13
                0x00000000100001cc                isr_irq27
                0x00000000100001cc                isr_irq31
                0x00000000100001cc                isr_irq5
                0x00000000100001cc                isr_irq11
                0x00000000100001cc                isr_irq23
                0x00000000100001cc                isr_irq18
                0x00000000100001cc                isr_irq28
                0x00000000100001cc                isr_irq19
                0x00000000100001cc                isr_irq0
                0x00000000100001cc                isr_irq6
                0x00000000100001cc                isr_irq22
                0x00000000100001cc                isr_irq17
                0x00000000100001cc                isr_irq14
                0x00000000100001cc                isr_irq2
                0x00000000100001cc                isr_irq10
                0x00000000100001cc                isr_irq8
                0x00000000100001cc                isr_irq24
                0x00000000100001cc                isr_irq1
                0x00000000100001cc                isr_irq7
                0x00000000100001cc                isr_irq21
                0x00000000100001cc                isr_irq20
                0x00000000100001cc                isr_irq15
                0x00000000100001cc                isr_irq25
                0x00000000100001cc                isr_irq4
                0x00000000100001cc                isr_irq16
                0x00000000100001cc                isr_irq29
                0x00000000100001cc                isr_irq26
                0x00000000100001cc                __default_isrs_end
                0x00000000100001cc                isr_irq3
                0x00000000100001cc                isr_irq12
                0x00000000100001cc                isr_irq9
                0x00000000100001d2                unhandled_user_irq_num_in_r0
 *(.binary_info_header)
 .binary_info_header
                0x00000000100001d4       0x14 CMakeFiles/hd36106_replacement.dir/tree/downloaded_tools/pico/pico-sdk/src/rp2_common/pico_standard_link/crt0.S.obj
                0x00000000100001e8                __binary_info_header_end = .
 *(.reset)
 .reset         0x00000000100001e8       0xb4 CMakeFiles/hd36106_replacement.dir/tree/downloaded_tools/pico/pico-sdk/src/rp2_common/pico_standard_link/crt0.S.obj
                0x00000000100001e8                _entry_point
                0x0000000010000272                __get_current_exception
 *fill*         0x000000001000029c        0x4 
 .reset.__stub  0x00000000100002a0       0x10 linker stubs
 .reset         0x00000000100002b0       0x30 CMakeFiles/hd36106_replacement.dir/tree/downloaded_tools/pico/pico-sdk/src/rp2_common/pico_standard_link/binary_info.c.obj

.rodata         0x00000000100002e0        0x0
 *(SORT_BY_ALIGNMENT(SORT_BY_NAME(.flashdata*)))
                0x00000000100002e0                . = ALIGN (0x4)

.ARM.extab
 *(.ARM.extab* .gnu.linkonce.armextab.*)
                0x00000000100002e0                __exidx_start = .

.ARM.exidx      0x00000000100002e0        0x8
 *(.ARM.exidx* .gnu.linkonce.armexidx.*)
 .ARM.exidx.text.startup._GLOBAL__sub_I__ZN9__gnu_cxx9__freeresEv
                0x00000000100002e0        0x8 /usr/lib/gcc/arm-none-eabi/9.2.1/../../../arm-none-eabi/lib/thumb/v6-m/nofp/libstdc++.a(eh_alloc.o)
                0x00000000100002e8                __exidx_end = .
                0x00000000100002e8                . = ALIGN (0x4)
                0x00000000100002e8                __binary_info_start = .

.binary_info    0x00000000100002e8       0x2c
 *(.binary_info.keep.*)
 .binary_info.keep.__bi_ptr22
                0x00000000100002e8        0x4 CMakeFiles/hd36106_replacement.dir/tree/downloaded_tools/pico/pico-sdk/src/rp2_common/pico_standard_link/binary_info.c.obj
 .binary_info.keep.__bi_ptr30
                0x00000000100002ec        0x4 CMakeFiles/hd36106_replacement.dir/tree/downloaded_tools/pico/pico-sdk/src/rp2_common/pico_standard_link/binary_info.c.obj
 .binary_info.keep.__bi_ptr38
                0x00000000100002f0        0x4 CMakeFiles/hd36106_replacement.dir/tree/downloaded_tools/pico/pico-sdk/src/rp2_common/pico_standard_link/binary_info.c.obj
 .binary_info.keep.__bi_ptr44
                0x00000000100002f4        0x4 CMakeFiles/hd36106_replacement.dir/tree/downloaded_tools/pico/pico-sdk/src/rp2_common/pico_standard_link/binary_info.c.obj
 .binary_info.keep.__bi_ptr50
                0x00000000100002f8        0x4 CMakeFiles/hd36106_replacement.dir/tree/downloaded_tools/pico/pico-sdk/src/rp2_common/pico_standard_link/binary_info.c.obj
 .binary_info.keep.__bi_ptr56
                0x00000000100002fc        0x4 CMakeFiles/hd36106_replacement.dir/tree/downloaded_tools/pico/pico-sdk/src/rp2_common/pico_standard_link/binary_info.c.obj
 .binary_info.keep.__bi_ptr75
                0x0000000010000300        0x4 CMakeFiles/hd36106_replacement.dir/tree/downloaded_tools/pico/pico-sdk/src/rp2_common/pico_standard_link/binary_info.c.obj
 .binary_info.keep.__bi_ptr81
                0x0000000010000304        0x4 CMakeFiles/hd36106_replacement.dir/tree/downloaded_tools/pico/pico-sdk/src/rp2_common/pico_standard_link/binary_info.c.obj
 *(.binary_info.*)
 .binary_info.__bi_ptr28
                0x0000000010000308        0x4 CMakeFiles/hd36106_replacement.dir/tree/downloaded_tools/pico/pico-sdk/src/rp2_common/pico_stdio_uart/stdio_uart.c.obj
 .binary_info.__bi_ptr29
                0x000000001000030c        0x4 CMakeFiles/hd36106_replacement.dir/tree/downloaded_tools/pico/pico-sdk/src/rp2_common/pico_stdio_uart/stdio_uart.c.obj
 .binary_info.__bi_ptr118
                0x0000000010000310        0x4 CMakeFiles/hd36106_replacement.dir/tree/downloaded_tools/pico/pico-sdk/src/rp2_common/pico_stdio_usb/stdio_usb.c.obj
                0x0000000010000314                __binary_info_end = .
                0x0000000010000314                . = ALIGN (0x4)

.ram_vector_table
                0x0000000020000000       0xc0
 *(.ram_vector_table)
 .ram_vector_table
                0x0000000020000000       0xc0 CMakeFiles/hd36106_replacement.dir/tree/downloaded_tools/pico/pico-sdk/src/rp2_common/pico_runtime/runtime.c.obj
                0x0000000020000000                ram_vector_table

.text           0x00000000200000c0     0xb220 load address 0x0000000010000314
                0x00000000200000c0                __ram_text_start__ = .
 *(.init)
 .init          0x00000000200000c0        0x4 /usr/lib/gcc/arm-none-eabi/9.2.1/thumb/v6-m/nofp/crti.o
                0x00000000200000c0                _init
 *(.text*)
 .text          0x00000000200000c4       0x98 /usr/lib/gcc/arm-none-eabi/9.2.1/thumb/v6-m/nofp/crtbegin.o
 .text._Z12cli_bcd_testv
                0x000000002000015c        0x4 CMakeFiles/hd36106_replacement.dir/hd36106_replacement.cpp.obj
                0x000000002000015c                cli_bcd_test()
 .text._Z9cli_digitv
                0x0000000020000160       0x20 CMakeFiles/hd36106_replacement.dir/hd36106_replacement.cpp.obj
                0x0000000020000160                cli_digit()
 .text._Z18cli_zero_parameterv
                0x0000000020000180        0xc CMakeFiles/hd36106_replacement.dir/hd36106_replacement.cpp.obj
                0x0000000020000180                cli_zero_parameter()
 .text._Z15cli_set_addressv
                0x000000002000018c       0x14 CMakeFiles/hd36106_replacement.dir/hd36106_replacement.cpp.obj
                0x000000002000018c                cli_set_address()
 .text._Z17cli_start_tracingv
                0x00000000200001a0       0x38 CMakeFiles/hd36106_replacement.dir/hd36106_replacement.cpp.obj
                0x00000000200001a0                cli_start_tracing()
 .text._Z35cli_toggle_auto_increment_parameterv
                0x00000000200001d8       0x10 CMakeFiles/hd36106_replacement.dir/hd36106_replacement.cpp.obj
                0x00000000200001d8                cli_toggle_auto_increment_parameter()
 .text._Z33cli_toggle_auto_increment_addressv
                0x00000000200001e8       0x10 CMakeFiles/hd36106_replacement.dir/hd36106_replacement.cpp.obj
                0x00000000200001e8                cli_toggle_auto_increment_address()
 .text._Z15cli_informationv
                0x00000000200001f8       0x24 CMakeFiles/hd36106_replacement.dir/hd36106_replacement.cpp.obj
                0x00000000200001f8                cli_information()
 .text._Z17cli_display_tracev
                0x000000002000021c       0xb4 CMakeFiles/hd36106_replacement.dir/hd36106_replacement.cpp.obj
                0x000000002000021c                cli_display_trace()
 .text._Z11serial_helpv
                0x00000000200002d0       0x3c CMakeFiles/hd36106_replacement.dir/hd36106_replacement.cpp.obj
                0x00000000200002d0                serial_help()
 .text._Z10core1_mainv
                0x000000002000030c      0x3fc CMakeFiles/hd36106_replacement.dir/hd36106_replacement.cpp.obj
                0x000000002000030c                core1_main()
 .text._Z14cli_label_slotv
                0x0000000020000708       0x64 CMakeFiles/hd36106_replacement.dir/hd36106_replacement.cpp.obj
                0x0000000020000708                cli_label_slot()
 .text._Z14cli_text_paramv
                0x000000002000076c       0x3c CMakeFiles/hd36106_replacement.dir/hd36106_replacement.cpp.obj
                0x000000002000076c                cli_text_param()
 .text._Z19cli_slot_label_listv
                0x00000000200007a8       0x74 CMakeFiles/hd36106_replacement.dir/hd36106_replacement.cpp.obj
                0x00000000200007a8                cli_slot_label_list()
 .text._Z11cli_executev
                0x000000002000081c        0x8 CMakeFiles/hd36106_replacement.dir/hd36106_replacement.cpp.obj
                0x000000002000081c                cli_execute()
 .text._Z20print_gpio_functionsv
                0x0000000020000824       0x28 CMakeFiles/hd36106_replacement.dir/hd36106_replacement.cpp.obj
                0x0000000020000824                print_gpio_functions()
 .text._Z14cli_write_bytev
                0x000000002000084c       0x48 CMakeFiles/hd36106_replacement.dir/hd36106_replacement.cpp.obj
                0x000000002000084c                cli_write_byte()
 .text._Z13cli_boot_massv
                0x0000000020000894       0x14 CMakeFiles/hd36106_replacement.dir/hd36106_replacement.cpp.obj
                0x0000000020000894                cli_boot_mass()
 .text._Z22cli_erase_program_slotv
                0x00000000200008a8       0x44 CMakeFiles/hd36106_replacement.dir/hd36106_replacement.cpp.obj
                0x00000000200008a8                cli_erase_program_slot()
 .text._Z21cli_slot_program_listv
                0x00000000200008ec      0x310 CMakeFiles/hd36106_replacement.dir/hd36106_replacement.cpp.obj
                0x00000000200008ec                cli_slot_program_list()
 .text._Z12cli_load_ramv
                0x0000000020000bfc       0x58 CMakeFiles/hd36106_replacement.dir/hd36106_replacement.cpp.obj
                0x0000000020000bfc                cli_load_ram()
 .text._Z13cli_clear_ramv
                0x0000000020000c54       0x3c CMakeFiles/hd36106_replacement.dir/hd36106_replacement.cpp.obj
                0x0000000020000c54                cli_clear_ram()
 .text._Z16cli_clear_ram_mpv
                0x0000000020000c90       0x68 CMakeFiles/hd36106_replacement.dir/hd36106_replacement.cpp.obj
                0x0000000020000c90                cli_clear_ram_mp()
 .text._Z15cli_load_ram_mpv
                0x0000000020000cf8       0x8c CMakeFiles/hd36106_replacement.dir/hd36106_replacement.cpp.obj
                0x0000000020000cf8                cli_load_ram_mp()
 .text._Z12cli_save_ramv
                0x0000000020000d84       0x90 CMakeFiles/hd36106_replacement.dir/hd36106_replacement.cpp.obj
                0x0000000020000d84                cli_save_ram()
 .text._Z14set_gpio_inputi
                0x0000000020000e14       0x20 CMakeFiles/hd36106_replacement.dir/hd36106_replacement.cpp.obj
                0x0000000020000e14                set_gpio_input(int)
 .text._Z10dbl_to_memdPh
                0x0000000020000e34      0x34c CMakeFiles/hd36106_replacement.dir/hd36106_replacement.cpp.obj
                0x0000000020000e34                dbl_to_mem(double, unsigned char*)
 .text._Z10mem_to_strPh
                0x0000000020001180      0x20c CMakeFiles/hd36106_replacement.dir/hd36106_replacement.cpp.obj
                0x0000000020001180                mem_to_str(unsigned char*)
 .text._Z10mem_to_dblPh
                0x000000002000138c      0x250 CMakeFiles/hd36106_replacement.dir/hd36106_replacement.cpp.obj
                0x000000002000138c                mem_to_dbl(unsigned char*)
 .text._Z14display_ram_atPh
                0x00000000200015dc       0xa8 CMakeFiles/hd36106_replacement.dir/hd36106_replacement.cpp.obj
                0x00000000200015dc                display_ram_at(unsigned char*)
 .text._Z11display_ramv
                0x0000000020001684      0x288 CMakeFiles/hd36106_replacement.dir/hd36106_replacement.cpp.obj
                0x0000000020001684                display_ram()
 .text._Z24cli_display_program_slotv
                0x000000002000190c      0x2bc CMakeFiles/hd36106_replacement.dir/hd36106_replacement.cpp.obj
                0x000000002000190c                cli_display_program_slot()
 .text._Z8save_ramii
                0x0000000020001bc8       0x94 CMakeFiles/hd36106_replacement.dir/hd36106_replacement.cpp.obj
                0x0000000020001bc8                save_ram(int, int)
 .text._Z15cli_save_ram_mpv
                0x0000000020001c5c       0x4c CMakeFiles/hd36106_replacement.dir/hd36106_replacement.cpp.obj
                0x0000000020001c5c                cli_save_ram_mp()
 .text._Z11cmd_catalogi
                0x0000000020001ca8       0xcc CMakeFiles/hd36106_replacement.dir/hd36106_replacement.cpp.obj
                0x0000000020001ca8                cmd_catalog(int)
 .text._Z16process_commandsv
                0x0000000020001d74      0x2c8 CMakeFiles/hd36106_replacement.dir/hd36106_replacement.cpp.obj
                0x0000000020001d74                process_commands()
 .text.startup.main
                0x000000002000203c      0x1e4 CMakeFiles/hd36106_replacement.dir/hd36106_replacement.cpp.obj
                0x000000002000203c                main
 .text._Z15execution_startv
                0x0000000020002220       0x18 CMakeFiles/hd36106_replacement.dir/fx201p_execution.cpp.obj
                0x0000000020002220                execution_start()
 .text._Z24process_fx201p_executionv
                0x0000000020002238      0x274 CMakeFiles/hd36106_replacement.dir/fx201p_execution.cpp.obj
                0x0000000020002238                process_fx201p_execution()
 .text.set_sys_clock_pll
                0x00000000200024ac       0x78 CMakeFiles/hd36106_replacement.dir/tree/downloaded_tools/pico/pico-sdk/src/rp2_common/pico_stdlib/stdlib.c.obj
                0x00000000200024ac                set_sys_clock_pll
 .text.check_sys_clock_khz
                0x0000000020002524      0x16c CMakeFiles/hd36106_replacement.dir/tree/downloaded_tools/pico/pico-sdk/src/rp2_common/pico_stdlib/stdlib.c.obj
                0x0000000020002524                check_sys_clock_khz
 .text.gpio_set_function
                0x0000000020002690       0x30 CMakeFiles/hd36106_replacement.dir/tree/downloaded_tools/pico/pico-sdk/src/rp2_common/hardware_gpio/gpio.c.obj
                0x0000000020002690                gpio_set_function
 .text.gpio_get_function
                0x00000000200026c0       0x14 CMakeFiles/hd36106_replacement.dir/tree/downloaded_tools/pico/pico-sdk/src/rp2_common/hardware_gpio/gpio.c.obj
                0x00000000200026c0                gpio_get_function
 .text.gpio_set_pulls
                0x00000000200026d4       0x30 CMakeFiles/hd36106_replacement.dir/tree/downloaded_tools/pico/pico-sdk/src/rp2_common/hardware_gpio/gpio.c.obj
                0x00000000200026d4                gpio_set_pulls
 .text.gpio_init
                0x0000000020002704       0x3c CMakeFiles/hd36106_replacement.dir/tree/downloaded_tools/pico/pico-sdk/src/rp2_common/hardware_gpio/gpio.c.obj
                0x0000000020002704                gpio_init
 .text.hw_claim_or_assert
                0x0000000020002740       0x48 CMakeFiles/hd36106_replacement.dir/tree/downloaded_tools/pico/pico-sdk/src/rp2_common/hardware_claim/claim.c.obj
                0x0000000020002740                hw_claim_or_assert
 .text.hw_claim_unused_from_range
                0x0000000020002788       0x9c CMakeFiles/hd36106_replacement.dir/tree/downloaded_tools/pico/pico-sdk/src/rp2_common/hardware_claim/claim.c.obj
                0x0000000020002788                hw_claim_unused_from_range
 .text.running_on_fpga
                0x0000000020002824       0x10 CMakeFiles/hd36106_replacement.dir/tree/downloaded_tools/pico/pico-sdk/src/rp2_common/pico_platform/platform.c.obj
                0x0000000020002824                running_on_fpga
 .text.spin_locks_reset
                0x0000000020002834       0x1c CMakeFiles/hd36106_replacement.dir/tree/downloaded_tools/pico/pico-sdk/src/rp2_common/hardware_sync/sync.c.obj
                0x0000000020002834                spin_locks_reset
 .text.next_striped_spin_lock_num
                0x0000000020002850       0x18 CMakeFiles/hd36106_replacement.dir/tree/downloaded_tools/pico/pico-sdk/src/rp2_common/hardware_sync/sync.c.obj
                0x0000000020002850                next_striped_spin_lock_num
 .text.spin_lock_claim_unused
                0x0000000020002868       0x20 CMakeFiles/hd36106_replacement.dir/tree/downloaded_tools/pico/pico-sdk/src/rp2_common/hardware_sync/sync.c.obj
                0x0000000020002868                spin_lock_claim_unused
 .text.irq_set_enabled
                0x0000000020002888       0x24 CMakeFiles/hd36106_replacement.dir/tree/downloaded_tools/pico/pico-sdk/src/rp2_common/hardware_irq/irq.c.obj
                0x0000000020002888                irq_set_enabled
 .text.irq_is_enabled
                0x00000000200028ac       0x18 CMakeFiles/hd36106_replacement.dir/tree/downloaded_tools/pico/pico-sdk/src/rp2_common/hardware_irq/irq.c.obj
                0x00000000200028ac                irq_is_enabled
 .text.irq_set_mask_enabled
                0x00000000200028c4       0x20 CMakeFiles/hd36106_replacement.dir/tree/downloaded_tools/pico/pico-sdk/src/rp2_common/hardware_irq/irq.c.obj
                0x00000000200028c4                irq_set_mask_enabled
 .text.irq_set_pending
                0x00000000200028e4       0x10 CMakeFiles/hd36106_replacement.dir/tree/downloaded_tools/pico/pico-sdk/src/rp2_common/hardware_irq/irq.c.obj
                0x00000000200028e4                irq_set_pending
 .text.irq_has_shared_handler
                0x00000000200028f4       0x2c CMakeFiles/hd36106_replacement.dir/tree/downloaded_tools/pico/pico-sdk/src/rp2_common/hardware_irq/irq.c.obj
                0x00000000200028f4                irq_has_shared_handler
 .text.irq_get_vtable_handler
                0x0000000020002920       0x10 CMakeFiles/hd36106_replacement.dir/tree/downloaded_tools/pico/pico-sdk/src/rp2_common/hardware_irq/irq.c.obj
                0x0000000020002920                irq_get_vtable_handler
 .text.irq_set_exclusive_handler
                0x0000000020002930       0x54 CMakeFiles/hd36106_replacement.dir/tree/downloaded_tools/pico/pico-sdk/src/rp2_common/hardware_irq/irq.c.obj
                0x0000000020002930                irq_set_exclusive_handler
 .text.irq_add_shared_handler
                0x0000000020002984      0x1c0 CMakeFiles/hd36106_replacement.dir/tree/downloaded_tools/pico/pico-sdk/src/rp2_common/hardware_irq/irq.c.obj
                0x0000000020002984                irq_add_shared_handler
 .text.irq_remove_handler
                0x0000000020002b44      0x1b4 CMakeFiles/hd36106_replacement.dir/tree/downloaded_tools/pico/pico-sdk/src/rp2_common/hardware_irq/irq.c.obj
                0x0000000020002b44                irq_remove_handler
 .text.irq_add_tail_to_free_list
                0x0000000020002cf8       0xb8 CMakeFiles/hd36106_replacement.dir/tree/downloaded_tools/pico/pico-sdk/src/rp2_common/hardware_irq/irq.c.obj
                0x0000000020002cf8                irq_add_tail_to_free_list
 .text.irq_init_priorities
                0x0000000020002db0       0x24 CMakeFiles/hd36106_replacement.dir/tree/downloaded_tools/pico/pico-sdk/src/rp2_common/hardware_irq/irq.c.obj
                0x0000000020002db0                irq_init_priorities
 .text.user_irq_claim_unused
                0x0000000020002dd4       0x30 CMakeFiles/hd36106_replacement.dir/tree/downloaded_tools/pico/pico-sdk/src/rp2_common/hardware_irq/irq.c.obj
                0x0000000020002dd4                user_irq_claim_unused
 .text.lock_init
                0x0000000020002e04       0x10 CMakeFiles/hd36106_replacement.dir/tree/downloaded_tools/pico/pico-sdk/src/common/pico_sync/lock_core.c.obj
                0x0000000020002e04                lock_init
 .text.timer_pool_entry_comparator
                0x0000000020002e14       0x34 CMakeFiles/hd36106_replacement.dir/tree/downloaded_tools/pico/pico-sdk/src/common/pico_time/time.c.obj
                0x0000000020002e14                timer_pool_entry_comparator
 .text.sleep_until_callback
                0x0000000020002e48       0x30 CMakeFiles/hd36106_replacement.dir/tree/downloaded_tools/pico/pico-sdk/src/common/pico_time/time.c.obj
 .text.alarm_pool_add_alarm_at.constprop.0
                0x0000000020002e78      0x128 CMakeFiles/hd36106_replacement.dir/tree/downloaded_tools/pico/pico-sdk/src/common/pico_time/time.c.obj
 .text.add_alarm_under_lock
                0x0000000020002fa0      0x108 CMakeFiles/hd36106_replacement.dir/tree/downloaded_tools/pico/pico-sdk/src/common/pico_time/time.c.obj
 .text.alarm_pool_alarm_callback
                0x00000000200030a8      0x1c8 CMakeFiles/hd36106_replacement.dir/tree/downloaded_tools/pico/pico-sdk/src/common/pico_time/time.c.obj
 .text.alarm_pool_init_default
                0x0000000020003270       0x64 CMakeFiles/hd36106_replacement.dir/tree/downloaded_tools/pico/pico-sdk/src/common/pico_time/time.c.obj
                0x0000000020003270                alarm_pool_init_default
 .text.alarm_pool_get_default
                0x00000000200032d4        0x8 CMakeFiles/hd36106_replacement.dir/tree/downloaded_tools/pico/pico-sdk/src/common/pico_time/time.c.obj
                0x00000000200032d4                alarm_pool_get_default
 .text.alarm_pool_add_alarm_at
                0x00000000200032dc      0x1ac CMakeFiles/hd36106_replacement.dir/tree/downloaded_tools/pico/pico-sdk/src/common/pico_time/time.c.obj
                0x00000000200032dc                alarm_pool_add_alarm_at
 .text.sleep_until
                0x0000000020003488       0xac CMakeFiles/hd36106_replacement.dir/tree/downloaded_tools/pico/pico-sdk/src/common/pico_time/time.c.obj
                0x0000000020003488                sleep_until
 .text.sleep_ms
                0x0000000020003534       0x38 CMakeFiles/hd36106_replacement.dir/tree/downloaded_tools/pico/pico-sdk/src/common/pico_time/time.c.obj
                0x0000000020003534                sleep_ms
 .text.best_effort_wfe_or_timeout
                0x000000002000356c       0xd4 CMakeFiles/hd36106_replacement.dir/tree/downloaded_tools/pico/pico-sdk/src/common/pico_time/time.c.obj
                0x000000002000356c                best_effort_wfe_or_timeout
 .text.hardware_alarm_irq_handler
                0x0000000020003640       0xb8 CMakeFiles/hd36106_replacement.dir/tree/downloaded_tools/pico/pico-sdk/src/rp2_common/hardware_timer/timer.c.obj
 .text.hardware_alarm_claim
                0x00000000200036f8       0x18 CMakeFiles/hd36106_replacement.dir/tree/downloaded_tools/pico/pico-sdk/src/rp2_common/hardware_timer/timer.c.obj
                0x00000000200036f8                hardware_alarm_claim
 .text.time_us_64
                0x0000000020003710       0x14 CMakeFiles/hd36106_replacement.dir/tree/downloaded_tools/pico/pico-sdk/src/rp2_common/hardware_timer/timer.c.obj
                0x0000000020003710                time_us_64
 .text.busy_wait_us
                0x0000000020003724       0x54 CMakeFiles/hd36106_replacement.dir/tree/downloaded_tools/pico/pico-sdk/src/rp2_common/hardware_timer/timer.c.obj
                0x0000000020003724                busy_wait_us
 .text.busy_wait_until
                0x0000000020003778       0x20 CMakeFiles/hd36106_replacement.dir/tree/downloaded_tools/pico/pico-sdk/src/rp2_common/hardware_timer/timer.c.obj
                0x0000000020003778                busy_wait_until
 .text.hardware_alarm_set_callback
                0x0000000020003798       0x8c CMakeFiles/hd36106_replacement.dir/tree/downloaded_tools/pico/pico-sdk/src/rp2_common/hardware_timer/timer.c.obj
                0x0000000020003798                hardware_alarm_set_callback
 .text.hardware_alarm_set_target
                0x0000000020003824       0xe4 CMakeFiles/hd36106_replacement.dir/tree/downloaded_tools/pico/pico-sdk/src/rp2_common/hardware_timer/timer.c.obj
                0x0000000020003824                hardware_alarm_set_target
 .text.hardware_alarm_cancel
                0x0000000020003908       0x40 CMakeFiles/hd36106_replacement.dir/tree/downloaded_tools/pico/pico-sdk/src/rp2_common/hardware_timer/timer.c.obj
                0x0000000020003908                hardware_alarm_cancel
 .text.ph_merge_nodes
                0x0000000020003948       0x68 CMakeFiles/hd36106_replacement.dir/tree/downloaded_tools/pico/pico-sdk/src/common/pico_util/pheap.c.obj
 .text.ph_post_alloc_init
                0x00000000200039b0       0x3c CMakeFiles/hd36106_replacement.dir/tree/downloaded_tools/pico/pico-sdk/src/common/pico_util/pheap.c.obj
                0x00000000200039b0                ph_post_alloc_init
 .text.ph_merge_two_pass
                0x00000000200039ec       0x90 CMakeFiles/hd36106_replacement.dir/tree/downloaded_tools/pico/pico-sdk/src/common/pico_util/pheap.c.obj
                0x00000000200039ec                ph_merge_two_pass
 .text.ph_remove_any_head
                0x0000000020003a7c       0xf8 CMakeFiles/hd36106_replacement.dir/tree/downloaded_tools/pico/pico-sdk/src/common/pico_util/pheap.c.obj
 .text.ph_remove_head
                0x0000000020003b74      0x13c CMakeFiles/hd36106_replacement.dir/tree/downloaded_tools/pico/pico-sdk/src/common/pico_util/pheap.c.obj
                0x0000000020003b74                ph_remove_head
 .text.ph_remove_and_free_node
                0x0000000020003cb0       0x7c CMakeFiles/hd36106_replacement.dir/tree/downloaded_tools/pico/pico-sdk/src/common/pico_util/pheap.c.obj
                0x0000000020003cb0                ph_remove_and_free_node
 .text.mutex_init
                0x0000000020003d2c       0x1c CMakeFiles/hd36106_replacement.dir/tree/downloaded_tools/pico/pico-sdk/src/common/pico_sync/mutex.c.obj
                0x0000000020003d2c                mutex_init
 .text.recursive_mutex_init
                0x0000000020003d48       0x1c CMakeFiles/hd36106_replacement.dir/tree/downloaded_tools/pico/pico-sdk/src/common/pico_sync/mutex.c.obj
                0x0000000020003d48                recursive_mutex_init
 .text.critical_section_init
                0x0000000020003d64       0x1c CMakeFiles/hd36106_replacement.dir/tree/downloaded_tools/pico/pico-sdk/src/common/pico_sync/critical_section.c.obj
                0x0000000020003d64                critical_section_init
 .text.uart_init
                0x0000000020003d80       0xe4 CMakeFiles/hd36106_replacement.dir/tree/downloaded_tools/pico/pico-sdk/src/rp2_common/hardware_uart/uart.c.obj
                0x0000000020003d80                uart_init
 .text.runtime_init
                0x0000000020003e64       0xf0 CMakeFiles/hd36106_replacement.dir/tree/downloaded_tools/pico/pico-sdk/src/rp2_common/pico_runtime/runtime.c.obj
                0x0000000020003e64                runtime_init
 .text._sbrk    0x0000000020003f54       0x34 CMakeFiles/hd36106_replacement.dir/tree/downloaded_tools/pico/pico-sdk/src/rp2_common/pico_runtime/runtime.c.obj
                0x0000000020003f54                _sbrk
 .text.exit     0x0000000020003f88        0x4 CMakeFiles/hd36106_replacement.dir/tree/downloaded_tools/pico/pico-sdk/src/rp2_common/pico_runtime/runtime.c.obj
                0x0000000020003f88                exit
 .text.panic    0x0000000020003f8c       0x30 CMakeFiles/hd36106_replacement.dir/tree/downloaded_tools/pico/pico-sdk/src/rp2_common/pico_runtime/runtime.c.obj
                0x0000000020003f8c                panic
 .text.hard_assertion_failure
                0x0000000020003fbc        0xc CMakeFiles/hd36106_replacement.dir/tree/downloaded_tools/pico/pico-sdk/src/rp2_common/pico_runtime/runtime.c.obj
                0x0000000020003fbc                hard_assertion_failure
 .text.clock_configure
                0x0000000020003fc8      0x114 CMakeFiles/hd36106_replacement.dir/tree/downloaded_tools/pico/pico-sdk/src/rp2_common/hardware_clocks/clocks.c.obj
                0x0000000020003fc8                clock_configure
 .text.clocks_init
                0x00000000200040dc      0x2bc CMakeFiles/hd36106_replacement.dir/tree/downloaded_tools/pico/pico-sdk/src/rp2_common/hardware_clocks/clocks.c.obj
                0x00000000200040dc                clocks_init
 .text.clock_get_hz
                0x0000000020004398        0xc CMakeFiles/hd36106_replacement.dir/tree/downloaded_tools/pico/pico-sdk/src/rp2_common/hardware_clocks/clocks.c.obj
                0x0000000020004398                clock_get_hz
 .text.pll_init
                0x00000000200043a4       0xa8 CMakeFiles/hd36106_replacement.dir/tree/downloaded_tools/pico/pico-sdk/src/rp2_common/hardware_pll/pll.c.obj
                0x00000000200043a4                pll_init
 .text.watchdog_start_tick
                0x000000002000444c       0x10 CMakeFiles/hd36106_replacement.dir/tree/downloaded_tools/pico/pico-sdk/src/rp2_common/hardware_watchdog/watchdog.c.obj
                0x000000002000444c                watchdog_start_tick
 .text.watchdog_reboot
                0x000000002000445c       0x98 CMakeFiles/hd36106_replacement.dir/tree/downloaded_tools/pico/pico-sdk/src/rp2_common/hardware_watchdog/watchdog.c.obj
                0x000000002000445c                watchdog_reboot
 .text.xosc_init
                0x00000000200044f4       0x28 CMakeFiles/hd36106_replacement.dir/tree/downloaded_tools/pico/pico-sdk/src/rp2_common/hardware_xosc/xosc.c.obj
                0x00000000200044f4                xosc_init
 .text._out_buffer
                0x000000002000451c        0x8 CMakeFiles/hd36106_replacement.dir/tree/downloaded_tools/pico/pico-sdk/src/rp2_common/pico_printf/printf.c.obj
 .text._out_null
                0x0000000020004524        0x4 CMakeFiles/hd36106_replacement.dir/tree/downloaded_tools/pico/pico-sdk/src/rp2_common/pico_printf/printf.c.obj
 .text._out_rev
                0x0000000020004528       0xd0 CMakeFiles/hd36106_replacement.dir/tree/downloaded_tools/pico/pico-sdk/src/rp2_common/pico_printf/printf.c.obj
 .text._ntoa_format
                0x00000000200045f8      0x1d0 CMakeFiles/hd36106_replacement.dir/tree/downloaded_tools/pico/pico-sdk/src/rp2_common/pico_printf/printf.c.obj
 .text._out_char
                0x00000000200047c8       0x10 CMakeFiles/hd36106_replacement.dir/tree/downloaded_tools/pico/pico-sdk/src/rp2_common/pico_printf/printf.c.obj
 .text._out_fct
                0x00000000200047d8       0x10 CMakeFiles/hd36106_replacement.dir/tree/downloaded_tools/pico/pico-sdk/src/rp2_common/pico_printf/printf.c.obj
 .text._etoa    0x00000000200047e8      0x478 CMakeFiles/hd36106_replacement.dir/tree/downloaded_tools/pico/pico-sdk/src/rp2_common/pico_printf/printf.c.obj
 .text._ftoa    0x0000000020004c60      0x3e0 CMakeFiles/hd36106_replacement.dir/tree/downloaded_tools/pico/pico-sdk/src/rp2_common/pico_printf/printf.c.obj
 .text._vsnprintf
                0x0000000020005040      0xb08 CMakeFiles/hd36106_replacement.dir/tree/downloaded_tools/pico/pico-sdk/src/rp2_common/pico_printf/printf.c.obj
 .text.__wrap_sprintf
                0x0000000020005b48       0x28 CMakeFiles/hd36106_replacement.dir/tree/downloaded_tools/pico/pico-sdk/src/rp2_common/pico_printf/printf.c.obj
                0x0000000020005b48                __wrap_sprintf
 .text.vfctprintf
                0x0000000020005b70       0x20 CMakeFiles/hd36106_replacement.dir/tree/downloaded_tools/pico/pico-sdk/src/rp2_common/pico_printf/printf.c.obj
                0x0000000020005b70                vfctprintf
 .text.weak_raw_vprintf
                0x0000000020005b90       0x30 CMakeFiles/hd36106_replacement.dir/tree/downloaded_tools/pico/pico-sdk/src/rp2_common/pico_printf/printf.c.obj
                0x0000000020005b90                weak_raw_vprintf
 .text          0x0000000020005bc0       0x10 CMakeFiles/hd36106_replacement.dir/tree/downloaded_tools/pico/pico-sdk/src/rp2_common/pico_bit_ops/bit_ops_aeabi.S.obj
 .text.rom_func_lookup
                0x0000000020005bd0       0x10 CMakeFiles/hd36106_replacement.dir/tree/downloaded_tools/pico/pico-sdk/src/rp2_common/pico_bootrom/bootrom.c.obj
                0x0000000020005bd0                rom_func_lookup
 .text.rom_data_lookup
                0x0000000020005be0       0x10 CMakeFiles/hd36106_replacement.dir/tree/downloaded_tools/pico/pico-sdk/src/rp2_common/pico_bootrom/bootrom.c.obj
                0x0000000020005be0                rom_data_lookup
 .text.rom_funcs_lookup
                0x0000000020005bf0       0x3c CMakeFiles/hd36106_replacement.dir/tree/downloaded_tools/pico/pico-sdk/src/rp2_common/pico_bootrom/bootrom.c.obj
                0x0000000020005bf0                rom_funcs_lookup
 .text.__wrap___aeabi_idiv
                0x0000000020005c2c       0x50 CMakeFiles/hd36106_replacement.dir/tree/downloaded_tools/pico/pico-sdk/src/rp2_common/pico_divider/divider.S.obj
                0x0000000020005c2c                __wrap___aeabi_idivmod
                0x0000000020005c2c                divmod_s32s32
                0x0000000020005c2c                div_s32s32
                0x0000000020005c2c                __wrap___aeabi_idiv
                0x0000000020005c34                divmod_s32s32_unsafe
                0x0000000020005c60                divmod_s32s32_savestate
 .text.__wrap___aeabi_uidiv
                0x0000000020005c7c       0x4c CMakeFiles/hd36106_replacement.dir/tree/downloaded_tools/pico/pico-sdk/src/rp2_common/pico_divider/divider.S.obj
                0x0000000020005c7c                __wrap___aeabi_uidiv
                0x0000000020005c7c                __wrap___aeabi_uidivmod
                0x0000000020005c7c                div_u32u32
                0x0000000020005c7c                divmod_u32u32
                0x0000000020005c84                divmod_u32u32_unsafe
                0x0000000020005cac                divmod_u32u32_savestate
 .text.__wrap___aeabi_ldiv
                0x0000000020005cc8      0x434 CMakeFiles/hd36106_replacement.dir/tree/downloaded_tools/pico/pico-sdk/src/rp2_common/pico_divider/divider.S.obj
                0x0000000020005cc8                div_s64s64
                0x0000000020005cc8                divmod_s64s64
                0x0000000020005cc8                __wrap___aeabi_ldivmod
                0x0000000020005d00                div_u64u64
                0x0000000020005d00                divmod_u64u64
                0x0000000020005d00                __wrap___aeabi_uldivmod
                0x0000000020005d10                divmod_u64u64_savestate
                0x0000000020005d38                divmod_s64s64_unsafe
                0x0000000020005dc0                divmod_u64u64_unsafe
 .text.__wrap___aeabi_darithmetic
                0x00000000200060fc       0x80 CMakeFiles/hd36106_replacement.dir/tree/downloaded_tools/pico/pico-sdk/src/rp2_common/pico_double/double_aeabi.S.obj
                0x00000000200060fc                __wrap___aeabi_drsub
                0x0000000020006102                __wrap___aeabi_dsub
                0x0000000020006114                __wrap___aeabi_dadd
                0x0000000020006126                __wrap___aeabi_ddiv
                0x0000000020006162                __wrap___aeabi_dmul
 .text.__wrap___aeabi_cdcmple
                0x000000002000617c       0x6c CMakeFiles/hd36106_replacement.dir/tree/downloaded_tools/pico/pico-sdk/src/rp2_common/pico_double/double_aeabi.S.obj
                0x000000002000617c                __wrap___aeabi_cdrcmple
                0x000000002000618c                __wrap___aeabi_cdcmple
                0x000000002000618c                __wrap___aeabi_cdcmpeq
 .text.__wrap___aeabi_dcmpeq
                0x00000000200061e8       0x10 CMakeFiles/hd36106_replacement.dir/tree/downloaded_tools/pico/pico-sdk/src/rp2_common/pico_double/double_aeabi.S.obj
                0x00000000200061e8                __wrap___aeabi_dcmpeq
 .text.__wrap___aeabi_dcmplt
                0x00000000200061f8        0xc CMakeFiles/hd36106_replacement.dir/tree/downloaded_tools/pico/pico-sdk/src/rp2_common/pico_double/double_aeabi.S.obj
                0x00000000200061f8                __wrap___aeabi_dcmplt
 .text.__wrap___aeabi_dcmple
                0x0000000020006204       0x10 CMakeFiles/hd36106_replacement.dir/tree/downloaded_tools/pico/pico-sdk/src/rp2_common/pico_double/double_aeabi.S.obj
                0x0000000020006204                __wrap___aeabi_dcmple
 .text.__wrap___aeabi_dcmpge
                0x0000000020006214       0x10 CMakeFiles/hd36106_replacement.dir/tree/downloaded_tools/pico/pico-sdk/src/rp2_common/pico_double/double_aeabi.S.obj
                0x0000000020006214                __wrap___aeabi_dcmpge
 .text.__wrap___aeabi_dcmpgt
                0x0000000020006224        0xa CMakeFiles/hd36106_replacement.dir/tree/downloaded_tools/pico/pico-sdk/src/rp2_common/pico_double/double_aeabi.S.obj
                0x0000000020006224                __wrap___aeabi_dcmpgt
 .text.__wrap___aeabi_dcmpun
                0x000000002000622e       0x1c CMakeFiles/hd36106_replacement.dir/tree/downloaded_tools/pico/pico-sdk/src/rp2_common/pico_double/double_aeabi.S.obj
                0x000000002000622e                __wrap___aeabi_dcmpun
 *fill*         0x000000002000624a        0x2 
 .text.__wrap___aeabi_i2d
                0x000000002000624c       0x38 CMakeFiles/hd36106_replacement.dir/tree/downloaded_tools/pico/pico-sdk/src/rp2_common/pico_double/double_aeabi.S.obj
                0x000000002000624c                __wrap___aeabi_ui2d
                0x0000000020006254                __wrap___aeabi_i2d
 .text.__wrap___aeabi_d2iz
                0x0000000020006284       0x48 CMakeFiles/hd36106_replacement.dir/tree/downloaded_tools/pico/pico-sdk/src/rp2_common/pico_double/double_aeabi.S.obj
                0x0000000020006284                __wrap___aeabi_d2iz
                0x0000000020006284                double2int_z
 .text.__wrap___aeabi_d2uiz
                0x00000000200062cc       0x18 CMakeFiles/hd36106_replacement.dir/tree/downloaded_tools/pico/pico-sdk/src/rp2_common/pico_double/double_aeabi.S.obj
                0x00000000200062cc                double2uint
                0x00000000200062cc                __wrap___aeabi_d2uiz
 .text.__wrap_exp
                0x00000000200062e4       0x18 CMakeFiles/hd36106_replacement.dir/tree/downloaded_tools/pico/pico-sdk/src/rp2_common/pico_double/double_aeabi.S.obj
                0x00000000200062e4                __wrap_exp
 .text.__wrap_log
                0x00000000200062fc       0x18 CMakeFiles/hd36106_replacement.dir/tree/downloaded_tools/pico/pico-sdk/src/rp2_common/pico_double/double_aeabi.S.obj
                0x00000000200062fc                __wrap_log
 .text.__aeabi_double_init
                0x0000000020006314       0xc0 CMakeFiles/hd36106_replacement.dir/tree/downloaded_tools/pico/pico-sdk/src/rp2_common/pico_double/double_init_rom.c.obj
                0x0000000020006314                __aeabi_double_init
 .text.dpow_int2
                0x00000000200063d4       0x2c CMakeFiles/hd36106_replacement.dir/tree/downloaded_tools/pico/pico-sdk/src/rp2_common/pico_double/double_math.c.obj
 .text.dpow_1   0x0000000020006400      0x278 CMakeFiles/hd36106_replacement.dir/tree/downloaded_tools/pico/pico-sdk/src/rp2_common/pico_double/double_math.c.obj
 .text.dpow_0   0x0000000020006678      0x284 CMakeFiles/hd36106_replacement.dir/tree/downloaded_tools/pico/pico-sdk/src/rp2_common/pico_double/double_math.c.obj
 .text.__wrap_ldexp
                0x00000000200068fc       0x50 CMakeFiles/hd36106_replacement.dir/tree/downloaded_tools/pico/pico-sdk/src/rp2_common/pico_double/double_math.c.obj
                0x00000000200068fc                __wrap_ldexp
 .text.__wrap_round
                0x000000002000694c       0xa0 CMakeFiles/hd36106_replacement.dir/tree/downloaded_tools/pico/pico-sdk/src/rp2_common/pico_double/double_math.c.obj
                0x000000002000694c                __wrap_round
 .text.__wrap_floor
                0x00000000200069ec       0x90 CMakeFiles/hd36106_replacement.dir/tree/downloaded_tools/pico/pico-sdk/src/rp2_common/pico_double/double_math.c.obj
                0x00000000200069ec                __wrap_floor
 .text.__wrap_exp2
                0x0000000020006a7c       0xbc CMakeFiles/hd36106_replacement.dir/tree/downloaded_tools/pico/pico-sdk/src/rp2_common/pico_double/double_math.c.obj
                0x0000000020006a7c                __wrap_exp2
 .text.__wrap_log10
                0x0000000020006b38       0x18 CMakeFiles/hd36106_replacement.dir/tree/downloaded_tools/pico/pico-sdk/src/rp2_common/pico_double/double_math.c.obj
                0x0000000020006b38                __wrap_log10
 .text.__wrap_pow
                0x0000000020006b50      0x304 CMakeFiles/hd36106_replacement.dir/tree/downloaded_tools/pico/pico-sdk/src/rp2_common/pico_double/double_math.c.obj
                0x0000000020006b50                __wrap_pow
 .text.double_table_shim_on_use_helper
                0x0000000020006e54       0x2c CMakeFiles/hd36106_replacement.dir/tree/downloaded_tools/pico/pico-sdk/src/rp2_common/pico_double/double_v1_rom_shim.S.obj
                0x0000000020006e54                double_table_shim_on_use_helper
 .text.__wrap___aeabi_dsub
                0x0000000020006e80       0x10 CMakeFiles/hd36106_replacement.dir/tree/downloaded_tools/pico/pico-sdk/src/rp2_common/pico_double/double_v1_rom_shim.S.obj
                0x0000000020006e80                drsub_shim
                0x0000000020006e86                dsub_shim
 .text.dadd_shim
                0x0000000020006e90      0x15c CMakeFiles/hd36106_replacement.dir/tree/downloaded_tools/pico/pico-sdk/src/rp2_common/pico_double/double_v1_rom_shim.S.obj
                0x0000000020006e90                dadd_shim
 .text.dmul_shim
                0x0000000020006fec      0x15c CMakeFiles/hd36106_replacement.dir/tree/downloaded_tools/pico/pico-sdk/src/rp2_common/pico_double/double_v1_rom_shim.S.obj
                0x0000000020006fec                dmul_shim
 .text.ddiv_shim
                0x0000000020007148      0x1b0 CMakeFiles/hd36106_replacement.dir/tree/downloaded_tools/pico/pico-sdk/src/rp2_common/pico_double/double_v1_rom_shim.S.obj
                0x0000000020007148                ddiv_shim
 .text.double2uint_shim
                0x00000000200072f8        0xe CMakeFiles/hd36106_replacement.dir/tree/downloaded_tools/pico/pico-sdk/src/rp2_common/pico_double/double_v1_rom_shim.S.obj
                0x00000000200072f8                double2uint_shim
                0x00000000200072fa                double2ufix_shim
 *fill*         0x0000000020007306        0x2 
 .text.double2uint64_shim
                0x0000000020007308       0x70 CMakeFiles/hd36106_replacement.dir/tree/downloaded_tools/pico/pico-sdk/src/rp2_common/pico_double/double_v1_rom_shim.S.obj
                0x0000000020007308                double2uint64_shim
                0x000000002000730a                double2ufix64_shim
                0x000000002000732a                d2fix_a
 .text.x2double_shims
                0x0000000020007378       0x90 CMakeFiles/hd36106_replacement.dir/tree/downloaded_tools/pico/pico-sdk/src/rp2_common/pico_double/double_v1_rom_shim.S.obj
                0x0000000020007378                uint2double_shim
                0x000000002000737a                ufix2double_shim
                0x0000000020007380                int2double_shim
                0x0000000020007382                fix2double_shim
                0x0000000020007388                uint642double_shim
                0x000000002000738a                ufix642double_shim
                0x0000000020007390                int642double_shim
                0x0000000020007392                fix642double_shim
 .text.dunpacks
                0x0000000020007408       0x3c CMakeFiles/hd36106_replacement.dir/tree/downloaded_tools/pico/pico-sdk/src/rp2_common/pico_double/double_v1_rom_shim.S.obj
                0x0000000020007408                dunpacks
 .text.dreduce  0x0000000020007444       0x82 CMakeFiles/hd36106_replacement.dir/tree/downloaded_tools/pico/pico-sdk/src/rp2_common/pico_double/double_v1_rom_shim.S.obj
                0x0000000020007444                dreduce
 *fill*         0x00000000200074c6        0x2 
 .text.dexp_guts
                0x00000000200074c8      0x268 CMakeFiles/hd36106_replacement.dir/tree/downloaded_tools/pico/pico-sdk/src/rp2_common/pico_double/double_v1_rom_shim.S.obj
                0x00000000200074c8                dexp_shim
                0x0000000020007564                dln_shim
 .text.__aeabi_lmul
                0x0000000020007730       0x32 CMakeFiles/hd36106_replacement.dir/tree/downloaded_tools/pico/pico-sdk/src/rp2_common/pico_int64_ops/pico_int64_ops_aeabi.S.obj
                0x0000000020007730                __wrap___aeabi_lmul
 *fill*         0x0000000020007762        0x2 
 .text.__aeabi_float_init
                0x0000000020007764       0x64 CMakeFiles/hd36106_replacement.dir/tree/downloaded_tools/pico/pico-sdk/src/rp2_common/pico_float/float_init_rom.c.obj
                0x0000000020007764                __aeabi_float_init
 .text.float_table_shim_on_use_helper
                0x00000000200077c8       0x2c CMakeFiles/hd36106_replacement.dir/tree/downloaded_tools/pico/pico-sdk/src/rp2_common/pico_float/float_v1_rom_shim.S.obj
                0x00000000200077c8                float_table_shim_on_use_helper
 .text.__wrap_malloc
                0x00000000200077f4       0x3c CMakeFiles/hd36106_replacement.dir/tree/downloaded_tools/pico/pico-sdk/src/rp2_common/pico_malloc/pico_malloc.c.obj
                0x00000000200077f4                __wrap_malloc
 .text          0x0000000020007830       0x10 CMakeFiles/hd36106_replacement.dir/tree/downloaded_tools/pico/pico-sdk/src/rp2_common/pico_mem_ops/mem_ops_aeabi.S.obj
                0x0000000020007830                __aeabi_mem_init
 .text.memset   0x0000000020007840        0xc CMakeFiles/hd36106_replacement.dir/tree/downloaded_tools/pico/pico-sdk/src/rp2_common/pico_mem_ops/mem_ops_aeabi.S.obj
                0x0000000020007840                __wrap_memset
 .text.memcpy   0x000000002000784c        0xc CMakeFiles/hd36106_replacement.dir/tree/downloaded_tools/pico/pico-sdk/src/rp2_common/pico_mem_ops/mem_ops_aeabi.S.obj
                0x000000002000784c                __wrap___aeabi_memcpy
                0x000000002000784c                __wrap_memcpy
 .text.stdio_out_chars_no_crlf
                0x0000000020007858       0x10 CMakeFiles/hd36106_replacement.dir/tree/downloaded_tools/pico/pico-sdk/src/rp2_common/pico_stdio/stdio.c.obj
 .text.stdio_out_chars_crlf
                0x0000000020007868       0x94 CMakeFiles/hd36106_replacement.dir/tree/downloaded_tools/pico/pico-sdk/src/rp2_common/pico_stdio/stdio.c.obj
 .text.stdio_buffered_printer
                0x00000000200078fc       0x64 CMakeFiles/hd36106_replacement.dir/tree/downloaded_tools/pico/pico-sdk/src/rp2_common/pico_stdio/stdio.c.obj
 .text.stdio_put_string
                0x0000000020007960      0x100 CMakeFiles/hd36106_replacement.dir/tree/downloaded_tools/pico/pico-sdk/src/rp2_common/pico_stdio/stdio.c.obj
 .text.__wrap_putchar
                0x0000000020007a60       0xa4 CMakeFiles/hd36106_replacement.dir/tree/downloaded_tools/pico/pico-sdk/src/rp2_common/pico_stdio/stdio.c.obj
                0x0000000020007a60                __wrap_putchar
 .text.__wrap_puts
                0x0000000020007b04       0x3c CMakeFiles/hd36106_replacement.dir/tree/downloaded_tools/pico/pico-sdk/src/rp2_common/pico_stdio/stdio.c.obj
                0x0000000020007b04                __wrap_puts
 .text.stdio_set_driver_enabled
                0x0000000020007b40       0x30 CMakeFiles/hd36106_replacement.dir/tree/downloaded_tools/pico/pico-sdk/src/rp2_common/pico_stdio/stdio.c.obj
                0x0000000020007b40                stdio_set_driver_enabled
 .text.stdio_flush
                0x0000000020007b70       0x28 CMakeFiles/hd36106_replacement.dir/tree/downloaded_tools/pico/pico-sdk/src/rp2_common/pico_stdio/stdio.c.obj
                0x0000000020007b70                stdio_flush
 .text.__wrap_vprintf
                0x0000000020007b98       0xd8 CMakeFiles/hd36106_replacement.dir/tree/downloaded_tools/pico/pico-sdk/src/rp2_common/pico_stdio/stdio.c.obj
                0x0000000020007b98                __wrap_vprintf
 .text.__wrap_printf
                0x0000000020007c70       0x18 CMakeFiles/hd36106_replacement.dir/tree/downloaded_tools/pico/pico-sdk/src/rp2_common/pico_stdio/stdio.c.obj
                0x0000000020007c70                __wrap_printf
 .text.stdio_init_all
                0x0000000020007c88        0xc CMakeFiles/hd36106_replacement.dir/tree/downloaded_tools/pico/pico-sdk/src/rp2_common/pico_stdio/stdio.c.obj
                0x0000000020007c88                stdio_init_all
 .text.getchar_timeout_us
                0x0000000020007c94       0xa4 CMakeFiles/hd36106_replacement.dir/tree/downloaded_tools/pico/pico-sdk/src/rp2_common/pico_stdio/stdio.c.obj
                0x0000000020007c94                getchar_timeout_us
 .text.stdio_uart_out_chars
                0x0000000020007d38       0x4c CMakeFiles/hd36106_replacement.dir/tree/downloaded_tools/pico/pico-sdk/src/rp2_common/pico_stdio_uart/stdio_uart.c.obj
 .text.stdio_uart_in_chars
                0x0000000020007d84       0x38 CMakeFiles/hd36106_replacement.dir/tree/downloaded_tools/pico/pico-sdk/src/rp2_common/pico_stdio_uart/stdio_uart.c.obj
                0x0000000020007d84                stdio_uart_in_chars
 .text.stdio_uart_init
                0x0000000020007dbc       0x48 CMakeFiles/hd36106_replacement.dir/tree/downloaded_tools/pico/pico-sdk/src/rp2_common/pico_stdio_uart/stdio_uart.c.obj
                0x0000000020007dbc                stdio_uart_init
 .text.resetd_init
                0x0000000020007e04        0x4 CMakeFiles/hd36106_replacement.dir/tree/downloaded_tools/pico/pico-sdk/src/rp2_common/pico_stdio_usb/reset_interface.c.obj
 .text.resetd_reset
                0x0000000020007e08        0xc CMakeFiles/hd36106_replacement.dir/tree/downloaded_tools/pico/pico-sdk/src/rp2_common/pico_stdio_usb/reset_interface.c.obj
 .text.resetd_open
                0x0000000020007e14       0x28 CMakeFiles/hd36106_replacement.dir/tree/downloaded_tools/pico/pico-sdk/src/rp2_common/pico_stdio_usb/reset_interface.c.obj
 .text.resetd_xfer_cb
                0x0000000020007e3c        0x4 CMakeFiles/hd36106_replacement.dir/tree/downloaded_tools/pico/pico-sdk/src/rp2_common/pico_stdio_usb/reset_interface.c.obj
 .text.resetd_control_xfer_cb
                0x0000000020007e40       0x64 CMakeFiles/hd36106_replacement.dir/tree/downloaded_tools/pico/pico-sdk/src/rp2_common/pico_stdio_usb/reset_interface.c.obj
 .text.usbd_app_driver_get_cb
                0x0000000020007ea4        0xc CMakeFiles/hd36106_replacement.dir/tree/downloaded_tools/pico/pico-sdk/src/rp2_common/pico_stdio_usb/reset_interface.c.obj
                0x0000000020007ea4                usbd_app_driver_get_cb
 .text.tud_cdc_line_coding_cb
                0x0000000020007eb0       0x34 CMakeFiles/hd36106_replacement.dir/tree/downloaded_tools/pico/pico-sdk/src/rp2_common/pico_stdio_usb/reset_interface.c.obj
                0x0000000020007eb0                tud_cdc_line_coding_cb
 .text.stdio_usb_in_chars
                0x0000000020007ee4       0x68 CMakeFiles/hd36106_replacement.dir/tree/downloaded_tools/pico/pico-sdk/src/rp2_common/pico_stdio_usb/stdio_usb.c.obj
                0x0000000020007ee4                stdio_usb_in_chars
 .text.stdio_usb_out_chars
                0x0000000020007f4c       0xec CMakeFiles/hd36106_replacement.dir/tree/downloaded_tools/pico/pico-sdk/src/rp2_common/pico_stdio_usb/stdio_usb.c.obj
 .text.timer_task
                0x0000000020008038       0x18 CMakeFiles/hd36106_replacement.dir/tree/downloaded_tools/pico/pico-sdk/src/rp2_common/pico_stdio_usb/stdio_usb.c.obj
 .text.usb_irq  0x0000000020008050       0x10 CMakeFiles/hd36106_replacement.dir/tree/downloaded_tools/pico/pico-sdk/src/rp2_common/pico_stdio_usb/stdio_usb.c.obj
 .text.low_priority_worker_irq
                0x0000000020008060       0x24 CMakeFiles/hd36106_replacement.dir/tree/downloaded_tools/pico/pico-sdk/src/rp2_common/pico_stdio_usb/stdio_usb.c.obj
 .text.stdio_usb_init
                0x0000000020008084       0xb0 CMakeFiles/hd36106_replacement.dir/tree/downloaded_tools/pico/pico-sdk/src/rp2_common/pico_stdio_usb/stdio_usb.c.obj
                0x0000000020008084                stdio_usb_init
 .text.tud_descriptor_device_cb
                0x0000000020008134        0x8 CMakeFiles/hd36106_replacement.dir/tree/downloaded_tools/pico/pico-sdk/src/rp2_common/pico_stdio_usb/stdio_usb_descriptors.c.obj
                0x0000000020008134                tud_descriptor_device_cb
 .text.tud_descriptor_configuration_cb
                0x000000002000813c        0x8 CMakeFiles/hd36106_replacement.dir/tree/downloaded_tools/pico/pico-sdk/src/rp2_common/pico_stdio_usb/stdio_usb_descriptors.c.obj
                0x000000002000813c                tud_descriptor_configuration_cb
 .text.tud_descriptor_string_cb
                0x0000000020008144       0x70 CMakeFiles/hd36106_replacement.dir/tree/downloaded_tools/pico/pico-sdk/src/rp2_common/pico_stdio_usb/stdio_usb_descriptors.c.obj
                0x0000000020008144                tud_descriptor_string_cb
 .text.dcd_rp2040_irq
                0x00000000200081b4      0x21c CMakeFiles/hd36106_replacement.dir/tree/downloaded_tools/pico/pico-sdk/lib/tinyusb/src/portable/raspberrypi/rp2040/dcd_rp2040.c.obj
 .text.dcd_int_enable
                0x00000000200083d0        0xc CMakeFiles/hd36106_replacement.dir/tree/downloaded_tools/pico/pico-sdk/lib/tinyusb/src/portable/raspberrypi/rp2040/dcd_rp2040.c.obj
                0x00000000200083d0                dcd_int_enable
 .text.dcd_set_address
                0x00000000200083dc       0x14 CMakeFiles/hd36106_replacement.dir/tree/downloaded_tools/pico/pico-sdk/lib/tinyusb/src/portable/raspberrypi/rp2040/dcd_rp2040.c.obj
                0x00000000200083dc                dcd_set_address
 .text.dcd_connect
                0x00000000200083f0       0x10 CMakeFiles/hd36106_replacement.dir/tree/downloaded_tools/pico/pico-sdk/lib/tinyusb/src/portable/raspberrypi/rp2040/dcd_rp2040.c.obj
                0x00000000200083f0                dcd_connect
 .text.dcd_init
                0x0000000020008400      0x148 CMakeFiles/hd36106_replacement.dir/tree/downloaded_tools/pico/pico-sdk/lib/tinyusb/src/portable/raspberrypi/rp2040/dcd_rp2040.c.obj
                0x0000000020008400                dcd_init
 .text.dcd_edpt0_status_complete
                0x0000000020008548       0x1c CMakeFiles/hd36106_replacement.dir/tree/downloaded_tools/pico/pico-sdk/lib/tinyusb/src/portable/raspberrypi/rp2040/dcd_rp2040.c.obj
                0x0000000020008548                dcd_edpt0_status_complete
 .text.dcd_edpt_open
                0x0000000020008564       0xf0 CMakeFiles/hd36106_replacement.dir/tree/downloaded_tools/pico/pico-sdk/lib/tinyusb/src/portable/raspberrypi/rp2040/dcd_rp2040.c.obj
                0x0000000020008564                dcd_edpt_open
 .text.dcd_edpt_close_all
                0x0000000020008654       0xbc CMakeFiles/hd36106_replacement.dir/tree/downloaded_tools/pico/pico-sdk/lib/tinyusb/src/portable/raspberrypi/rp2040/dcd_rp2040.c.obj
                0x0000000020008654                dcd_edpt_close_all
 .text.dcd_edpt_xfer
                0x0000000020008710       0x24 CMakeFiles/hd36106_replacement.dir/tree/downloaded_tools/pico/pico-sdk/lib/tinyusb/src/portable/raspberrypi/rp2040/dcd_rp2040.c.obj
                0x0000000020008710                dcd_edpt_xfer
 .text.dcd_edpt_stall
                0x0000000020008734       0x38 CMakeFiles/hd36106_replacement.dir/tree/downloaded_tools/pico/pico-sdk/lib/tinyusb/src/portable/raspberrypi/rp2040/dcd_rp2040.c.obj
                0x0000000020008734                dcd_edpt_stall
 .text.dcd_edpt_clear_stall
                0x000000002000876c       0x30 CMakeFiles/hd36106_replacement.dir/tree/downloaded_tools/pico/pico-sdk/lib/tinyusb/src/portable/raspberrypi/rp2040/dcd_rp2040.c.obj
                0x000000002000876c                dcd_edpt_clear_stall
 .text._hw_endpoint_buffer_control_update32.part.0
                0x000000002000879c       0x20 CMakeFiles/hd36106_replacement.dir/tree/downloaded_tools/pico/pico-sdk/lib/tinyusb/src/portable/raspberrypi/rp2040/rp2040_usb.c.obj
 .text.rp2040_usb_init
                0x00000000200087bc       0x4c CMakeFiles/hd36106_replacement.dir/tree/downloaded_tools/pico/pico-sdk/lib/tinyusb/src/portable/raspberrypi/rp2040/rp2040_usb.c.obj
                0x00000000200087bc                rp2040_usb_init
 .text.hw_endpoint_reset_transfer
                0x0000000020008808        0xc CMakeFiles/hd36106_replacement.dir/tree/downloaded_tools/pico/pico-sdk/lib/tinyusb/src/portable/raspberrypi/rp2040/rp2040_usb.c.obj
                0x0000000020008808                hw_endpoint_reset_transfer
 .text._hw_endpoint_buffer_control_update32
                0x0000000020008814       0x40 CMakeFiles/hd36106_replacement.dir/tree/downloaded_tools/pico/pico-sdk/lib/tinyusb/src/portable/raspberrypi/rp2040/rp2040_usb.c.obj
                0x0000000020008814                _hw_endpoint_buffer_control_update32
 .text.hw_endpoint_xfer_start
                0x0000000020008854      0x138 CMakeFiles/hd36106_replacement.dir/tree/downloaded_tools/pico/pico-sdk/lib/tinyusb/src/portable/raspberrypi/rp2040/rp2040_usb.c.obj
                0x0000000020008854                hw_endpoint_xfer_start
 .text.hw_endpoint_xfer_continue
                0x000000002000898c      0x1e4 CMakeFiles/hd36106_replacement.dir/tree/downloaded_tools/pico/pico-sdk/lib/tinyusb/src/portable/raspberrypi/rp2040/rp2040_usb.c.obj
                0x000000002000898c                hw_endpoint_xfer_continue
 .text.tud_mounted
                0x0000000020008b70       0x10 CMakeFiles/hd36106_replacement.dir/tree/downloaded_tools/pico/pico-sdk/lib/tinyusb/src/device/usbd.c.obj
                0x0000000020008b70                tud_mounted
 .text.tud_suspended
                0x0000000020008b80       0x10 CMakeFiles/hd36106_replacement.dir/tree/downloaded_tools/pico/pico-sdk/lib/tinyusb/src/device/usbd.c.obj
                0x0000000020008b80                tud_suspended
 .text.tud_inited
                0x0000000020008b90        0xc CMakeFiles/hd36106_replacement.dir/tree/downloaded_tools/pico/pico-sdk/lib/tinyusb/src/device/usbd.c.obj
                0x0000000020008b90                tud_inited
 .text.tud_init
                0x0000000020008b9c       0xd8 CMakeFiles/hd36106_replacement.dir/tree/downloaded_tools/pico/pico-sdk/lib/tinyusb/src/device/usbd.c.obj
                0x0000000020008b9c                tud_init
 .text.tud_task
                0x0000000020008c74      0x8ec CMakeFiles/hd36106_replacement.dir/tree/downloaded_tools/pico/pico-sdk/lib/tinyusb/src/device/usbd.c.obj
                0x0000000020008c74                tud_task
 .text.dcd_event_bus_signal
                0x0000000020009560      0x120 CMakeFiles/hd36106_replacement.dir/tree/downloaded_tools/pico/pico-sdk/lib/tinyusb/src/device/usbd.c.obj
                0x0000000020009560                dcd_event_bus_signal
 .text.dcd_event_bus_reset
                0x0000000020009680       0x54 CMakeFiles/hd36106_replacement.dir/tree/downloaded_tools/pico/pico-sdk/lib/tinyusb/src/device/usbd.c.obj
                0x0000000020009680                dcd_event_bus_reset
 .text.dcd_event_setup_received
                0x00000000200096d4       0x50 CMakeFiles/hd36106_replacement.dir/tree/downloaded_tools/pico/pico-sdk/lib/tinyusb/src/device/usbd.c.obj
                0x00000000200096d4                dcd_event_setup_received
 .text.dcd_event_xfer_complete
                0x0000000020009724       0x68 CMakeFiles/hd36106_replacement.dir/tree/downloaded_tools/pico/pico-sdk/lib/tinyusb/src/device/usbd.c.obj
                0x0000000020009724                dcd_event_xfer_complete
 .text.usbd_open_edpt_pair
                0x000000002000978c       0x80 CMakeFiles/hd36106_replacement.dir/tree/downloaded_tools/pico/pico-sdk/lib/tinyusb/src/device/usbd.c.obj
                0x000000002000978c                usbd_open_edpt_pair
 .text.usbd_edpt_open
                0x000000002000980c       0x30 CMakeFiles/hd36106_replacement.dir/tree/downloaded_tools/pico/pico-sdk/lib/tinyusb/src/device/usbd.c.obj
                0x000000002000980c                usbd_edpt_open
 .text.usbd_edpt_claim
                0x000000002000983c       0x64 CMakeFiles/hd36106_replacement.dir/tree/downloaded_tools/pico/pico-sdk/lib/tinyusb/src/device/usbd.c.obj
                0x000000002000983c                usbd_edpt_claim
 .text.usbd_edpt_release
                0x00000000200098a0       0x4c CMakeFiles/hd36106_replacement.dir/tree/downloaded_tools/pico/pico-sdk/lib/tinyusb/src/device/usbd.c.obj
                0x00000000200098a0                usbd_edpt_release
 .text.usbd_edpt_xfer
                0x00000000200098ec       0x48 CMakeFiles/hd36106_replacement.dir/tree/downloaded_tools/pico/pico-sdk/lib/tinyusb/src/device/usbd.c.obj
                0x00000000200098ec                usbd_edpt_xfer
 .text.tud_control_status
                0x0000000020009934       0x30 CMakeFiles/hd36106_replacement.dir/tree/downloaded_tools/pico/pico-sdk/lib/tinyusb/src/device/usbd_control.c.obj
                0x0000000020009934                tud_control_status
 .text.tud_control_xfer
                0x0000000020009964       0xb8 CMakeFiles/hd36106_replacement.dir/tree/downloaded_tools/pico/pico-sdk/lib/tinyusb/src/device/usbd_control.c.obj
                0x0000000020009964                tud_control_xfer
 .text.usbd_control_reset
                0x0000000020009a1c       0x14 CMakeFiles/hd36106_replacement.dir/tree/downloaded_tools/pico/pico-sdk/lib/tinyusb/src/device/usbd_control.c.obj
                0x0000000020009a1c                usbd_control_reset
 .text.usbd_control_set_complete_callback
                0x0000000020009a30        0xc CMakeFiles/hd36106_replacement.dir/tree/downloaded_tools/pico/pico-sdk/lib/tinyusb/src/device/usbd_control.c.obj
                0x0000000020009a30                usbd_control_set_complete_callback
 .text.usbd_control_set_request
                0x0000000020009a3c       0x1c CMakeFiles/hd36106_replacement.dir/tree/downloaded_tools/pico/pico-sdk/lib/tinyusb/src/device/usbd_control.c.obj
                0x0000000020009a3c                usbd_control_set_request
 .text.usbd_control_xfer_cb
                0x0000000020009a58       0xf8 CMakeFiles/hd36106_replacement.dir/tree/downloaded_tools/pico/pico-sdk/lib/tinyusb/src/device/usbd_control.c.obj
                0x0000000020009a58                usbd_control_xfer_cb
 .text.tud_cdc_n_connected
                0x0000000020009b50       0x30 CMakeFiles/hd36106_replacement.dir/tree/downloaded_tools/pico/pico-sdk/lib/tinyusb/src/class/cdc/cdc_device.c.obj
                0x0000000020009b50                tud_cdc_n_connected
 .text.tud_cdc_n_available
                0x0000000020009b80       0x18 CMakeFiles/hd36106_replacement.dir/tree/downloaded_tools/pico/pico-sdk/lib/tinyusb/src/class/cdc/cdc_device.c.obj
                0x0000000020009b80                tud_cdc_n_available
 .text.tud_cdc_n_read
                0x0000000020009b98       0x70 CMakeFiles/hd36106_replacement.dir/tree/downloaded_tools/pico/pico-sdk/lib/tinyusb/src/class/cdc/cdc_device.c.obj
                0x0000000020009b98                tud_cdc_n_read
 .text.tud_cdc_n_write_flush
                0x0000000020009c08       0x78 CMakeFiles/hd36106_replacement.dir/tree/downloaded_tools/pico/pico-sdk/lib/tinyusb/src/class/cdc/cdc_device.c.obj
                0x0000000020009c08                tud_cdc_n_write_flush
 .text.tud_cdc_n_write
                0x0000000020009c80       0x34 CMakeFiles/hd36106_replacement.dir/tree/downloaded_tools/pico/pico-sdk/lib/tinyusb/src/class/cdc/cdc_device.c.obj
                0x0000000020009c80                tud_cdc_n_write
 .text.tud_cdc_n_write_available
                0x0000000020009cb4       0x18 CMakeFiles/hd36106_replacement.dir/tree/downloaded_tools/pico/pico-sdk/lib/tinyusb/src/class/cdc/cdc_device.c.obj
                0x0000000020009cb4                tud_cdc_n_write_available
 .text.cdcd_init
                0x0000000020009ccc       0x7c CMakeFiles/hd36106_replacement.dir/tree/downloaded_tools/pico/pico-sdk/lib/tinyusb/src/class/cdc/cdc_device.c.obj
                0x0000000020009ccc                cdcd_init
 .text.cdcd_reset
                0x0000000020009d48       0x2c CMakeFiles/hd36106_replacement.dir/tree/downloaded_tools/pico/pico-sdk/lib/tinyusb/src/class/cdc/cdc_device.c.obj
                0x0000000020009d48                cdcd_reset
 .text.cdcd_open
                0x0000000020009d74       0xe4 CMakeFiles/hd36106_replacement.dir/tree/downloaded_tools/pico/pico-sdk/lib/tinyusb/src/class/cdc/cdc_device.c.obj
                0x0000000020009d74                cdcd_open
 .text.cdcd_control_xfer_cb
                0x0000000020009e58       0xe4 CMakeFiles/hd36106_replacement.dir/tree/downloaded_tools/pico/pico-sdk/lib/tinyusb/src/class/cdc/cdc_device.c.obj
                0x0000000020009e58                cdcd_control_xfer_cb
 .text.cdcd_xfer_cb
                0x0000000020009f3c      0x198 CMakeFiles/hd36106_replacement.dir/tree/downloaded_tools/pico/pico-sdk/lib/tinyusb/src/class/cdc/cdc_device.c.obj
                0x0000000020009f3c                cdcd_xfer_cb
 .text.tusb_init
                0x000000002000a0d4        0xc CMakeFiles/hd36106_replacement.dir/tree/downloaded_tools/pico/pico-sdk/lib/tinyusb/src/tusb.c.obj
                0x000000002000a0d4                tusb_init
 .text.tusb_inited
                0x000000002000a0e0        0x8 CMakeFiles/hd36106_replacement.dir/tree/downloaded_tools/pico/pico-sdk/lib/tinyusb/src/tusb.c.obj
                0x000000002000a0e0                tusb_inited
 .text.tu_edpt_validate
                0x000000002000a0e8       0x78 CMakeFiles/hd36106_replacement.dir/tree/downloaded_tools/pico/pico-sdk/lib/tinyusb/src/tusb.c.obj
                0x000000002000a0e8                tu_edpt_validate
 .text.tu_edpt_bind_driver
                0x000000002000a160       0x2c CMakeFiles/hd36106_replacement.dir/tree/downloaded_tools/pico/pico-sdk/lib/tinyusb/src/tusb.c.obj
                0x000000002000a160                tu_edpt_bind_driver
 .text.tu_fifo_config
                0x000000002000a18c       0x78 CMakeFiles/hd36106_replacement.dir/tree/downloaded_tools/pico/pico-sdk/lib/tinyusb/src/common/tusb_fifo.c.obj
                0x000000002000a18c                tu_fifo_config
 .text.tu_fifo_count
                0x000000002000a204       0x20 CMakeFiles/hd36106_replacement.dir/tree/downloaded_tools/pico/pico-sdk/lib/tinyusb/src/common/tusb_fifo.c.obj
                0x000000002000a204                tu_fifo_count
 .text.tu_fifo_empty
                0x000000002000a224       0x10 CMakeFiles/hd36106_replacement.dir/tree/downloaded_tools/pico/pico-sdk/lib/tinyusb/src/common/tusb_fifo.c.obj
                0x000000002000a224                tu_fifo_empty
 .text.tu_fifo_remaining
                0x000000002000a234       0x1c CMakeFiles/hd36106_replacement.dir/tree/downloaded_tools/pico/pico-sdk/lib/tinyusb/src/common/tusb_fifo.c.obj
                0x000000002000a234                tu_fifo_remaining
 .text.tu_fifo_read
                0x000000002000a250       0x9c CMakeFiles/hd36106_replacement.dir/tree/downloaded_tools/pico/pico-sdk/lib/tinyusb/src/common/tusb_fifo.c.obj
                0x000000002000a250                tu_fifo_read
 .text.tu_fifo_read_n
                0x000000002000a2ec      0x100 CMakeFiles/hd36106_replacement.dir/tree/downloaded_tools/pico/pico-sdk/lib/tinyusb/src/common/tusb_fifo.c.obj
                0x000000002000a2ec                tu_fifo_read_n
 .text.tu_fifo_write
                0x000000002000a3ec       0x7c CMakeFiles/hd36106_replacement.dir/tree/downloaded_tools/pico/pico-sdk/lib/tinyusb/src/common/tusb_fifo.c.obj
                0x000000002000a3ec                tu_fifo_write
 .text.tu_fifo_write_n
                0x000000002000a468       0xf8 CMakeFiles/hd36106_replacement.dir/tree/downloaded_tools/pico/pico-sdk/lib/tinyusb/src/common/tusb_fifo.c.obj
                0x000000002000a468                tu_fifo_write_n
 .text.tu_fifo_clear
                0x000000002000a560       0x4c CMakeFiles/hd36106_replacement.dir/tree/downloaded_tools/pico/pico-sdk/lib/tinyusb/src/common/tusb_fifo.c.obj
                0x000000002000a560                tu_fifo_clear
 .text.tu_fifo_set_overwritable
                0x000000002000a5ac       0x3c CMakeFiles/hd36106_replacement.dir/tree/downloaded_tools/pico/pico-sdk/lib/tinyusb/src/common/tusb_fifo.c.obj
                0x000000002000a5ac                tu_fifo_set_overwritable
 .text.startup._retrieve_unique_id_on_boot
                0x000000002000a5e8       0x10 CMakeFiles/hd36106_replacement.dir/tree/downloaded_tools/pico/pico-sdk/src/rp2_common/pico_unique_id/unique_id.c.obj
 .text.pico_get_unique_board_id_string
                0x000000002000a5f8      0x1bc CMakeFiles/hd36106_replacement.dir/tree/downloaded_tools/pico/pico-sdk/src/rp2_common/pico_unique_id/unique_id.c.obj
                0x000000002000a5f8                pico_get_unique_board_id_string
 .text.flash_get_unique_id
                0x000000002000a7b4       0x40 CMakeFiles/hd36106_replacement.dir/tree/downloaded_tools/pico/pico-sdk/src/rp2_common/hardware_flash/flash.c.obj
                0x000000002000a7b4                flash_get_unique_id
 .text.core1_trampoline
                0x000000002000a7f4        0x4 CMakeFiles/hd36106_replacement.dir/tree/downloaded_tools/pico/pico-sdk/src/rp2_common/pico_multicore/multicore.c.obj
 .text.core1_wrapper
                0x000000002000a7f8        0xc CMakeFiles/hd36106_replacement.dir/tree/downloaded_tools/pico/pico-sdk/src/rp2_common/pico_multicore/multicore.c.obj
                0x000000002000a7f8                core1_wrapper
 .text.multicore_launch_core1_raw
                0x000000002000a804       0x84 CMakeFiles/hd36106_replacement.dir/tree/downloaded_tools/pico/pico-sdk/src/rp2_common/pico_multicore/multicore.c.obj
                0x000000002000a804                multicore_launch_core1_raw
 .text.multicore_launch_core1
                0x000000002000a888       0x4c CMakeFiles/hd36106_replacement.dir/tree/downloaded_tools/pico/pico-sdk/src/rp2_common/pico_multicore/multicore.c.obj
                0x000000002000a888                multicore_launch_core1
 .text.startup._GLOBAL__sub_I__ZN9__gnu_cxx9__freeresEv
                0x000000002000a8d4       0x2c /usr/lib/gcc/arm-none-eabi/9.2.1/../../../arm-none-eabi/lib/thumb/v6-m/nofp/libstdc++.a(eh_alloc.o)
 .text          0x000000002000a900       0x80 /usr/lib/gcc/arm-none-eabi/9.2.1/../../../arm-none-eabi/lib/thumb/v6-m/nofp/libm.a(lib_a-s_modf.o)
                0x000000002000a900                modf
 .text          0x000000002000a980        0x4 /usr/lib/gcc/arm-none-eabi/9.2.1/thumb/v6-m/nofp/libgcc.a(_dvmd_tls.o)
                0x000000002000a980                __aeabi_ldiv0
                0x000000002000a980                __aeabi_idiv0
 .text          0x000000002000a984       0x20 /usr/lib/gcc/arm-none-eabi/9.2.1/../../../arm-none-eabi/lib/thumb/v6-m/nofp/libc.a(lib_a-isprint.o)
                0x000000002000a984                isgraph
                0x000000002000a994                isprint
 .text          0x000000002000a9a4       0x28 /usr/lib/gcc/arm-none-eabi/9.2.1/../../../arm-none-eabi/lib/thumb/v6-m/nofp/libc.a(lib_a-malloc.o)
                0x000000002000a9a4                malloc
                0x000000002000a9b8                free
 .text          0x000000002000a9cc      0x58c /usr/lib/gcc/arm-none-eabi/9.2.1/../../../arm-none-eabi/lib/thumb/v6-m/nofp/libc.a(lib_a-mallocr.o)
                0x000000002000a9cc                _malloc_r
 .text          0x000000002000af58        0x8 /usr/lib/gcc/arm-none-eabi/9.2.1/../../../arm-none-eabi/lib/thumb/v6-m/nofp/libc.a(lib_a-mlock.o)
                0x000000002000af58                __malloc_lock
                0x000000002000af5c                __malloc_unlock
 .text          0x000000002000af60       0x24 /usr/lib/gcc/arm-none-eabi/9.2.1/../../../arm-none-eabi/lib/thumb/v6-m/nofp/libc.a(lib_a-sbrkr.o)
                0x000000002000af60                _sbrk_r
 .text          0x000000002000af84       0x50 /usr/lib/gcc/arm-none-eabi/9.2.1/../../../arm-none-eabi/lib/thumb/v6-m/nofp/libc.a(lib_a-strcat.o)
                0x000000002000af84                strcat
 .text          0x000000002000afd4       0x10 /usr/lib/gcc/arm-none-eabi/9.2.1/../../../arm-none-eabi/lib/thumb/v6-m/nofp/libc.a(lib_a-strcpy.o)
                0x000000002000afd4                strcpy
 .text          0x000000002000afe4       0x68 /usr/lib/gcc/arm-none-eabi/9.2.1/../../../arm-none-eabi/lib/thumb/v6-m/nofp/libc.a(lib_a-strlen-stub.o)
                0x000000002000afe4                strlen
 .text          0x000000002000b04c      0x27c /usr/lib/gcc/arm-none-eabi/9.2.1/../../../arm-none-eabi/lib/thumb/v6-m/nofp/libc.a(lib_a-freer.o)
                0x000000002000b04c                _malloc_trim_r
                0x000000002000b0ec                _free_r
 *(.fini)
 .fini          0x000000002000b2c8        0x4 /usr/lib/gcc/arm-none-eabi/9.2.1/thumb/v6-m/nofp/crti.o
                0x000000002000b2c8                _fini
 *fill*         0x000000002000b2cc        0x4 
 .fini.__stub   0x000000002000b2d0       0x10 linker stubs
 *crtbegin.o(.ctors)
 *crtbegin?.o(.ctors)
 *(EXCLUDE_FILE(*crtend.o *crtend?.o) .ctors)
 *(SORT_BY_NAME(.ctors.*))
 *(.ctors)
 *crtbegin.o(.dtors)
 *crtbegin?.o(.dtors)
 *(EXCLUDE_FILE(*crtend.o *crtend?.o) .dtors)
 *(SORT_BY_NAME(.dtors.*))
 *(.dtors)
 *(.eh_frame*)
 .eh_frame      0x000000002000b2e0        0x0 /usr/lib/gcc/arm-none-eabi/9.2.1/thumb/v6-m/nofp/crtbegin.o
                0x000000002000b2e0                . = ALIGN (0x4)
                0x000000002000b2e0                __ram_text_end__ = .
                0x0000000010000314                __ram_text_source__ = LOADADDR (.text)

.glue_7         0x000000002000b2e0        0x0 load address 0x000000001000b534
 .glue_7        0x000000002000b2e0        0x0 linker stubs

.glue_7t        0x000000002000b2e0        0x0 load address 0x000000001000b534
 .glue_7t       0x000000002000b2e0        0x0 linker stubs

.vfp11_veneer   0x000000002000b2e0        0x0 load address 0x000000001000b534
 .vfp11_veneer  0x000000002000b2e0        0x0 linker stubs

.v4_bx          0x000000002000b2e0        0x0 load address 0x000000001000b534
 .v4_bx         0x000000002000b2e0        0x0 linker stubs

.iplt           0x000000002000b2e0        0x0 load address 0x000000001000b534
 .iplt          0x000000002000b2e0        0x0 /usr/lib/gcc/arm-none-eabi/9.2.1/thumb/v6-m/nofp/crtbegin.o

.rel.dyn        0x000000002000b2e0        0x0 load address 0x000000001000b534
 .rel.iplt      0x000000002000b2e0        0x0 /usr/lib/gcc/arm-none-eabi/9.2.1/thumb/v6-m/nofp/crtbegin.o

.data           0x000000002000b2e0     0x28d4 load address 0x000000001000b534
                0x000000002000b2e0                __data_start__ = .
 *(vtable)
 *(.time_critical*)
 .time_critical.mutex_enter_blocking
                0x000000002000b2e0       0x48 CMakeFiles/hd36106_replacement.dir/tree/downloaded_tools/pico/pico-sdk/src/common/pico_sync/mutex.c.obj
                0x000000002000b2e0                mutex_enter_blocking
 .time_critical.mutex_try_enter
                0x000000002000b328       0x48 CMakeFiles/hd36106_replacement.dir/tree/downloaded_tools/pico/pico-sdk/src/common/pico_sync/mutex.c.obj
                0x000000002000b328                mutex_try_enter
 .time_critical.mutex_enter_timeout_ms
                0x000000002000b370       0x98 CMakeFiles/hd36106_replacement.dir/tree/downloaded_tools/pico/pico-sdk/src/common/pico_sync/mutex.c.obj
                0x000000002000b370                mutex_enter_timeout_ms
 .time_critical.mutex_exit
                0x000000002000b408       0x28 CMakeFiles/hd36106_replacement.dir/tree/downloaded_tools/pico/pico-sdk/src/common/pico_sync/mutex.c.obj
                0x000000002000b408                mutex_exit
 .time_critical.flash_init_boot2_copyout
                0x000000002000b430       0x30 CMakeFiles/hd36106_replacement.dir/tree/downloaded_tools/pico/pico-sdk/src/rp2_common/hardware_flash/flash.c.obj
 .time_critical.flash_enable_xip_via_boot2
                0x000000002000b460       0x10 CMakeFiles/hd36106_replacement.dir/tree/downloaded_tools/pico/pico-sdk/src/rp2_common/hardware_flash/flash.c.obj
 .time_critical.flash_cs_force
                0x000000002000b470       0x38 CMakeFiles/hd36106_replacement.dir/tree/downloaded_tools/pico/pico-sdk/src/rp2_common/hardware_flash/flash.c.obj
 .time_critical.flash_range_erase
                0x000000002000b4a8       0x80 CMakeFiles/hd36106_replacement.dir/tree/downloaded_tools/pico/pico-sdk/src/rp2_common/hardware_flash/flash.c.obj
                0x000000002000b4a8                flash_range_erase
 .time_critical.flash_range_program
                0x000000002000b528       0x80 CMakeFiles/hd36106_replacement.dir/tree/downloaded_tools/pico/pico-sdk/src/rp2_common/hardware_flash/flash.c.obj
                0x000000002000b528                flash_range_program
 .time_critical.flash_do_cmd
                0x000000002000b5a8       0xc4 CMakeFiles/hd36106_replacement.dir/tree/downloaded_tools/pico/pico-sdk/src/rp2_common/hardware_flash/flash.c.obj
                0x000000002000b5a8                flash_do_cmd
                0x000000002000b66c                . = ALIGN (0x4)
 *(.rodata*)
 .rodata._Z15cli_informationv.str1.4
                0x000000002000b66c       0x15 CMakeFiles/hd36106_replacement.dir/hd36106_replacement.cpp.obj
 *fill*         0x000000002000b681        0x3 
 .rodata._Z17cli_display_tracev.str1.4
                0x000000002000b684       0x19 CMakeFiles/hd36106_replacement.dir/hd36106_replacement.cpp.obj
 *fill*         0x000000002000b69d        0x3 
 .rodata._Z11serial_helpv.str1.4
                0x000000002000b6a0       0x28 CMakeFiles/hd36106_replacement.dir/hd36106_replacement.cpp.obj
 .rodata._Z14cli_text_paramv.str1.4
                0x000000002000b6c8       0x24 CMakeFiles/hd36106_replacement.dir/hd36106_replacement.cpp.obj
 .rodata._Z19cli_slot_label_listv.str1.4
                0x000000002000b6ec        0x8 CMakeFiles/hd36106_replacement.dir/hd36106_replacement.cpp.obj
 .rodata._Z20print_gpio_functionsv.str1.4
                0x000000002000b6f4        0xa CMakeFiles/hd36106_replacement.dir/hd36106_replacement.cpp.obj
 *fill*         0x000000002000b6fe        0x2 
 .rodata._Z14cli_write_bytev.str1.4
                0x000000002000b700       0x17 CMakeFiles/hd36106_replacement.dir/hd36106_replacement.cpp.obj
 *fill*         0x000000002000b717        0x1 
 .rodata._Z22cli_erase_program_slotv.str1.4
                0x000000002000b718       0x23 CMakeFiles/hd36106_replacement.dir/hd36106_replacement.cpp.obj
 *fill*         0x000000002000b73b        0x1 
 .rodata._Z21cli_slot_program_listv.str1.4
                0x000000002000b73c       0xd9 CMakeFiles/hd36106_replacement.dir/hd36106_replacement.cpp.obj
 *fill*         0x000000002000b815        0x3 
 .rodata._Z21cli_slot_program_listv
                0x000000002000b818      0x3e8 CMakeFiles/hd36106_replacement.dir/hd36106_replacement.cpp.obj
 .rodata._Z12cli_load_ramv.str1.4
                0x000000002000bc00       0x4e CMakeFiles/hd36106_replacement.dir/hd36106_replacement.cpp.obj
 *fill*         0x000000002000bc4e        0x2 
 .rodata._Z13cli_clear_ramv.str1.4
                0x000000002000bc50       0x26 CMakeFiles/hd36106_replacement.dir/hd36106_replacement.cpp.obj
 *fill*         0x000000002000bc76        0x2 
 .rodata._Z16cli_clear_ram_mpv.str1.4
                0x000000002000bc78       0x1c CMakeFiles/hd36106_replacement.dir/hd36106_replacement.cpp.obj
 .rodata._Z12cli_save_ramv.str1.4
                0x000000002000bc94       0x52 CMakeFiles/hd36106_replacement.dir/hd36106_replacement.cpp.obj
 *fill*         0x000000002000bce6        0x2 
 .rodata._Z10mem_to_strPh.str1.4
                0x000000002000bce8       0x24 CMakeFiles/hd36106_replacement.dir/hd36106_replacement.cpp.obj
 .rodata._Z14display_ram_atPh.str1.4
                0x000000002000bd0c       0x32 CMakeFiles/hd36106_replacement.dir/hd36106_replacement.cpp.obj
 *fill*         0x000000002000bd3e        0x2 
 .rodata._Z11display_ramv
                0x000000002000bd40      0x3e8 CMakeFiles/hd36106_replacement.dir/hd36106_replacement.cpp.obj
 .rodata._Z24cli_display_program_slotv.str1.4
                0x000000002000c128        0xa CMakeFiles/hd36106_replacement.dir/hd36106_replacement.cpp.obj
                                          0xe (size before relaxing)
 *fill*         0x000000002000c132        0x2 
 .rodata._Z24cli_display_program_slotv
                0x000000002000c134      0x3e8 CMakeFiles/hd36106_replacement.dir/hd36106_replacement.cpp.obj
 .rodata._Z6promptv.str1.4
                0x000000002000c51c       0x4a CMakeFiles/hd36106_replacement.dir/hd36106_replacement.cpp.obj
 *fill*         0x000000002000c566        0x2 
 .rodata._Z11serial_loopv.str1.4
                0x000000002000c568        0x3 CMakeFiles/hd36106_replacement.dir/hd36106_replacement.cpp.obj
 *fill*         0x000000002000c56b        0x1 
 .rodata._Z11cmd_catalogi.str1.4
                0x000000002000c56c       0x11 CMakeFiles/hd36106_replacement.dir/hd36106_replacement.cpp.obj
 *fill*         0x000000002000c57d        0x3 
 .rodata._Z16process_commandsv.str1.4
                0x000000002000c580       0x1f CMakeFiles/hd36106_replacement.dir/hd36106_replacement.cpp.obj
 *fill*         0x000000002000c59f        0x1 
 .rodata._Z16process_commandsv
                0x000000002000c5a0       0xdc CMakeFiles/hd36106_replacement.dir/hd36106_replacement.cpp.obj
 .rodata.main.str1.4
                0x000000002000c67c       0x69 CMakeFiles/hd36106_replacement.dir/hd36106_replacement.cpp.obj
 *fill*         0x000000002000c6e5        0x3 
 .rodata.str1.4
                0x000000002000c6e8      0x245 CMakeFiles/hd36106_replacement.dir/hd36106_replacement.cpp.obj
 *fill*         0x000000002000c92d        0x3 
 .rodata._Z24process_fx201p_executionv
                0x000000002000c930       0xd8 CMakeFiles/hd36106_replacement.dir/fx201p_execution.cpp.obj
 .rodata.spin_lock_claim_unused.str1.4
                0x000000002000ca08       0x1b CMakeFiles/hd36106_replacement.dir/tree/downloaded_tools/pico/pico-sdk/src/rp2_common/hardware_sync/sync.c.obj
 *fill*         0x000000002000ca23        0x1 
 .rodata.user_irq_claim_unused.str1.4
                0x000000002000ca24       0x1b CMakeFiles/hd36106_replacement.dir/tree/downloaded_tools/pico/pico-sdk/src/rp2_common/hardware_irq/irq.c.obj
 *fill*         0x000000002000ca3f        0x1 
 .rodata.hardware_alarm_claim.str1.4
                0x000000002000ca40       0x22 CMakeFiles/hd36106_replacement.dir/tree/downloaded_tools/pico/pico-sdk/src/rp2_common/hardware_timer/timer.c.obj
 *fill*         0x000000002000ca62        0x2 
 .rodata.panic.str1.4
                0x000000002000ca64       0x10 CMakeFiles/hd36106_replacement.dir/tree/downloaded_tools/pico/pico-sdk/src/rp2_common/pico_runtime/runtime.c.obj
                                         0x12 (size before relaxing)
 .rodata.hard_assertion_failure.str1.4
                0x000000002000ca74        0xc CMakeFiles/hd36106_replacement.dir/tree/downloaded_tools/pico/pico-sdk/src/rp2_common/pico_runtime/runtime.c.obj
 .rodata._ftoa.str1.4
                0x000000002000ca80       0x15 CMakeFiles/hd36106_replacement.dir/tree/downloaded_tools/pico/pico-sdk/src/rp2_common/pico_printf/printf.c.obj
 *fill*         0x000000002000ca95        0x3 
 .rodata._vsnprintf
                0x000000002000ca98      0x1e0 CMakeFiles/hd36106_replacement.dir/tree/downloaded_tools/pico/pico-sdk/src/rp2_common/pico_printf/printf.c.obj
 .rodata.pow10.5444
                0x000000002000cc78       0x50 CMakeFiles/hd36106_replacement.dir/tree/downloaded_tools/pico/pico-sdk/src/rp2_common/pico_printf/printf.c.obj
 .rodata.__wrap_malloc.str1.4
                0x000000002000ccc8        0xe CMakeFiles/hd36106_replacement.dir/tree/downloaded_tools/pico/pico-sdk/src/rp2_common/pico_malloc/pico_malloc.c.obj
 *fill*         0x000000002000ccd6        0x2 
 .rodata.str1.4
                0x000000002000ccd8       0x4c CMakeFiles/hd36106_replacement.dir/tree/downloaded_tools/pico/pico-sdk/src/rp2_common/pico_standard_link/binary_info.c.obj
 .rodata.__bi_44
                0x000000002000cd24        0xc CMakeFiles/hd36106_replacement.dir/tree/downloaded_tools/pico/pico-sdk/src/rp2_common/pico_standard_link/binary_info.c.obj
 .rodata.__bi_56
                0x000000002000cd30        0xc CMakeFiles/hd36106_replacement.dir/tree/downloaded_tools/pico/pico-sdk/src/rp2_common/pico_standard_link/binary_info.c.obj
 .rodata.__bi_75
                0x000000002000cd3c        0xc CMakeFiles/hd36106_replacement.dir/tree/downloaded_tools/pico/pico-sdk/src/rp2_common/pico_standard_link/binary_info.c.obj
 .rodata.__bi_81
                0x000000002000cd48        0xc CMakeFiles/hd36106_replacement.dir/tree/downloaded_tools/pico/pico-sdk/src/rp2_common/pico_standard_link/binary_info.c.obj
 .rodata.crlf_str.6065
                0x000000002000cd54        0x2 CMakeFiles/hd36106_replacement.dir/tree/downloaded_tools/pico/pico-sdk/src/rp2_common/pico_stdio/stdio.c.obj
 *fill*         0x000000002000cd56        0x2 
 .rodata.str1.4
                0x000000002000cd58       0x2c CMakeFiles/hd36106_replacement.dir/tree/downloaded_tools/pico/pico-sdk/src/rp2_common/pico_stdio_uart/stdio_uart.c.obj
 .rodata.__bi_28.4859
                0x000000002000cd84        0xc CMakeFiles/hd36106_replacement.dir/tree/downloaded_tools/pico/pico-sdk/src/rp2_common/pico_stdio_uart/stdio_uart.c.obj
 .rodata.__bi_29.4863
                0x000000002000cd90        0x8 CMakeFiles/hd36106_replacement.dir/tree/downloaded_tools/pico/pico-sdk/src/rp2_common/pico_stdio_uart/stdio_uart.c.obj
 .rodata._resetd_driver
                0x000000002000cd98       0x18 CMakeFiles/hd36106_replacement.dir/tree/downloaded_tools/pico/pico-sdk/src/rp2_common/pico_stdio_usb/reset_interface.c.obj
 .rodata.str1.4
                0x000000002000cdb0       0x13 CMakeFiles/hd36106_replacement.dir/tree/downloaded_tools/pico/pico-sdk/src/rp2_common/pico_stdio_usb/stdio_usb.c.obj
 *fill*         0x000000002000cdc3        0x1 
 .rodata.__bi_118.7207
                0x000000002000cdc4        0xc CMakeFiles/hd36106_replacement.dir/tree/downloaded_tools/pico/pico-sdk/src/rp2_common/pico_stdio_usb/stdio_usb.c.obj
 .rodata.str1.4
                0x000000002000cdd0       0x2a CMakeFiles/hd36106_replacement.dir/tree/downloaded_tools/pico/pico-sdk/src/rp2_common/pico_stdio_usb/stdio_usb_descriptors.c.obj
 *fill*         0x000000002000cdfa        0x2 
 .rodata.usbd_desc_cfg
                0x000000002000cdfc       0x54 CMakeFiles/hd36106_replacement.dir/tree/downloaded_tools/pico/pico-sdk/src/rp2_common/pico_stdio_usb/stdio_usb_descriptors.c.obj
 .rodata.usbd_desc_device
                0x000000002000ce50       0x12 CMakeFiles/hd36106_replacement.dir/tree/downloaded_tools/pico/pico-sdk/src/rp2_common/pico_stdio_usb/stdio_usb_descriptors.c.obj
 *fill*         0x000000002000ce62        0x2 
 .rodata.usbd_desc_str
                0x000000002000ce64       0x18 CMakeFiles/hd36106_replacement.dir/tree/downloaded_tools/pico/pico-sdk/src/rp2_common/pico_stdio_usb/stdio_usb_descriptors.c.obj
 .rodata.dcd_rp2040_irq.str1.4
                0x000000002000ce7c       0x14 CMakeFiles/hd36106_replacement.dir/tree/downloaded_tools/pico/pico-sdk/lib/tinyusb/src/portable/raspberrypi/rp2040/dcd_rp2040.c.obj
 .rodata._hw_endpoint_buffer_control_update32.part.0.str1.4
                0x000000002000ce90       0x1f CMakeFiles/hd36106_replacement.dir/tree/downloaded_tools/pico/pico-sdk/lib/tinyusb/src/portable/raspberrypi/rp2040/rp2040_usb.c.obj
 *fill*         0x000000002000ceaf        0x1 
 .rodata.hw_endpoint_xfer_continue.str1.4
                0x000000002000ceb0       0x29 CMakeFiles/hd36106_replacement.dir/tree/downloaded_tools/pico/pico-sdk/lib/tinyusb/src/portable/raspberrypi/rp2040/rp2040_usb.c.obj
 .rodata.str1.4
                0x000000002000ced9       0x29 CMakeFiles/hd36106_replacement.dir/tree/downloaded_tools/pico/pico-sdk/lib/tinyusb/src/portable/raspberrypi/rp2040/rp2040_usb.c.obj
                                          0x7 (size before relaxing)
 *fill*         0x000000002000ced9        0x3 
 .rodata.tud_task
                0x000000002000cedc       0x8c CMakeFiles/hd36106_replacement.dir/tree/downloaded_tools/pico/pico-sdk/lib/tinyusb/src/device/usbd.c.obj
 .rodata._usbd_driver
                0x000000002000cf68       0x18 CMakeFiles/hd36106_replacement.dir/tree/downloaded_tools/pico/pico-sdk/lib/tinyusb/src/device/usbd.c.obj
 .rodata        0x000000002000cf80      0x101 /usr/lib/gcc/arm-none-eabi/9.2.1/../../../arm-none-eabi/lib/thumb/v6-m/nofp/libc.a(lib_a-ctype_.o)
                0x000000002000cf80                _ctype_
                0x000000002000d084                . = ALIGN (0x4)
 *fill*         0x000000002000d081        0x3 
 *(.data*)
 .data.command_ptr
                0x000000002000d084        0x4 CMakeFiles/hd36106_replacement.dir/hd36106_replacement.cpp.obj
                0x000000002000d084                command_ptr
 .data.flash_slot_contents
                0x000000002000d088        0x4 CMakeFiles/hd36106_replacement.dir/hd36106_replacement.cpp.obj
                0x000000002000d088                flash_slot_contents
 .data.serial_cmds
                0x000000002000d08c      0x1bc CMakeFiles/hd36106_replacement.dir/hd36106_replacement.cpp.obj
                0x000000002000d08c                serial_cmds
 .data.dest_reg
                0x000000002000d248        0x4 CMakeFiles/hd36106_replacement.dir/fx201p_execution.cpp.obj
                0x000000002000d248                dest_reg
 .data.exec_pc  0x000000002000d24c        0x4 CMakeFiles/hd36106_replacement.dir/fx201p_execution.cpp.obj
                0x000000002000d24c                exec_pc
 .data.xref     0x000000002000d250        0x4 CMakeFiles/hd36106_replacement.dir/fx201p_execution.cpp.obj
                0x000000002000d250                xref
 .data.striped_spin_lock_num
                0x000000002000d254        0x1 CMakeFiles/hd36106_replacement.dir/tree/downloaded_tools/pico/pico-sdk/src/rp2_common/hardware_sync/sync.c.obj
 *fill*         0x000000002000d255        0x3 
 .data          0x000000002000d258       0x48 CMakeFiles/hd36106_replacement.dir/tree/downloaded_tools/pico/pico-sdk/src/rp2_common/hardware_irq/irq_handler_chain.S.obj
                0x000000002000d258                irq_handler_chain_slots
                0x000000002000d288                irq_handler_chain_first_slot
                0x000000002000d292                irq_handler_chain_remove_tail
 .data.default_alarm_pool
                0x000000002000d2a0       0x18 CMakeFiles/hd36106_replacement.dir/tree/downloaded_tools/pico/pico-sdk/src/common/pico_time/time.c.obj
 .data.default_alarm_pool_heap