Archive member included to satisfy reference by file (symbol)

/usr/lib/gcc/arm-none-eabi/9.2.1/../../../arm-none-eabi/lib/thumb/v6-m/nofp/libm.a(lib_a-s_modf.o)
                              CMakeFiles/hd36106_replacement.dir/hd36106_replacement.c.obj (modf)
/usr/lib/gcc/arm-none-eabi/9.2.1/thumb/v6-m/nofp/libgcc.a(_dvmd_tls.o)
                              CMakeFiles/hd36106_replacement.dir/tree/downloaded_tools/pico/pico-sdk/src/rp2_common/pico_divider/divider.S.obj (__aeabi_idiv0)
/usr/lib/gcc/arm-none-eabi/9.2.1/../../../arm-none-eabi/lib/thumb/v6-m/nofp/libc.a(lib_a-atexit.o)
                              /usr/lib/gcc/arm-none-eabi/9.2.1/../../../arm-none-eabi/lib/thumb/v6-m/nofp/crt0.o (atexit)
/usr/lib/gcc/arm-none-eabi/9.2.1/../../../arm-none-eabi/lib/thumb/v6-m/nofp/libc.a(lib_a-calloc.o)
                              CMakeFiles/hd36106_replacement.dir/tree/downloaded_tools/pico/pico-sdk/src/rp2_common/pico_malloc/pico_malloc.c.obj (calloc)
/usr/lib/gcc/arm-none-eabi/9.2.1/../../../arm-none-eabi/lib/thumb/v6-m/nofp/libc.a(lib_a-callocr.o)
                              /usr/lib/gcc/arm-none-eabi/9.2.1/../../../arm-none-eabi/lib/thumb/v6-m/nofp/libc.a(lib_a-calloc.o) (_calloc_r)
/usr/lib/gcc/arm-none-eabi/9.2.1/../../../arm-none-eabi/lib/thumb/v6-m/nofp/libc.a(lib_a-ctype_.o)
                              CMakeFiles/hd36106_replacement.dir/hd36106_replacement.c.obj (_ctype_)
/usr/lib/gcc/arm-none-eabi/9.2.1/../../../arm-none-eabi/lib/thumb/v6-m/nofp/libc.a(lib_a-fini.o)
                              /usr/lib/gcc/arm-none-eabi/9.2.1/../../../arm-none-eabi/lib/thumb/v6-m/nofp/crt0.o (__libc_fini_array)
/usr/lib/gcc/arm-none-eabi/9.2.1/../../../arm-none-eabi/lib/thumb/v6-m/nofp/libc.a(lib_a-impure.o)
                              /usr/lib/gcc/arm-none-eabi/9.2.1/../../../arm-none-eabi/lib/thumb/v6-m/nofp/libc.a(lib_a-calloc.o) (_impure_ptr)
/usr/lib/gcc/arm-none-eabi/9.2.1/../../../arm-none-eabi/lib/thumb/v6-m/nofp/libc.a(lib_a-init.o)
                              /usr/lib/gcc/arm-none-eabi/9.2.1/../../../arm-none-eabi/lib/thumb/v6-m/nofp/crt0.o (__libc_init_array)
/usr/lib/gcc/arm-none-eabi/9.2.1/../../../arm-none-eabi/lib/thumb/v6-m/nofp/libc.a(lib_a-malloc.o)
                              CMakeFiles/hd36106_replacement.dir/tree/downloaded_tools/pico/pico-sdk/src/rp2_common/pico_malloc/pico_malloc.c.obj (malloc)
/usr/lib/gcc/arm-none-eabi/9.2.1/../../../arm-none-eabi/lib/thumb/v6-m/nofp/libc.a(lib_a-mallocr.o)
                              /usr/lib/gcc/arm-none-eabi/9.2.1/../../../arm-none-eabi/lib/thumb/v6-m/nofp/libc.a(lib_a-callocr.o) (_malloc_r)
/usr/lib/gcc/arm-none-eabi/9.2.1/../../../arm-none-eabi/lib/thumb/v6-m/nofp/libc.a(lib_a-mlock.o)
                              /usr/lib/gcc/arm-none-eabi/9.2.1/../../../arm-none-eabi/lib/thumb/v6-m/nofp/libc.a(lib_a-mallocr.o) (__malloc_lock)
/usr/lib/gcc/arm-none-eabi/9.2.1/../../../arm-none-eabi/lib/thumb/v6-m/nofp/libc.a(lib_a-realloc.o)
                              CMakeFiles/hd36106_replacement.dir/tree/downloaded_tools/pico/pico-sdk/src/rp2_common/pico_malloc/pico_malloc.c.obj (realloc)
/usr/lib/gcc/arm-none-eabi/9.2.1/../../../arm-none-eabi/lib/thumb/v6-m/nofp/libc.a(lib_a-reallocr.o)
                              /usr/lib/gcc/arm-none-eabi/9.2.1/../../../arm-none-eabi/lib/thumb/v6-m/nofp/libc.a(lib_a-realloc.o) (_realloc_r)
/usr/lib/gcc/arm-none-eabi/9.2.1/../../../arm-none-eabi/lib/thumb/v6-m/nofp/libc.a(lib_a-sbrkr.o)
                              /usr/lib/gcc/arm-none-eabi/9.2.1/../../../arm-none-eabi/lib/thumb/v6-m/nofp/libc.a(lib_a-mallocr.o) (_sbrk_r)
/usr/lib/gcc/arm-none-eabi/9.2.1/../../../arm-none-eabi/lib/thumb/v6-m/nofp/libc.a(lib_a-strcat.o)
                              CMakeFiles/hd36106_replacement.dir/hd36106_replacement.c.obj (strcat)
/usr/lib/gcc/arm-none-eabi/9.2.1/../../../arm-none-eabi/lib/thumb/v6-m/nofp/libc.a(lib_a-strcpy.o)
                              /usr/lib/gcc/arm-none-eabi/9.2.1/../../../arm-none-eabi/lib/thumb/v6-m/nofp/libc.a(lib_a-strcat.o) (strcpy)
/usr/lib/gcc/arm-none-eabi/9.2.1/../../../arm-none-eabi/lib/thumb/v6-m/nofp/libc.a(lib_a-strlen-stub.o)
                              CMakeFiles/hd36106_replacement.dir/tree/downloaded_tools/pico/pico-sdk/src/rp2_common/pico_stdio/stdio.c.obj (strlen)
/usr/lib/gcc/arm-none-eabi/9.2.1/../../../arm-none-eabi/lib/thumb/v6-m/nofp/libc.a(lib_a-__atexit.o)
                              /usr/lib/gcc/arm-none-eabi/9.2.1/../../../arm-none-eabi/lib/thumb/v6-m/nofp/libc.a(lib_a-atexit.o) (__register_exitproc)
/usr/lib/gcc/arm-none-eabi/9.2.1/../../../arm-none-eabi/lib/thumb/v6-m/nofp/libc.a(lib_a-freer.o)
                              /usr/lib/gcc/arm-none-eabi/9.2.1/../../../arm-none-eabi/lib/thumb/v6-m/nofp/libc.a(lib_a-malloc.o) (_free_r)
/usr/lib/gcc/arm-none-eabi/9.2.1/../../../arm-none-eabi/lib/thumb/v6-m/nofp/libc.a(lib_a-memmove.o)
[...]
Memory Configuration

Name             Origin             Length             Attributes
FLASH            0x0000000010000000 0x0000000000200000 xr
RAM              0x0000000020000000 0x0000000000040000 xrw
SCRATCH_X        0x0000000020040000 0x0000000000001000 xrw
SCRATCH_Y        0x0000000020041000 0x0000000000001000 xrw
*default*        0x0000000000000000 0xffffffffffffffff

Linker script and memory map

LOAD /usr/lib/gcc/arm-none-eabi/9.2.1/thumb/v6-m/nofp/crti.o
LOAD /usr/lib/gcc/arm-none-eabi/9.2.1/thumb/v6-m/nofp/crtbegin.o
LOAD /usr/lib/gcc/arm-none-eabi/9.2.1/../../../arm-none-eabi/lib/thumb/v6-m/nofp/crt0.o

.flash_begin    0x0000000010000000        0x0
                0x0000000010000000                __flash_binary_start = .

.boot2          0x0000000010000000      0x100
                0x0000000010000000                __boot2_start__ = .
 *(.boot2)
 .boot2         0x0000000010000000      0x100 /tmp/cc3sZW9F.o
                0x0000000010000100                __boot2_end__ = .
                0x0000000000000001                ASSERT (((__boot2_end__ - __boot2_start__) == 0x100), ERROR: Pico second stage bootloader must be 256 bytes in size)

.flashtext      0x0000000010000100      0x1e0
                0x0000000010000100                __logical_binary_start = .
 *(.vectors)
 .vectors       0x0000000010000100       0xd4 CMakeFiles/hd36106_replacement.dir/tree/downloaded_tools/pico/pico-sdk/src/rp2_common/pico_standard_link/crt0.S.obj
                0x0000000010000100                __vectors
                0x0000000010000100                __VECTOR_TABLE
                0x00000000100001c0                isr_invalid
                0x00000000100001c0                __default_isrs_start
                0x00000000100001c2                isr_nmi
                0x00000000100001c4                isr_hardfault
                0x00000000100001c6                isr_svcall
                0x00000000100001c8                isr_pendsv
                0x00000000100001ca                isr_systick
                0x00000000100001cc                isr_irq30
                0x00000000100001cc                __unhandled_user_irq
                0x00000000100001cc                isr_irq13
                0x00000000100001cc                isr_irq27
                0x00000000100001cc                isr_irq31
                0x00000000100001cc                isr_irq5
                0x00000000100001cc                isr_irq11
                0x00000000100001cc                isr_irq23
                0x00000000100001cc                isr_irq18
                0x00000000100001cc                isr_irq28
                0x00000000100001cc                isr_irq19
                0x00000000100001cc                isr_irq0
                0x00000000100001cc                isr_irq6
                0x00000000100001cc                isr_irq22
                0x00000000100001cc                isr_irq17
                0x00000000100001cc                isr_irq14
                0x00000000100001cc                isr_irq2
                0x00000000100001cc                isr_irq10
                0x00000000100001cc                isr_irq8
                0x00000000100001cc                isr_irq24
                0x00000000100001cc                isr_irq1
                0x00000000100001cc                isr_irq7
                0x00000000100001cc                isr_irq21
                0x00000000100001cc                isr_irq20
                0x00000000100001cc                isr_irq15
                0x00000000100001cc                isr_irq25
                0x00000000100001cc                isr_irq4
                0x00000000100001cc                isr_irq16
                0x00000000100001cc                isr_irq29
                0x00000000100001cc                isr_irq26
                0x00000000100001cc                __default_isrs_end
                0x00000000100001cc                isr_irq3
                0x00000000100001cc                isr_irq12
                0x00000000100001cc                isr_irq9
                0x00000000100001d2                unhandled_user_irq_num_in_r0
 *(.binary_info_header)
 .binary_info_header
                0x00000000100001d4       0x14 CMakeFiles/hd36106_replacement.dir/tree/downloaded_tools/pico/pico-sdk/src/rp2_common/pico_standard_link/crt0.S.obj
                0x00000000100001e8                __binary_info_header_end = .
 *(.reset)
 .reset         0x00000000100001e8       0xb4 CMakeFiles/hd36106_replacement.dir/tree/downloaded_tools/pico/pico-sdk/src/rp2_common/pico_standard_link/crt0.S.obj
                0x00000000100001e8                _entry_point
                0x0000000010000272                __get_current_exception
 *fill*         0x000000001000029c        0x4 
 .reset.__stub  0x00000000100002a0       0x10 linker stubs
 .reset         0x00000000100002b0       0x30 CMakeFiles/hd36106_replacement.dir/tree/downloaded_tools/pico/pico-sdk/src/rp2_common/pico_standard_link/binary_info.c.obj

.rodata         0x00000000100002e0        0x0
 *(SORT_BY_ALIGNMENT(SORT_BY_NAME(.flashdata*)))
                0x00000000100002e0                . = ALIGN (0x4)

.ARM.extab
 *(.ARM.extab* .gnu.linkonce.armextab.*)
                0x00000000100002e0                __exidx_start = .

.ARM.exidx
 *(.ARM.exidx* .gnu.linkonce.armexidx.*)
                0x00000000100002e0                __exidx_end = .
                0x00000000100002e0                . = ALIGN (0x4)
                0x00000000100002e0                __binary_info_start = .

.binary_info    0x00000000100002e0       0x2c
 *(.binary_info.keep.*)
 .binary_info.keep.__bi_ptr22
                0x00000000100002e0        0x4 CMakeFiles/hd36106_replacement.dir/tree/downloaded_tools/pico/pico-sdk/src/rp2_common/pico_standard_link/binary_info.c.obj
 .binary_info.keep.__bi_ptr30
                0x00000000100002e4        0x4 CMakeFiles/hd36106_replacement.dir/tree/downloaded_tools/pico/pico-sdk/src/rp2_common/pico_standard_link/binary_info.c.obj
 .binary_info.keep.__bi_ptr38
                0x00000000100002e8        0x4 CMakeFiles/hd36106_replacement.dir/tree/downloaded_tools/pico/pico-sdk/src/rp2_common/pico_standard_link/binary_info.c.obj
 .binary_info.keep.__bi_ptr44
                0x00000000100002ec        0x4 CMakeFiles/hd36106_replacement.dir/tree/downloaded_tools/pico/pico-sdk/src/rp2_common/pico_standard_link/binary_info.c.obj
 .binary_info.keep.__bi_ptr50
                0x00000000100002f0        0x4 CMakeFiles/hd36106_replacement.dir/tree/downloaded_tools/pico/pico-sdk/src/rp2_common/pico_standard_link/binary_info.c.obj
 .binary_info.keep.__bi_ptr56
                0x00000000100002f4        0x4 CMakeFiles/hd36106_replacement.dir/tree/downloaded_tools/pico/pico-sdk/src/rp2_common/pico_standard_link/binary_info.c.obj
 .binary_info.keep.__bi_ptr75
                0x00000000100002f8        0x4 CMakeFiles/hd36106_replacement.dir/tree/downloaded_tools/pico/pico-sdk/src/rp2_common/pico_standard_link/binary_info.c.obj
 .binary_info.keep.__bi_ptr81
                0x00000000100002fc        0x4 CMakeFiles/hd36106_replacement.dir/tree/downloaded_tools/pico/pico-sdk/src/rp2_common/pico_standard_link/binary_info.c.obj
 *(.binary_info.*)
 .binary_info.__bi_ptr28
                0x0000000010000300        0x4 CMakeFiles/hd36106_replacement.dir/tree/downloaded_tools/pico/pico-sdk/src/rp2_common/pico_stdio_uart/stdio_uart.c.obj
 .binary_info.__bi_ptr29
                0x0000000010000304        0x4 CMakeFiles/hd36106_replacement.dir/tree/downloaded_tools/pico/pico-sdk/src/rp2_common/pico_stdio_uart/stdio_uart.c.obj
 .binary_info.__bi_ptr118
                0x0000000010000308        0x4 CMakeFiles/hd36106_replacement.dir/tree/downloaded_tools/pico/pico-sdk/src/rp2_common/pico_stdio_usb/stdio_usb.c.obj
                0x000000001000030c                __binary_info_end = .
                0x000000001000030c                . = ALIGN (0x4)

.ram_vector_table
                0x0000000020000000       0xc0
 *(.ram_vector_table)
 .ram_vector_table
                0x0000000020000000       0xc0 CMakeFiles/hd36106_replacement.dir/tree/downloaded_tools/pico/pico-sdk/src/rp2_common/pico_runtime/runtime.c.obj
                0x0000000020000000                ram_vector_table

.text           0x00000000200000c0    0x10968 load address 0x000000001000030c
                0x00000000200000c0                __ram_text_start__ = .
 *(.init)
 .init          0x00000000200000c0        0x4 /usr/lib/gcc/arm-none-eabi/9.2.1/thumb/v6-m/nofp/crti.o
                0x00000000200000c0                _init
 *(.text*)
 .text          0x00000000200000c4       0x98 /usr/lib/gcc/arm-none-eabi/9.2.1/thumb/v6-m/nofp/crtbegin.o
 .text.cli_digit
                0x000000002000015c       0x20 CMakeFiles/hd36106_replacement.dir/hd36106_replacement.c.obj
                0x000000002000015c                cli_digit
 .text.cli_zero_parameter
                0x000000002000017c        0xc CMakeFiles/hd36106_replacement.dir/hd36106_replacement.c.obj
                0x000000002000017c                cli_zero_parameter
 .text.cli_set_address
                0x0000000020000188       0x14 CMakeFiles/hd36106_replacement.dir/hd36106_replacement.c.obj
                0x0000000020000188                cli_set_address
 .text.cli_start_tracing
                0x000000002000019c       0x3c CMakeFiles/hd36106_replacement.dir/hd36106_replacement.c.obj
                0x000000002000019c                cli_start_tracing
 .text.cli_toggle_auto_increment_parameter
                0x00000000200001d8       0x10 CMakeFiles/hd36106_replacement.dir/hd36106_replacement.c.obj
                0x00000000200001d8                cli_toggle_auto_increment_parameter
 .text.cli_toggle_auto_increment_address
                0x00000000200001e8       0x10 CMakeFiles/hd36106_replacement.dir/hd36106_replacement.c.obj
                0x00000000200001e8                cli_toggle_auto_increment_address
 .text.cli_information
                0x00000000200001f8       0x24 CMakeFiles/hd36106_replacement.dir/hd36106_replacement.c.obj
                0x00000000200001f8                cli_information
 .text.cli_display_trace
                0x000000002000021c       0xc0 CMakeFiles/hd36106_replacement.dir/hd36106_replacement.c.obj
                0x000000002000021c                cli_display_trace
 .text.cli_slot_label_list
                0x00000000200002dc       0x80 CMakeFiles/hd36106_replacement.dir/hd36106_replacement.c.obj
                0x00000000200002dc                cli_slot_label_list
 .text.serial_help
                0x000000002000035c       0x3c CMakeFiles/hd36106_replacement.dir/hd36106_replacement.c.obj
                0x000000002000035c                serial_help
 .text.core1_main
                0x0000000020000398      0x408 CMakeFiles/hd36106_replacement.dir/hd36106_replacement.c.obj
                0x0000000020000398                core1_main
 .text.cli_label_slot
                0x00000000200007a0       0x58 CMakeFiles/hd36106_replacement.dir/hd36106_replacement.c.obj
                0x00000000200007a0                cli_label_slot
 .text.cli_text_param
                0x00000000200007f8       0x40 CMakeFiles/hd36106_replacement.dir/hd36106_replacement.c.obj
                0x00000000200007f8                cli_text_param
 .text.cli_execute
                0x0000000020000838        0x8 CMakeFiles/hd36106_replacement.dir/hd36106_replacement.c.obj
                0x0000000020000838                cli_execute
 .text.print_gpio_functions
                0x0000000020000840       0x28 CMakeFiles/hd36106_replacement.dir/hd36106_replacement.c.obj
                0x0000000020000840                print_gpio_functions
 .text.cli_write_byte
                0x0000000020000868       0x48 CMakeFiles/hd36106_replacement.dir/hd36106_replacement.c.obj
                0x0000000020000868                cli_write_byte
 .text.cli_boot_mass
                0x00000000200008b0       0x14 CMakeFiles/hd36106_replacement.dir/hd36106_replacement.c.obj
                0x00000000200008b0                cli_boot_mass
 .text.cli_erase_program_slot
                0x00000000200008c4       0x44 CMakeFiles/hd36106_replacement.dir/hd36106_replacement.c.obj
                0x00000000200008c4                cli_erase_program_slot
 .text.cli_slot_program_list
                0x0000000020000908      0x388 CMakeFiles/hd36106_replacement.dir/hd36106_replacement.c.obj
                0x0000000020000908                cli_slot_program_list
 .text.cli_load_ram
                0x0000000020000c90       0x58 CMakeFiles/hd36106_replacement.dir/hd36106_replacement.c.obj
                0x0000000020000c90                cli_load_ram
 .text.cli_clear_ram
                0x0000000020000ce8       0x3c CMakeFiles/hd36106_replacement.dir/hd36106_replacement.c.obj
                0x0000000020000ce8                cli_clear_ram
 .text.cli_clear_ram_mp
                0x0000000020000d24       0x68 CMakeFiles/hd36106_replacement.dir/hd36106_replacement.c.obj
                0x0000000020000d24                cli_clear_ram_mp
 .text.cli_load_ram_mp
                0x0000000020000d8c       0x8c CMakeFiles/hd36106_replacement.dir/hd36106_replacement.c.obj
                0x0000000020000d8c                cli_load_ram_mp
 .text.cli_save_ram
                0x0000000020000e18       0x90 CMakeFiles/hd36106_replacement.dir/hd36106_replacement.c.obj
                0x0000000020000e18                cli_save_ram
 .text.set_gpio_input
                0x0000000020000ea8       0x20 CMakeFiles/hd36106_replacement.dir/hd36106_replacement.c.obj
                0x0000000020000ea8                set_gpio_input
 .text.dbl_to_mem
                0x0000000020000ec8      0x34c CMakeFiles/hd36106_replacement.dir/hd36106_replacement.c.obj
                0x0000000020000ec8                dbl_to_mem
 .text.mem_to_str
                0x0000000020001214      0x20c CMakeFiles/hd36106_replacement.dir/hd36106_replacement.c.obj
                0x0000000020001214                mem_to_str
 .text.mem_to_dbl
                0x0000000020001420      0x250 CMakeFiles/hd36106_replacement.dir/hd36106_replacement.c.obj
                0x0000000020001420                mem_to_dbl
 .text.display_ram_at
                0x0000000020001670       0xa8 CMakeFiles/hd36106_replacement.dir/hd36106_replacement.c.obj
                0x0000000020001670                display_ram_at
 .text.display_ram
                0x0000000020001718      0x300 CMakeFiles/hd36106_replacement.dir/hd36106_replacement.c.obj
                0x0000000020001718                display_ram
 .text.cli_display_program_slot
                0x0000000020001a18      0x334 CMakeFiles/hd36106_replacement.dir/hd36106_replacement.c.obj
                0x0000000020001a18                cli_display_program_slot
 .text.save_ram
                0x0000000020001d4c       0x94 CMakeFiles/hd36106_replacement.dir/hd36106_replacement.c.obj
                0x0000000020001d4c                save_ram
 .text.cli_save_ram_mp
                0x0000000020001de0       0x4c CMakeFiles/hd36106_replacement.dir/hd36106_replacement.c.obj
                0x0000000020001de0                cli_save_ram_mp
 .text.cmd_catalog
                0x0000000020001e2c       0xcc CMakeFiles/hd36106_replacement.dir/hd36106_replacement.c.obj
                0x0000000020001e2c                cmd_catalog
 .text.process_commands
                0x0000000020001ef8      0x2c8 CMakeFiles/hd36106_replacement.dir/hd36106_replacement.c.obj
                0x0000000020001ef8                process_commands
 .text.startup.main
                0x00000000200021c0      0x26c CMakeFiles/hd36106_replacement.dir/hd36106_replacement.c.obj
                0x00000000200021c0                main
 .text.execution_start
                0x000000002000242c       0x18 CMakeFiles/hd36106_replacement.dir/fx201p_execution.c.obj
                0x000000002000242c                execution_start
 .text.process_fx201p_execution
                0x0000000020002444      0x274 CMakeFiles/hd36106_replacement.dir/fx201p_execution.c.obj
                0x0000000020002444                process_fx201p_execution
 .text.bid128_from_int32
                0x00000000200026b8       0x28 CMakeFiles/hd36106_replacement.dir/bid_from_int.c.obj
                0x00000000200026b8                bid128_from_int32
 .text.bid128_to_string
                0x00000000200026e0     0x1050 CMakeFiles/hd36106_replacement.dir/bid128_string.c.obj
                0x00000000200026e0                bid128_to_string
 .text.bid_handle_UF_128_rem
                0x0000000020003730      0xa0c CMakeFiles/hd36106_replacement.dir/bid128_div.c.obj
 .text.handle_UF_128
                0x000000002000413c      0x980 CMakeFiles/hd36106_replacement.dir/bid128_div.c.obj
 .text.bid___div_256_by_128.isra.0
                0x0000000020004abc      0x9cc CMakeFiles/hd36106_replacement.dir/bid128_div.c.obj
 .text.bid128_div
                0x0000000020005488     0x2f58 CMakeFiles/hd36106_replacement.dir/bid128_div.c.obj
                0x0000000020005488                bid128_div
 .text.set_sys_clock_pll
                0x00000000200083e0       0x78 CMakeFiles/hd36106_replacement.dir/tree/downloaded_tools/pico/pico-sdk/src/rp2_common/pico_stdlib/stdlib.c.obj
                0x00000000200083e0                set_sys_clock_pll
 .text.check_sys_clock_khz
                0x0000000020008458      0x16c CMakeFiles/hd36106_replacement.dir/tree/downloaded_tools/pico/pico-sdk/src/rp2_common/pico_stdlib/stdlib.c.obj
                0x0000000020008458                check_sys_clock_khz
 .text.gpio_set_function
                0x00000000200085c4       0x30 CMakeFiles/hd36106_replacement.dir/tree/downloaded_tools/pico/pico-sdk/src/rp2_common/hardware_gpio/gpio.c.obj
                0x00000000200085c4                gpio_set_function
 .text.gpio_get_function
                0x00000000200085f4       0x14 CMakeFiles/hd36106_replacement.dir/tree/downloaded_tools/pico/pico-sdk/src/rp2_common/hardware_gpio/gpio.c.obj
                0x00000000200085f4                gpio_get_function
 .text.gpio_set_pulls
                0x0000000020008608       0x30 CMakeFiles/hd36106_replacement.dir/tree/downloaded_tools/pico/pico-sdk/src/rp2_common/hardware_gpio/gpio.c.obj
                0x0000000020008608                gpio_set_pulls
 .text.gpio_init
                0x0000000020008638       0x3c CMakeFiles/hd36106_replacement.dir/tree/downloaded_tools/pico/pico-sdk/src/rp2_common/hardware_gpio/gpio.c.obj
                0x0000000020008638                gpio_init
 .text.hw_claim_or_assert
                0x0000000020008674       0x48 CMakeFiles/hd36106_replacement.dir/tree/downloaded_tools/pico/pico-sdk/src/rp2_common/hardware_claim/claim.c.obj
                0x0000000020008674                hw_claim_or_assert
 .text.hw_claim_unused_from_range
                0x00000000200086bc       0x9c CMakeFiles/hd36106_replacement.dir/tree/downloaded_tools/pico/pico-sdk/src/rp2_common/hardware_claim/claim.c.obj
                0x00000000200086bc                hw_claim_unused_from_range
 .text.running_on_fpga
                0x0000000020008758       0x10 CMakeFiles/hd36106_replacement.dir/tree/downloaded_tools/pico/pico-sdk/src/rp2_common/pico_platform/platform.c.obj
                0x0000000020008758                running_on_fpga
 .text.spin_locks_reset
                0x0000000020008768       0x1c CMakeFiles/hd36106_replacement.dir/tree/downloaded_tools/pico/pico-sdk/src/rp2_common/hardware_sync/sync.c.obj
                0x0000000020008768                spin_locks_reset
 .text.next_striped_spin_lock_num
                0x0000000020008784       0x18 CMakeFiles/hd36106_replacement.dir/tree/downloaded_tools/pico/pico-sdk/src/rp2_common/hardware_sync/sync.c.obj
                0x0000000020008784                next_striped_spin_lock_num
 .text.spin_lock_claim_unused
                0x000000002000879c       0x20 CMakeFiles/hd36106_replacement.dir/tree/downloaded_tools/pico/pico-sdk/src/rp2_common/hardware_sync/sync.c.obj
                0x000000002000879c                spin_lock_claim_unused
 .text.irq_set_enabled
                0x00000000200087bc       0x24 CMakeFiles/hd36106_replacement.dir/tree/downloaded_tools/pico/pico-sdk/src/rp2_common/hardware_irq/irq.c.obj
                0x00000000200087bc                irq_set_enabled
 .text.irq_is_enabled
                0x00000000200087e0       0x18 CMakeFiles/hd36106_replacement.dir/tree/downloaded_tools/pico/pico-sdk/src/rp2_common/hardware_irq/irq.c.obj
                0x00000000200087e0                irq_is_enabled
 .text.irq_set_mask_enabled
                0x00000000200087f8       0x20 CMakeFiles/hd36106_replacement.dir/tree/downloaded_tools/pico/pico-sdk/src/rp2_common/hardware_irq/irq.c.obj
                0x00000000200087f8                irq_set_mask_enabled
 .text.irq_set_pending
                0x0000000020008818       0x10 CMakeFiles/hd36106_replacement.dir/tree/downloaded_tools/pico/pico-sdk/src/rp2_common/hardware_irq/irq.c.obj
                0x0000000020008818                irq_set_pending
 .text.irq_has_shared_handler
                0x0000000020008828       0x2c CMakeFiles/hd36106_replacement.dir/tree/downloaded_tools/pico/pico-sdk/src/rp2_common/hardware_irq/irq.c.obj
                0x0000000020008828                irq_has_shared_handler
 .text.irq_get_vtable_handler
                0x0000000020008854       0x10 CMakeFiles/hd36106_replacement.dir/tree/downloaded_tools/pico/pico-sdk/src/rp2_common/hardware_irq/irq.c.obj
                0x0000000020008854                irq_get_vtable_handler
 .text.irq_set_exclusive_handler
                0x0000000020008864       0x54 CMakeFiles/hd36106_replacement.dir/tree/downloaded_tools/pico/pico-sdk/src/rp2_common/hardware_irq/irq.c.obj
                0x0000000020008864                irq_set_exclusive_handler
 .text.irq_add_shared_handler
                0x00000000200088b8      0x1c0 CMakeFiles/hd36106_replacement.dir/tree/downloaded_tools/pico/pico-sdk/src/rp2_common/hardware_irq/irq.c.obj
                0x00000000200088b8                irq_add_shared_handler
 .text.irq_remove_handler
                0x0000000020008a78      0x1b4 CMakeFiles/hd36106_replacement.dir/tree/downloaded_tools/pico/pico-sdk/src/rp2_common/hardware_irq/irq.c.obj
                0x0000000020008a78                irq_remove_handler
 .text.irq_add_tail_to_free_list
                0x0000000020008c2c       0xb8 CMakeFiles/hd36106_replacement.dir/tree/downloaded_tools/pico/pico-sdk/src/rp2_common/hardware_irq/irq.c.obj
                0x0000000020008c2c                irq_add_tail_to_free_list
 .text.irq_init_priorities
                0x0000000020008ce4       0x24 CMakeFiles/hd36106_replacement.dir/tree/downloaded_tools/pico/pico-sdk/src/rp2_common/hardware_irq/irq.c.obj
                0x0000000020008ce4                irq_init_priorities
 .text.user_irq_claim_unused
                0x0000000020008d08       0x30 CMakeFiles/hd36106_replacement.dir/tree/downloaded_tools/pico/pico-sdk/src/rp2_common/hardware_irq/irq.c.obj
                0x0000000020008d08                user_irq_claim_unused
 .text.lock_init
                0x0000000020008d38       0x10 CMakeFiles/hd36106_replacement.dir/tree/downloaded_tools/pico/pico-sdk/src/common/pico_sync/lock_core.c.obj
                0x0000000020008d38                lock_init
 .text.timer_pool_entry_comparator
                0x0000000020008d48       0x34 CMakeFiles/hd36106_replacement.dir/tree/downloaded_tools/pico/pico-sdk/src/common/pico_time/time.c.obj
                0x0000000020008d48                timer_pool_entry_comparator
 .text.sleep_until_callback
                0x0000000020008d7c       0x30 CMakeFiles/hd36106_replacement.dir/tree/downloaded_tools/pico/pico-sdk/src/common/pico_time/time.c.obj
 .text.alarm_pool_add_alarm_at.constprop.0
                0x0000000020008dac      0x128 CMakeFiles/hd36106_replacement.dir/tree/downloaded_tools/pico/pico-sdk/src/common/pico_time/time.c.obj
 .text.add_alarm_under_lock
                0x0000000020008ed4      0x108 CMakeFiles/hd36106_replacement.dir/tree/downloaded_tools/pico/pico-sdk/src/common/pico_time/time.c.obj
 .text.alarm_pool_alarm_callback
                0x0000000020008fdc      0x1c8 CMakeFiles/hd36106_replacement.dir/tree/downloaded_tools/pico/pico-sdk/src/common/pico_time/time.c.obj
 .text.alarm_pool_init_default
                0x00000000200091a4       0x64 CMakeFiles/hd36106_replacement.dir/tree/downloaded_tools/pico/pico-sdk/src/common/pico_time/time.c.obj
                0x00000000200091a4                alarm_pool_init_default
 .text.alarm_pool_get_default
                0x0000000020009208        0x8 CMakeFiles/hd36106_replacement.dir/tree/downloaded_tools/pico/pico-sdk/src/common/pico_time/time.c.obj
                0x0000000020009208                alarm_pool_get_default
 .text.alarm_pool_add_alarm_at
                0x0000000020009210      0x1ac CMakeFiles/hd36106_replacement.dir/tree/downloaded_tools/pico/pico-sdk/src/common/pico_time/time.c.obj
                0x0000000020009210                alarm_pool_add_alarm_at
 .text.sleep_until
                0x00000000200093bc       0xac CMakeFiles/hd36106_replacement.dir/tree/downloaded_tools/pico/pico-sdk/src/common/pico_time/time.c.obj
                0x00000000200093bc                sleep_until
 .text.sleep_ms
                0x0000000020009468       0x38 CMakeFiles/hd36106_replacement.dir/tree/downloaded_tools/pico/pico-sdk/src/common/pico_time/time.c.obj
                0x0000000020009468                sleep_ms
 .text.best_effort_wfe_or_timeout
                0x00000000200094a0       0xd4 CMakeFiles/hd36106_replacement.dir/tree/downloaded_tools/pico/pico-sdk/src/common/pico_time/time.c.obj
                0x00000000200094a0                best_effort_wfe_or_timeout
 .text.hardware_alarm_irq_handler
                0x0000000020009574       0xb8 CMakeFiles/hd36106_replacement.dir/tree/downloaded_tools/pico/pico-sdk/src/rp2_common/hardware_timer/timer.c.obj
 .text.hardware_alarm_claim
                0x000000002000962c       0x18 CMakeFiles/hd36106_replacement.dir/tree/downloaded_tools/pico/pico-sdk/src/rp2_common/hardware_timer/timer.c.obj
                0x000000002000962c                hardware_alarm_claim
 .text.time_us_64
                0x0000000020009644       0x14 CMakeFiles/hd36106_replacement.dir/tree/downloaded_tools/pico/pico-sdk/src/rp2_common/hardware_timer/timer.c.obj
                0x0000000020009644                time_us_64
 .text.busy_wait_us
                0x0000000020009658       0x54 CMakeFiles/hd36106_replacement.dir/tree/downloaded_tools/pico/pico-sdk/src/rp2_common/hardware_timer/timer.c.obj
                0x0000000020009658                busy_wait_us
 .text.busy_wait_until
                0x00000000200096ac       0x20 CMakeFiles/hd36106_replacement.dir/tree/downloaded_tools/pico/pico-sdk/src/rp2_common/hardware_timer/timer.c.obj
                0x00000000200096ac                busy_wait_until
 .text.hardware_alarm_set_callback
                0x00000000200096cc       0x8c CMakeFiles/hd36106_replacement.dir/tree/downloaded_tools/pico/pico-sdk/src/rp2_common/hardware_timer/timer.c.obj
                0x00000000200096cc                hardware_alarm_set_callback
 .text.hardware_alarm_set_target
                0x0000000020009758       0xe4 CMakeFiles/hd36106_replacement.dir/tree/downloaded_tools/pico/pico-sdk/src/rp2_common/hardware_timer/timer.c.obj
                0x0000000020009758                hardware_alarm_set_target
 .text.hardware_alarm_cancel
                0x000000002000983c       0x40 CMakeFiles/hd36106_replacement.dir/tree/downloaded_tools/pico/pico-sdk/src/rp2_common/hardware_timer/timer.c.obj
                0x000000002000983c                hardware_alarm_cancel
 .text.ph_merge_nodes
                0x000000002000987c       0x68 CMakeFiles/hd36106_replacement.dir/tree/downloaded_tools/pico/pico-sdk/src/common/pico_util/pheap.c.obj
 .text.ph_post_alloc_init
                0x00000000200098e4       0x3c CMakeFiles/hd36106_replacement.dir/tree/downloaded_tools/pico/pico-sdk/src/common/pico_util/pheap.c.obj
                0x00000000200098e4                ph_post_alloc_init
 .text.ph_merge_two_pass
                0x0000000020009920       0x90 CMakeFiles/hd36106_replacement.dir/tree/downloaded_tools/pico/pico-sdk/src/common/pico_util/pheap.c.obj
                0x0000000020009920                ph_merge_two_pass
 .text.ph_remove_any_head
                0x00000000200099b0       0xf8 CMakeFiles/hd36106_replacement.dir/tree/downloaded_tools/pico/pico-sdk/src/common/pico_util/pheap.c.obj
 .text.ph_remove_head
                0x0000000020009aa8      0x13c CMakeFiles/hd36106_replacement.dir/tree/downloaded_tools/pico/pico-sdk/src/common/pico_util/pheap.c.obj
                0x0000000020009aa8                ph_remove_head
 .text.ph_remove_and_free_node
                0x0000000020009be4       0x7c CMakeFiles/hd36106_replacement.dir/tree/downloaded_tools/pico/pico-sdk/src/common/pico_util/pheap.c.obj
                0x0000000020009be4                ph_remove_and_free_node
 .text.mutex_init
                0x0000000020009c60       0x1c CMakeFiles/hd36106_replacement.dir/tree/downloaded_tools/pico/pico-sdk/src/common/pico_sync/mutex.c.obj
                0x0000000020009c60                mutex_init
 .text.recursive_mutex_init
                0x0000000020009c7c       0x1c CMakeFiles/hd36106_replacement.dir/tree/downloaded_tools/pico/pico-sdk/src/common/pico_sync/mutex.c.obj
                0x0000000020009c7c                recursive_mutex_init
 .text.critical_section_init
                0x0000000020009c98       0x1c CMakeFiles/hd36106_replacement.dir/tree/downloaded_tools/pico/pico-sdk/src/common/pico_sync/critical_section.c.obj
                0x0000000020009c98                critical_section_init
 .text.uart_init
                0x0000000020009cb4       0xe4 CMakeFiles/hd36106_replacement.dir/tree/downloaded_tools/pico/pico-sdk/src/rp2_common/hardware_uart/uart.c.obj
                0x0000000020009cb4                uart_init
 .text.runtime_init
                0x0000000020009d98       0xf0 CMakeFiles/hd36106_replacement.dir/tree/downloaded_tools/pico/pico-sdk/src/rp2_common/pico_runtime/runtime.c.obj
                0x0000000020009d98                runtime_init
 .text.exit     0x0000000020009e88        0x4 CMakeFiles/hd36106_replacement.dir/tree/downloaded_tools/pico/pico-sdk/src/rp2_common/pico_runtime/runtime.c.obj
                0x0000000020009e88                exit
 .text.panic    0x0000000020009e8c       0x30 CMakeFiles/hd36106_replacement.dir/tree/downloaded_tools/pico/pico-sdk/src/rp2_common/pico_runtime/runtime.c.obj
                0x0000000020009e8c                panic
 .text.hard_assertion_failure
                0x0000000020009ebc        0xc CMakeFiles/hd36106_replacement.dir/tree/downloaded_tools/pico/pico-sdk/src/rp2_common/pico_runtime/runtime.c.obj
                0x0000000020009ebc                hard_assertion_failure
 .text.clock_configure
                0x0000000020009ec8      0x114 CMakeFiles/hd36106_replacement.dir/tree/downloaded_tools/pico/pico-sdk/src/rp2_common/hardware_clocks/clocks.c.obj
                0x0000000020009ec8                clock_configure
 .text.clocks_init
                0x0000000020009fdc      0x2bc CMakeFiles/hd36106_replacement.dir/tree/downloaded_tools/pico/pico-sdk/src/rp2_common/hardware_clocks/clocks.c.obj
                0x0000000020009fdc                clocks_init
 .text.clock_get_hz
                0x000000002000a298        0xc CMakeFiles/hd36106_replacement.dir/tree/downloaded_tools/pico/pico-sdk/src/rp2_common/hardware_clocks/clocks.c.obj
                0x000000002000a298                clock_get_hz
 .text.pll_init
                0x000000002000a2a4       0xa8 CMakeFiles/hd36106_replacement.dir/tree/downloaded_tools/pico/pico-sdk/src/rp2_common/hardware_pll/pll.c.obj
                0x000000002000a2a4                pll_init
 .text.watchdog_start_tick
                0x000000002000a34c       0x10 CMakeFiles/hd36106_replacement.dir/tree/downloaded_tools/pico/pico-sdk/src/rp2_common/hardware_watchdog/watchdog.c.obj
                0x000000002000a34c                watchdog_start_tick
 .text.watchdog_reboot
                0x000000002000a35c       0x98 CMakeFiles/hd36106_replacement.dir/tree/downloaded_tools/pico/pico-sdk/src/rp2_common/hardware_watchdog/watchdog.c.obj
                0x000000002000a35c                watchdog_reboot
 .text.xosc_init
                0x000000002000a3f4       0x28 CMakeFiles/hd36106_replacement.dir/tree/downloaded_tools/pico/pico-sdk/src/rp2_common/hardware_xosc/xosc.c.obj
                0x000000002000a3f4                xosc_init
 .text._out_buffer
                0x000000002000a41c        0x8 CMakeFiles/hd36106_replacement.dir/tree/downloaded_tools/pico/pico-sdk/src/rp2_common/pico_printf/printf.c.obj
 .text._out_null
                0x000000002000a424        0x4 CMakeFiles/hd36106_replacement.dir/tree/downloaded_tools/pico/pico-sdk/src/rp2_common/pico_printf/printf.c.obj
 .text._out_rev
                0x000000002000a428       0xd0 CMakeFiles/hd36106_replacement.dir/tree/downloaded_tools/pico/pico-sdk/src/rp2_common/pico_printf/printf.c.obj
 .text._ntoa_format
                0x000000002000a4f8      0x1d0 CMakeFiles/hd36106_replacement.dir/tree/downloaded_tools/pico/pico-sdk/src/rp2_common/pico_printf/printf.c.obj
 .text._out_char
                0x000000002000a6c8       0x10 CMakeFiles/hd36106_replacement.dir/tree/downloaded_tools/pico/pico-sdk/src/rp2_common/pico_printf/printf.c.obj
 .text._out_fct
                0x000000002000a6d8       0x10 CMakeFiles/hd36106_replacement.dir/tree/downloaded_tools/pico/pico-sdk/src/rp2_common/pico_printf/printf.c.obj
 .text._etoa    0x000000002000a6e8      0x478 CMakeFiles/hd36106_replacement.dir/tree/downloaded_tools/pico/pico-sdk/src/rp2_common/pico_printf/printf.c.obj
 .text._ftoa    0x000000002000ab60      0x3e0 CMakeFiles/hd36106_replacement.dir/tree/downloaded_tools/pico/pico-sdk/src/rp2_common/pico_printf/printf.c.obj
 .text._vsnprintf
                0x000000002000af40      0xb08 CMakeFiles/hd36106_replacement.dir/tree/downloaded_tools/pico/pico-sdk/src/rp2_common/pico_printf/printf.c.obj
 .text.__wrap_sprintf
                0x000000002000ba48       0x28 CMakeFiles/hd36106_replacement.dir/tree/downloaded_tools/pico/pico-sdk/src/rp2_common/pico_printf/printf.c.obj
                0x000000002000ba48                __wrap_sprintf
 .text.vfctprintf
                0x000000002000ba70       0x20 CMakeFiles/hd36106_replacement.dir/tree/downloaded_tools/pico/pico-sdk/src/rp2_common/pico_printf/printf.c.obj
                0x000000002000ba70                vfctprintf
 .text.weak_raw_vprintf
                0x000000002000ba90       0x30 CMakeFiles/hd36106_replacement.dir/tree/downloaded_tools/pico/pico-sdk/src/rp2_common/pico_printf/printf.c.obj
                0x000000002000ba90                weak_raw_vprintf
 .text          0x000000002000bac0       0x10 CMakeFiles/hd36106_replacement.dir/tree/downloaded_tools/pico/pico-sdk/src/rp2_common/pico_bit_ops/bit_ops_aeabi.S.obj
 .text.rom_func_lookup
                0x000000002000bad0       0x10 CMakeFiles/hd36106_replacement.dir/tree/downloaded_tools/pico/pico-sdk/src/rp2_common/pico_bootrom/bootrom.c.obj
                0x000000002000bad0                rom_func_lookup
 .text.rom_data_lookup
                0x000000002000bae0       0x10 CMakeFiles/hd36106_replacement.dir/tree/downloaded_tools/pico/pico-sdk/src/rp2_common/pico_bootrom/bootrom.c.obj
                0x000000002000bae0                rom_data_lookup
 .text.rom_funcs_lookup
                0x000000002000baf0       0x3c CMakeFiles/hd36106_replacement.dir/tree/downloaded_tools/pico/pico-sdk/src/rp2_common/pico_bootrom/bootrom.c.obj
                0x000000002000baf0                rom_funcs_lookup
 .text.__wrap___aeabi_idiv
                0x000000002000bb2c       0x50 CMakeFiles/hd36106_replacement.dir/tree/downloaded_tools/pico/pico-sdk/src/rp2_common/pico_divider/divider.S.obj
                0x000000002000bb2c                __wrap___aeabi_idivmod
                0x000000002000bb2c                divmod_s32s32
                0x000000002000bb2c                div_s32s32
                0x000000002000bb2c                __wrap___aeabi_idiv
                0x000000002000bb34                divmod_s32s32_unsafe
                0x000000002000bb60                divmod_s32s32_savestate
 .text.__wrap___aeabi_uidiv
                0x000000002000bb7c       0x4c CMakeFiles/hd36106_replacement.dir/tree/downloaded_tools/pico/pico-sdk/src/rp2_common/pico_divider/divider.S.obj
                0x000000002000bb7c                __wrap___aeabi_uidiv
                0x000000002000bb7c                __wrap___aeabi_uidivmod
                0x000000002000bb7c                div_u32u32
                0x000000002000bb7c                divmod_u32u32
                0x000000002000bb84                divmod_u32u32_unsafe
                0x000000002000bbac                divmod_u32u32_savestate
 .text.__wrap___aeabi_ldiv
                0x000000002000bbc8      0x434 CMakeFiles/hd36106_replacement.dir/tree/downloaded_tools/pico/pico-sdk/src/rp2_common/pico_divider/divider.S.obj
                0x000000002000bbc8                div_s64s64
                0x000000002000bbc8                divmod_s64s64
                0x000000002000bbc8                __wrap___aeabi_ldivmod
                0x000000002000bc00                div_u64u64
                0x000000002000bc00                divmod_u64u64
                0x000000002000bc00                __wrap___aeabi_uldivmod
                0x000000002000bc10                divmod_u64u64_savestate
                0x000000002000bc38                divmod_s64s64_unsafe
                0x000000002000bcc0                divmod_u64u64_unsafe
 .text.__wrap___aeabi_darithmetic
                0x000000002000bffc       0x80 CMakeFiles/hd36106_replacement.dir/tree/downloaded_tools/pico/pico-sdk/src/rp2_common/pico_double/double_aeabi.S.obj
                0x000000002000bffc                __wrap___aeabi_drsub
                0x000000002000c002                __wrap___aeabi_dsub
                0x000000002000c014                __wrap___aeabi_dadd
                0x000000002000c026                __wrap___aeabi_ddiv
                0x000000002000c062                __wrap___aeabi_dmul
 .text.__wrap___aeabi_cdcmple
                0x000000002000c07c       0x6c CMakeFiles/hd36106_replacement.dir/tree/downloaded_tools/pico/pico-sdk/src/rp2_common/pico_double/double_aeabi.S.obj
                0x000000002000c07c                __wrap___aeabi_cdrcmple
                0x000000002000c08c                __wrap___aeabi_cdcmple
                0x000000002000c08c                __wrap___aeabi_cdcmpeq
 .text.__wrap___aeabi_dcmpeq
                0x000000002000c0e8       0x10 CMakeFiles/hd36106_replacement.dir/tree/downloaded_tools/pico/pico-sdk/src/rp2_common/pico_double/double_aeabi.S.obj
                0x000000002000c0e8                __wrap___aeabi_dcmpeq
 .text.__wrap___aeabi_dcmplt
                0x000000002000c0f8        0xc CMakeFiles/hd36106_replacement.dir/tree/downloaded_tools/pico/pico-sdk/src/rp2_common/pico_double/double_aeabi.S.obj
                0x000000002000c0f8                __wrap___aeabi_dcmplt
 .text.__wrap___aeabi_dcmple
                0x000000002000c104       0x10 CMakeFiles/hd36106_replacement.dir/tree/downloaded_tools/pico/pico-sdk/src/rp2_common/pico_double/double_aeabi.S.obj
                0x000000002000c104                __wrap___aeabi_dcmple
 .text.__wrap___aeabi_dcmpge
                0x000000002000c114       0x10 CMakeFiles/hd36106_replacement.dir/tree/downloaded_tools/pico/pico-sdk/src/rp2_common/pico_double/double_aeabi.S.obj
                0x000000002000c114                __wrap___aeabi_dcmpge
 .text.__wrap___aeabi_dcmpgt
                0x000000002000c124        0xa CMakeFiles/hd36106_replacement.dir/tree/downloaded_tools/pico/pico-sdk/src/rp2_common/pico_double/double_aeabi.S.obj
                0x000000002000c124                __wrap___aeabi_dcmpgt
 .text.__wrap___aeabi_dcmpun
                0x000000002000c12e       0x1c CMakeFiles/hd36106_replacement.dir/tree/downloaded_tools/pico/pico-sdk/src/rp2_common/pico_double/double_aeabi.S.obj
                0x000000002000c12e                __wrap___aeabi_dcmpun
 *fill*         0x000000002000c14a        0x2 
 .text.__wrap___aeabi_i2d
                0x000000002000c14c       0x38 CMakeFiles/hd36106_replacement.dir/tree/downloaded_tools/pico/pico-sdk/src/rp2_common/pico_double/double_aeabi.S.obj
                0x000000002000c14c                __wrap___aeabi_ui2d
                0x000000002000c154                __wrap___aeabi_i2d
 .text.__wrap___aeabi_d2iz
                0x000000002000c184       0x48 CMakeFiles/hd36106_replacement.dir/tree/downloaded_tools/pico/pico-sdk/src/rp2_common/pico_double/double_aeabi.S.obj
                0x000000002000c184                __wrap___aeabi_d2iz
                0x000000002000c184                double2int_z
 .text.__wrap___aeabi_d2uiz
                0x000000002000c1cc       0x18 CMakeFiles/hd36106_replacement.dir/tree/downloaded_tools/pico/pico-sdk/src/rp2_common/pico_double/double_aeabi.S.obj
                0x000000002000c1cc                double2uint
                0x000000002000c1cc                __wrap___aeabi_d2uiz
 .text.__wrap___aeabi_ul2d
                0x000000002000c1e4       0x18 CMakeFiles/hd36106_replacement.dir/tree/downloaded_tools/pico/pico-sdk/src/rp2_common/pico_double/double_aeabi.S.obj
                0x000000002000c1e4                __wrap___aeabi_ul2d
 .text.__wrap___aeabi_d2ulz
                0x000000002000c1fc       0x18 CMakeFiles/hd36106_replacement.dir/tree/downloaded_tools/pico/pico-sdk/src/rp2_common/pico_double/double_aeabi.S.obj
                0x000000002000c1fc                __wrap___aeabi_d2ulz
 .text.__wrap_exp
                0x000000002000c214       0x18 CMakeFiles/hd36106_replacement.dir/tree/downloaded_tools/pico/pico-sdk/src/rp2_common/pico_double/double_aeabi.S.obj
                0x000000002000c214                __wrap_exp
 .text.__wrap_log
                0x000000002000c22c       0x18 CMakeFiles/hd36106_replacement.dir/tree/downloaded_tools/pico/pico-sdk/src/rp2_common/pico_double/double_aeabi.S.obj
                0x000000002000c22c                __wrap_log
 .text.__aeabi_double_init
                0x000000002000c244       0xc0 CMakeFiles/hd36106_replacement.dir/tree/downloaded_tools/pico/pico-sdk/src/rp2_common/pico_double/double_init_rom.c.obj
                0x000000002000c244                __aeabi_double_init
 .text.dpow_int2
                0x000000002000c304       0x2c CMakeFiles/hd36106_replacement.dir/tree/downloaded_tools/pico/pico-sdk/src/rp2_common/pico_double/double_math.c.obj
 .text.dpow_1   0x000000002000c330      0x278 CMakeFiles/hd36106_replacement.dir/tree/downloaded_tools/pico/pico-sdk/src/rp2_common/pico_double/double_math.c.obj
 .text.dpow_0   0x000000002000c5a8      0x284 CMakeFiles/hd36106_replacement.dir/tree/downloaded_tools/pico/pico-sdk/src/rp2_common/pico_double/double_math.c.obj
 .text.__wrap_ldexp
                0x000000002000c82c       0x50 CMakeFiles/hd36106_replacement.dir/tree/downloaded_tools/pico/pico-sdk/src/rp2_common/pico_double/double_math.c.obj
                0x000000002000c82c                __wrap_ldexp
 .text.__wrap_round
                0x000000002000c87c       0xa0 CMakeFiles/hd36106_replacement.dir/tree/downloaded_tools/pico/pico-sdk/src/rp2_common/pico_double/double_math.c.obj
                0x000000002000c87c                __wrap_round
 .text.__wrap_floor
                0x000000002000c91c       0x90 CMakeFiles/hd36106_replacement.dir/tree/downloaded_tools/pico/pico-sdk/src/rp2_common/pico_double/double_math.c.obj
                0x000000002000c91c                __wrap_floor
 .text.__wrap_exp2
                0x000000002000c9ac       0xbc CMakeFiles/hd36106_replacement.dir/tree/downloaded_tools/pico/pico-sdk/src/rp2_common/pico_double/double_math.c.obj
                0x000000002000c9ac                __wrap_exp2
 .text.__wrap_log10
                0x000000002000ca68       0x18 CMakeFiles/hd36106_replacement.dir/tree/downloaded_tools/pico/pico-sdk/src/rp2_common/pico_double/double_math.c.obj
                0x000000002000ca68                __wrap_log10
 .text.__wrap_pow
                0x000000002000ca80      0x304 CMakeFiles/hd36106_replacement.dir/tree/downloaded_tools/pico/pico-sdk/src/rp2_common/pico_double/double_math.c.obj
                0x000000002000ca80                __wrap_pow
 .text.double_table_shim_on_use_helper
                0x000000002000cd84       0x2c CMakeFiles/hd36106_replacement.dir/tree/downloaded_tools/pico/pico-sdk/src/rp2_common/pico_double/double_v1_rom_shim.S.obj
                0x000000002000cd84                double_table_shim_on_use_helper
 .text.__wrap___aeabi_dsub
                0x000000002000cdb0       0x10 CMakeFiles/hd36106_replacement.dir/tree/downloaded_tools/pico/pico-sdk/src/rp2_common/pico_double/double_v1_rom_shim.S.obj
                0x000000002000cdb0                drsub_shim
                0x000000002000cdb6                dsub_shim
 .text.dadd_shim
                0x000000002000cdc0      0x15c CMakeFiles/hd36106_replacement.dir/tree/downloaded_tools/pico/pico-sdk/src/rp2_common/pico_double/double_v1_rom_shim.S.obj
                0x000000002000cdc0                dadd_shim
 .text.dmul_shim
                0x000000002000cf1c      0x15c CMakeFiles/hd36106_replacement.dir/tree/downloaded_tools/pico/pico-sdk/src/rp2_common/pico_double/double_v1_rom_shim.S.obj
                0x000000002000cf1c                dmul_shim
 .text.ddiv_shim
                0x000000002000d078      0x1b0 CMakeFiles/hd36106_replacement.dir/tree/downloaded_tools/pico/pico-sdk/src/rp2_common/pico_double/double_v1_rom_shim.S.obj
                0x000000002000d078                ddiv_shim
 .text.double2uint_shim
                0x000000002000d228        0xe CMakeFiles/hd36106_replacement.dir/tree/downloaded_tools/pico/pico-sdk/src/rp2_common/pico_double/double_v1_rom_shim.S.obj
                0x000000002000d228                double2uint_shim
                0x000000002000d22a                double2ufix_shim
 *fill*         0x000000002000d236        0x2 
 .text.double2uint64_shim
                0x000000002000d238       0x70 CMakeFiles/hd36106_replacement.dir/tree/downloaded_tools/pico/pico-sdk/src/rp2_common/pico_double/double_v1_rom_shim.S.obj
                0x000000002000d238                double2uint64_shim
                0x000000002000d23a                double2ufix64_shim
                0x000000002000d25a                d2fix_a
 .text.x2double_shims
                0x000000002000d2a8       0x90 CMakeFiles/hd36106_replacement.dir/tree/downloaded_tools/pico/pico-sdk/src/rp2_common/pico_double/double_v1_rom_shim.S.obj
                0x000000002000d2a8                uint2double_shim
                0x000000002000d2aa                ufix2double_shim
                0x000000002000d2b0                int2double_shim
                0x000000002000d2b2                fix2double_shim
                0x000000002000d2b8                uint642double_shim
                0x000000002000d2ba                ufix642double_shim
                0x000000002000d2c0                int642double_shim
                0x000000002000d2c2                fix642double_shim
 .text.dunpacks
                0x000000002000d338       0x3c CMakeFiles/hd36106_replacement.dir/tree/downloaded_tools/pico/pico-sdk/src/rp2_common/pico_double/double_v1_rom_shim.S.obj
                0x000000002000d338                dunpacks
 .text.dreduce  0x000000002000d374       0x82 CMakeFiles/hd36106_replacement.dir/tree/downloaded_tools/pico/pico-sdk/src/rp2_common/pico_double/double_v1_rom_shim.S.obj
                0x000000002000d374                dreduce
 *fill*         0x000000002000d3f6        0x2 
 .text.dexp_guts
                0x000000002000d3f8      0x268 CMakeFiles/hd36106_replacement.dir/tree/downloaded_tools/pico/pico-sdk/src/rp2_common/pico_double/double_v1_rom_shim.S.obj
                0x000000002000d3f8                dexp_shim
                0x000000002000d494                dln_shim
 .text.__aeabi_lmul
                0x000000002000d660       0x32 CMakeFiles/hd36106_replacement.dir/tree/downloaded_tools/pico/pico-sdk/src/rp2_common/pico_int64_ops/pico_int64_ops_aeabi.S.obj
                0x000000002000d660                __wrap___aeabi_lmul
 *fill*         0x000000002000d692        0x2 
 .text.__wrap___aeabi_farithmetic
                0x000000002000d694       0x48 CMakeFiles/hd36106_replacement.dir/tree/downloaded_tools/pico/pico-sdk/src/rp2_common/pico_float/float_aeabi.S.obj
                0x000000002000d694                __wrap___aeabi_frsub
                0x000000002000d69a                __wrap___aeabi_fsub
                0x000000002000d6a0                __wrap___aeabi_fadd
                0x000000002000d6a6                __wrap___aeabi_fdiv
                0x000000002000d6ce                __wrap___aeabi_fmul
 .text.__wrap___aeabi_ui2f
                0x000000002000d6dc        0xa CMakeFiles/hd36106_replacement.dir/tree/downloaded_tools/pico/pico-sdk/src/rp2_common/pico_float/float_aeabi.S.obj
                0x000000002000d6dc                __wrap___aeabi_ui2f
 *fill*         0x000000002000d6e6        0x2 
 .text.__wrap___aeabi_i2f
                0x000000002000d6e8       0x44 CMakeFiles/hd36106_replacement.dir/tree/downloaded_tools/pico/pico-sdk/src/rp2_common/pico_float/float_aeabi.S.obj
                0x000000002000d6e8                __wrap___aeabi_i2f
 .text.__wrap___aeabi_ul2f
                0x000000002000d72c       0x20 CMakeFiles/hd36106_replacement.dir/tree/downloaded_tools/pico/pico-sdk/src/rp2_common/pico_float/float_aeabi.S.obj
                0x000000002000d730                __wrap___aeabi_ul2f
 .text.__aeabi_float_init
                0x000000002000d74c       0x64 CMakeFiles/hd36106_replacement.dir/tree/downloaded_tools/pico/pico-sdk/src/rp2_common/pico_float/float_init_rom.c.obj
                0x000000002000d74c                __aeabi_float_init
 .text.float_table_shim_on_use_helper
                0x000000002000d7b0       0x2c CMakeFiles/hd36106_replacement.dir/tree/downloaded_tools/pico/pico-sdk/src/rp2_common/pico_float/float_v1_rom_shim.S.obj
                0x000000002000d7b0                float_table_shim_on_use_helper
 .text.642float_shims
                0x000000002000d7dc       0x44 CMakeFiles/hd36106_replacement.dir/tree/downloaded_tools/pico/pico-sdk/src/rp2_common/pico_float/float_v1_rom_shim.S.obj
                0x000000002000d7dc                uint642float_shim
                0x000000002000d7de                ufix642float_shim
                0x000000002000d7ee                int642float_shim
                0x000000002000d7f0                fix642float_shim
 .text          0x000000002000d820       0x10 CMakeFiles/hd36106_replacement.dir/tree/downloaded_tools/pico/pico-sdk/src/rp2_common/pico_mem_ops/mem_ops_aeabi.S.obj
                0x000000002000d820                __aeabi_mem_init
 .text.memset   0x000000002000d830        0xc CMakeFiles/hd36106_replacement.dir/tree/downloaded_tools/pico/pico-sdk/src/rp2_common/pico_mem_ops/mem_ops_aeabi.S.obj
                0x000000002000d830                __wrap_memset
 .text.memcpy   0x000000002000d83c        0xc CMakeFiles/hd36106_replacement.dir/tree/downloaded_tools/pico/pico-sdk/src/rp2_common/pico_mem_ops/mem_ops_aeabi.S.obj
                0x000000002000d83c                __wrap___aeabi_memcpy
                0x000000002000d83c                __wrap_memcpy
 .text.stdio_out_chars_no_crlf
                0x000000002000d848       0x10 CMakeFiles/hd36106_replacement.dir/tree/downloaded_tools/pico/pico-sdk/src/rp2_common/pico_stdio/stdio.c.obj
 .text.stdio_out_chars_crlf
                0x000000002000d858       0x94 CMakeFiles/hd36106_replacement.dir/tree/downloaded_tools/pico/pico-sdk/src/rp2_common/pico_stdio/stdio.c.obj
 .text.stdio_buffered_printer
                0x000000002000d8ec       0x64 CMakeFiles/hd36106_replacement.dir/tree/downloaded_tools/pico/pico-sdk/src/rp2_common/pico_stdio/stdio.c.obj
 .text.stdio_put_string
                0x000000002000d950      0x100 CMakeFiles/hd36106_replacement.dir/tree/downloaded_tools/pico/pico-sdk/src/rp2_common/pico_stdio/stdio.c.obj
 .text.__wrap_putchar
                0x000000002000da50       0xa4 CMakeFiles/hd36106_replacement.dir/tree/downloaded_tools/pico/pico-sdk/src/rp2_common/pico_stdio/stdio.c.obj
                0x000000002000da50                __wrap_putchar
 .text.__wrap_puts
                0x000000002000daf4       0x3c CMakeFiles/hd36106_replacement.dir/tree/downloaded_tools/pico/pico-sdk/src/rp2_common/pico_stdio/stdio.c.obj
                0x000000002000daf4                __wrap_puts
 .text.stdio_set_driver_enabled
                0x000000002000db30       0x30 CMakeFiles/hd36106_replacement.dir/tree/downloaded_tools/pico/pico-sdk/src/rp2_common/pico_stdio/stdio.c.obj
                0x000000002000db30                stdio_set_driver_enabled
 .text.stdio_flush
                0x000000002000db60       0x28 CMakeFiles/hd36106_replacement.dir/tree/downloaded_tools/pico/pico-sdk/src/rp2_common/pico_stdio/stdio.c.obj
                0x000000002000db60                stdio_flush
 .text.__wrap_vprintf
                0x000000002000db88       0xd8 CMakeFiles/hd36106_replacement.dir/tree/downloaded_tools/pico/pico-sdk/src/rp2_common/pico_stdio/stdio.c.obj
                0x000000002000db88                __wrap_vprintf
 .text.__wrap_printf
                0x000000002000dc60       0x18 CMakeFiles/hd36106_replacement.dir/tree/downloaded_tools/pico/pico-sdk/src/rp2_common/pico_stdio/stdio.c.obj
                0x000000002000dc60                __wrap_printf
 .text.stdio_init_all
                0x000000002000dc78        0xc CMakeFiles/hd36106_replacement.dir/tree/downloaded_tools/pico/pico-sdk/src/rp2_common/pico_stdio/stdio.c.obj
                0x000000002000dc78                stdio_init_all
 .text.getchar_timeout_us
                0x000000002000dc84       0xa4 CMakeFiles/hd36106_replacement.dir/tree/downloaded_tools/pico/pico-sdk/src/rp2_common/pico_stdio/stdio.c.obj
                0x000000002000dc84                getchar_timeout_us
 .text.stdio_uart_out_chars
                0x000000002000dd28       0x4c CMakeFiles/hd36106_replacement.dir/tree/downloaded_tools/pico/pico-sdk/src/rp2_common/pico_stdio_uart/stdio_uart.c.obj
 .text.stdio_uart_in_chars
                0x000000002000dd74       0x38 CMakeFiles/hd36106_replacement.dir/tree/downloaded_tools/pico/pico-sdk/src/rp2_common/pico_stdio_uart/stdio_uart.c.obj
                0x000000002000dd74                stdio_uart_in_chars
 .text.stdio_uart_init
                0x000000002000ddac       0x48 CMakeFiles/hd36106_replacement.dir/tree/downloaded_tools/pico/pico-sdk/src/rp2_common/pico_stdio_uart/stdio_uart.c.obj
                0x000000002000ddac                stdio_uart_init
 .text.resetd_init
                0x000000002000ddf4        0x4 CMakeFiles/hd36106_replacement.dir/tree/downloaded_tools/pico/pico-sdk/src/rp2_common/pico_stdio_usb/reset_interface.c.obj
 .text.resetd_reset
                0x000000002000ddf8        0xc CMakeFiles/hd36106_replacement.dir/tree/downloaded_tools/pico/pico-sdk/src/rp2_common/pico_stdio_usb/reset_interface.c.obj
 .text.resetd_open
                0x000000002000de04       0x28 CMakeFiles/hd36106_replacement.dir/tree/downloaded_tools/pico/pico-sdk/src/rp2_common/pico_stdio_usb/reset_interface.c.obj
 .text.resetd_xfer_cb
                0x000000002000de2c        0x4 CMakeFiles/hd36106_replacement.dir/tree/downloaded_tools/pico/pico-sdk/src/rp2_common/pico_stdio_usb/reset_interface.c.obj
 .text.resetd_control_xfer_cb
                0x000000002000de30       0x64 CMakeFiles/hd36106_replacement.dir/tree/downloaded_tools/pico/pico-sdk/src/rp2_common/pico_stdio_usb/reset_interface.c.obj
 .text.usbd_app_driver_get_cb
                0x000000002000de94        0xc CMakeFiles/hd36106_replacement.dir/tree/downloaded_tools/pico/pico-sdk/src/rp2_common/pico_stdio_usb/reset_interface.c.obj
                0x000000002000de94                usbd_app_driver_get_cb
 .text.tud_cdc_line_coding_cb
                0x000000002000dea0       0x34 CMakeFiles/hd36106_replacement.dir/tree/downloaded_tools/pico/pico-sdk/src/rp2_common/pico_stdio_usb/reset_interface.c.obj
                0x000000002000dea0                tud_cdc_line_coding_cb
 .text.stdio_usb_in_chars
                0x000000002000ded4       0x68 CMakeFiles/hd36106_replacement.dir/tree/downloaded_tools/pico/pico-sdk/src/rp2_common/pico_stdio_usb/stdio_usb.c.obj
                0x000000002000ded4                stdio_usb_in_chars
 .text.stdio_usb_out_chars
                0x000000002000df3c       0xec CMakeFiles/hd36106_replacement.dir/tree/downloaded_tools/pico/pico-sdk/src/rp2_common/pico_stdio_usb/stdio_usb.c.obj
 .text.timer_task
                0x000000002000e028       0x18 CMakeFiles/hd36106_replacement.dir/tree/downloaded_tools/pico/pico-sdk/src/rp2_common/pico_stdio_usb/stdio_usb.c.obj
 .text.usb_irq  0x000000002000e040       0x10 CMakeFiles/hd36106_replacement.dir/tree/downloaded_tools/pico/pico-sdk/src/rp2_common/pico_stdio_usb/stdio_usb.c.obj
 .text.low_priority_worker_irq
                0x000000002000e050       0x24 CMakeFiles/hd36106_replacement.dir/tree/downloaded_tools/pico/pico-sdk/src/rp2_common/pico_stdio_usb/stdio_usb.c.obj
 .text.stdio_usb_init
                0x000000002000e074       0xb0 CMakeFiles/hd36106_replacement.dir/tree/downloaded_tools/pico/pico-sdk/src/rp2_common/pico_stdio_usb/stdio_usb.c.obj
                0x000000002000e074                stdio_usb_init
 .text.tud_descriptor_device_cb
                0x000000002000e124        0x8 CMakeFiles/hd36106_replacement.dir/tree/downloaded_tools/pico/pico-sdk/src/rp2_common/pico_stdio_usb/stdio_usb_descriptors.c.obj
                0x000000002000e124                tud_descriptor_device_cb
 .text.tud_descriptor_configuration_cb
                0x000000002000e12c        0x8 CMakeFiles/hd36106_replacement.dir/tree/downloaded_tools/pico/pico-sdk/src/rp2_common/pico_stdio_usb/stdio_usb_descriptors.c.obj
                0x000000002000e12c                tud_descriptor_configuration_cb
 .text.tud_descriptor_string_cb
                0x000000002000e134       0x70 CMakeFiles/hd36106_replacement.dir/tree/downloaded_tools/pico/pico-sdk/src/rp2_common/pico_stdio_usb/stdio_usb_descriptors.c.obj
                0x000000002000e134                tud_descriptor_string_cb
 .text.dcd_rp2040_irq
                0x000000002000e1a4      0x21c CMakeFiles/hd36106_replacement.dir/tree/downloaded_tools/pico/pico-sdk/lib/tinyusb/src/portable/raspberrypi/rp2040/dcd_rp2040.c.obj
 .text.dcd_int_enable
                0x000000002000e3c0        0xc CMakeFiles/hd36106_replacement.dir/tree/downloaded_tools/pico/pico-sdk/lib/tinyusb/src/portable/raspberrypi/rp2040/dcd_rp2040.c.obj
                0x000000002000e3c0                dcd_int_enable
 .text.dcd_set_address
                0x000000002000e3cc       0x14 CMakeFiles/hd36106_replacement.dir/tree/downloaded_tools/pico/pico-sdk/lib/tinyusb/src/portable/raspberrypi/rp2040/dcd_rp2040.c.obj
                0x000000002000e3cc                dcd_set_address
 .text.dcd_connect
                0x000000002000e3e0       0x10 CMakeFiles/hd36106_replacement.dir/tree/downloaded_tools/pico/pico-sdk/lib/tinyusb/src/portable/raspberrypi/rp2040/dcd_rp2040.c.obj
                0x000000002000e3e0                dcd_connect
 .text.dcd_init
                0x000000002000e3f0      0x148 CMakeFiles/hd36106_replacement.dir/tree/downloaded_tools/pico/pico-sdk/lib/tinyusb/src/portable/raspberrypi/rp2040/dcd_rp2040.c.obj
                0x000000002000e3f0                dcd_init
 .text.dcd_edpt0_status_complete
                0x000000002000e538       0x1c CMakeFiles/hd36106_replacement.dir/tree/downloaded_tools/pico/pico-sdk/lib/tinyusb/src/portable/raspberrypi/rp2040/dcd_rp2040.c.obj
                0x000000002000e538                dcd_edpt0_status_complete
 .text.dcd_edpt_open
                0x000000002000e554       0xf0 CMakeFiles/hd36106_replacement.dir/tree/downloaded_tools/pico/pico-sdk/lib/tinyusb/src/portable/raspberrypi/rp2040/dcd_rp2040.c.obj
                0x000000002000e554                dcd_edpt_open
 .text.dcd_edpt_close_all
                0x000000002000e644       0xbc CMakeFiles/hd36106_replacement.dir/tree/downloaded_tools/pico/pico-sdk/lib/tinyusb/src/portable/raspberrypi/rp2040/dcd_rp2040.c.obj
                0x000000002000e644                dcd_edpt_close_all
 .text.dcd_edpt_xfer
                0x000000002000e700       0x24 CMakeFiles/hd36106_replacement.dir/tree/downloaded_tools/pico/pico-sdk/lib/tinyusb/src/portable/raspberrypi/rp2040/dcd_rp2040.c.obj
                0x000000002000e700                dcd_edpt_xfer
 .text.dcd_edpt_stall
                0x000000002000e724       0x38 CMakeFiles/hd36106_replacement.dir/tree/downloaded_tools/pico/pico-sdk/lib/tinyusb/src/portable/raspberrypi/rp2040/dcd_rp2040.c.obj
                0x000000002000e724                dcd_edpt_stall
 .text.dcd_edpt_clear_stall
                0x000000002000e75c       0x30 CMakeFiles/hd36106_replacement.dir/tree/downloaded_tools/pico/pico-sdk/lib/tinyusb/src/portable/raspberrypi/rp2040/dcd_rp2040.c.obj
                0x000000002000e75c                dcd_edpt_clear_stall
 .text._hw_endpoint_buffer_control_update32.part.0
                0x000000002000e78c       0x20 CMakeFiles/hd36106_replacement.dir/tree/downloaded_tools/pico/pico-sdk/lib/tinyusb/src/portable/raspberrypi/rp2040/rp2040_usb.c.obj
 .text.rp2040_usb_init
                0x000000002000e7ac       0x4c CMakeFiles/hd36106_replacement.dir/tree/downloaded_tools/pico/pico-sdk/lib/tinyusb/src/portable/raspberrypi/rp2040/rp2040_usb.c.obj
                0x000000002000e7ac                rp2040_usb_init
 .text.hw_endpoint_reset_transfer
                0x000000002000e7f8        0xc CMakeFiles/hd36106_replacement.dir/tree/downloaded_tools/pico/pico-sdk/lib/tinyusb/src/portable/raspberrypi/rp2040/rp2040_usb.c.obj
                0x000000002000e7f8                hw_endpoint_reset_transfer
 .text._hw_endpoint_buffer_control_update32
                0x000000002000e804       0x40 CMakeFiles/hd36106_replacement.dir/tree/downloaded_tools/pico/pico-sdk/lib/tinyusb/src/portable/raspberrypi/rp2040/rp2040_usb.c.obj
                0x000000002000e804                _hw_endpoint_buffer_control_update32
 .text.hw_endpoint_xfer_start
                0x000000002000e844      0x138 CMakeFiles/hd36106_replacement.dir/tree/downloaded_tools/pico/pico-sdk/lib/tinyusb/src/portable/raspberrypi/rp2040/rp2040_usb.c.obj
                0x000000002000e844                hw_endpoint_xfer_start
 .text.hw_endpoint_xfer_continue
                0x000000002000e97c      0x1e4 CMakeFiles/hd36106_replacement.dir/tree/downloaded_tools/pico/pico-sdk/lib/tinyusb/src/portable/raspberrypi/rp2040/rp2040_usb.c.obj
                0x000000002000e97c                hw_endpoint_xfer_continue
 .text.tud_mounted
                0x000000002000eb60       0x10 CMakeFiles/hd36106_replacement.dir/tree/downloaded_tools/pico/pico-sdk/lib/tinyusb/src/device/usbd.c.obj
                0x000000002000eb60                tud_mounted
 .text.tud_suspended
                0x000000002000eb70       0x10 CMakeFiles/hd36106_replacement.dir/tree/downloaded_tools/pico/pico-sdk/lib/tinyusb/src/device/usbd.c.obj
                0x000000002000eb70                tud_suspended
 .text.tud_inited
                0x000000002000eb80        0xc CMakeFiles/hd36106_replacement.dir/tree/downloaded_tools/pico/pico-sdk/lib/tinyusb/src/device/usbd.c.obj
                0x000000002000eb80                tud_inited
 .text.tud_init
                0x000000002000eb8c       0xd8 CMakeFiles/hd36106_replacement.dir/tree/downloaded_tools/pico/pico-sdk/lib/tinyusb/src/device/usbd.c.obj
                0x000000002000eb8c                tud_init
 .text.tud_task
                0x000000002000ec64      0x8ec CMakeFiles/hd36106_replacement.dir/tree/downloaded_tools/pico/pico-sdk/lib/tinyusb/src/device/usbd.c.obj
                0x000000002000ec64                tud_task
 .text.dcd_event_bus_signal
                0x000000002000f550      0x120 CMakeFiles/hd36106_replacement.dir/tree/downloaded_tools/pico/pico-sdk/lib/tinyusb/src/device/usbd.c.obj
                0x000000002000f550                dcd_event_bus_signal
 .text.dcd_event_bus_reset
                0x000000002000f670       0x54 CMakeFiles/hd36106_replacement.dir/tree/downloaded_tools/pico/pico-sdk/lib/tinyusb/src/device/usbd.c.obj
                0x000000002000f670                dcd_event_bus_reset
 .text.dcd_event_setup_received
                0x000000002000f6c4       0x50 CMakeFiles/hd36106_replacement.dir/tree/downloaded_tools/pico/pico-sdk/lib/tinyusb/src/device/usbd.c.obj
                0x000000002000f6c4                dcd_event_setup_received
 .text.dcd_event_xfer_complete
                0x000000002000f714       0x68 CMakeFiles/hd36106_replacement.dir/tree/downloaded_tools/pico/pico-sdk/lib/tinyusb/src/device/usbd.c.obj
                0x000000002000f714                dcd_event_xfer_complete
 .text.usbd_open_edpt_pair
                0x000000002000f77c       0x80 CMakeFiles/hd36106_replacement.dir/tree/downloaded_tools/pico/pico-sdk/lib/tinyusb/src/device/usbd.c.obj
                0x000000002000f77c                usbd_open_edpt_pair
 .text.usbd_edpt_open
                0x000000002000f7fc       0x30 CMakeFiles/hd36106_replacement.dir/tree/downloaded_tools/pico/pico-sdk/lib/tinyusb/src/device/usbd.c.obj
                0x000000002000f7fc                usbd_edpt_open
 .text.usbd_edpt_claim
                0x000000002000f82c       0x64 CMakeFiles/hd36106_replacement.dir/tree/downloaded_tools/pico/pico-sdk/lib/tinyusb/src/device/usbd.c.obj
                0x000000002000f82c                usbd_edpt_claim
 .text.usbd_edpt_release
                0x000000002000f890       0x4c CMakeFiles/hd36106_replacement.dir/tree/downloaded_tools/pico/pico-sdk/lib/tinyusb/src/device/usbd.c.obj
                0x000000002000f890                usbd_edpt_release
 .text.usbd_edpt_xfer
                0x000000002000f8dc       0x48 CMakeFiles/hd36106_replacement.dir/tree/downloaded_tools/pico/pico-sdk/lib/tinyusb/src/device/usbd.c.obj
                0x000000002000f8dc                usbd_edpt_xfer
 .text.tud_control_status
                0x000000002000f924       0x30 CMakeFiles/hd36106_replacement.dir/tree/downloaded_tools/pico/pico-sdk/lib/tinyusb/src/device/usbd_control.c.obj
                0x000000002000f924                tud_control_status
 .text.tud_control_xfer
                0x000000002000f954       0xb8 CMakeFiles/hd36106_replacement.dir/tree/downloaded_tools/pico/pico-sdk/lib/tinyusb/src/device/usbd_control.c.obj
                0x000000002000f954                tud_control_xfer
 .text.usbd_control_reset
                0x000000002000fa0c       0x14 CMakeFiles/hd36106_replacement.dir/tree/downloaded_tools/pico/pico-sdk/lib/tinyusb/src/device/usbd_control.c.obj
                0x000000002000fa0c                usbd_control_reset
 .text.usbd_control_set_complete_callback
                0x000000002000fa20        0xc CMakeFiles/hd36106_replacement.dir/tree/downloaded_tools/pico/pico-sdk/lib/tinyusb/src/device/usbd_control.c.obj
                0x000000002000fa20                usbd_control_set_complete_callback
 .text.usbd_control_set_request
                0x000000002000fa2c       0x1c CMakeFiles/hd36106_replacement.dir/tree/downloaded_tools/pico/pico-sdk/lib/tinyusb/src/device/usbd_control.c.obj
                0x000000002000fa2c                usbd_control_set_request
 .text.usbd_control_xfer_cb
                0x000000002000fa48       0xf8 CMakeFiles/hd36106_replacement.dir/tree/downloaded_tools/pico/pico-sdk/lib/tinyusb/src/device/usbd_control.c.obj
                0x000000002000fa48                usbd_control_xfer_cb
 .text.tud_cdc_n_connected
                0x000000002000fb40       0x30 CMakeFiles/hd36106_replacement.dir/tree/downloaded_tools/pico/pico-sdk/lib/tinyusb/src/class/cdc/cdc_device.c.obj
                0x000000002000fb40                tud_cdc_n_connected
 .text.tud_cdc_n_available
                0x000000002000fb70       0x18 CMakeFiles/hd36106_replacement.dir/tree/downloaded_tools/pico/pico-sdk/lib/tinyusb/src/class/cdc/cdc_device.c.obj
                0x000000002000fb70                tud_cdc_n_available
 .text.tud_cdc_n_read
                0x000000002000fb88       0x70 CMakeFiles/hd36106_replacement.dir/tree/downloaded_tools/pico/pico-sdk/lib/tinyusb/src/class/cdc/cdc_device.c.obj
                0x000000002000fb88                tud_cdc_n_read
 .text.tud_cdc_n_write_flush
                0x000000002000fbf8       0x78 CMakeFiles/hd36106_replacement.dir/tree/downloaded_tools/pico/pico-sdk/lib/tinyusb/src/class/cdc/cdc_device.c.obj
                0x000000002000fbf8                tud_cdc_n_write_flush
 .text.tud_cdc_n_write
                0x000000002000fc70       0x34 CMakeFiles/hd36106_replacement.dir/tree/downloaded_tools/pico/pico-sdk/lib/tinyusb/src/class/cdc/cdc_device.c.obj
                0x000000002000fc70                tud_cdc_n_write
 .text.tud_cdc_n_write_available
                0x000000002000fca4       0x18 CMakeFiles/hd36106_replacement.dir/tree/downloaded_tools/pico/pico-sdk/lib/tinyusb/src/class/cdc/cdc_device.c.obj
                0x000000002000fca4                tud_cdc_n_write_available
 .text.cdcd_init
                0x000000002000fcbc       0x7c CMakeFiles/hd36106_replacement.dir/tree/downloaded_tools/pico/pico-sdk/lib/tinyusb/src/class/cdc/cdc_device.c.obj
                0x000000002000fcbc                cdcd_init
 .text.cdcd_reset
                0x000000002000fd38       0x2c CMakeFiles/hd36106_replacement.dir/tree/downloaded_tools/pico/pico-sdk/lib/tinyusb/src/class/cdc/cdc_device.c.obj
                0x000000002000fd38                cdcd_reset
 .text.cdcd_open
                0x000000002000fd64       0xe4 CMakeFiles/hd36106_replacement.dir/tree/downloaded_tools/pico/pico-sdk/lib/tinyusb/src/class/cdc/cdc_device.c.obj
                0x000000002000fd64                cdcd_open
 .text.cdcd_control_xfer_cb
                0x000000002000fe48       0xe4 CMakeFiles/hd36106_replacement.dir/tree/downloaded_tools/pico/pico-sdk/lib/tinyusb/src/class/cdc/cdc_device.c.obj
                0x000000002000fe48                cdcd_control_xfer_cb
 .text.cdcd_xfer_cb
                0x000000002000ff2c      0x198 CMakeFiles/hd36106_replacement.dir/tree/downloaded_tools/pico/pico-sdk/lib/tinyusb/src/class/cdc/cdc_device.c.obj
                0x000000002000ff2c                cdcd_xfer_cb
 .text.tusb_init
                0x00000000200100c4        0xc CMakeFiles/hd36106_replacement.dir/tree/downloaded_tools/pico/pico-sdk/lib/tinyusb/src/tusb.c.obj
                0x00000000200100c4                tusb_init
 .text.tusb_inited
                0x00000000200100d0        0x8 CMakeFiles/hd36106_replacement.dir/tree/downloaded_tools/pico/pico-sdk/lib/tinyusb/src/tusb.c.obj
                0x00000000200100d0                tusb_inited
 .text.tu_edpt_validate
                0x00000000200100d8       0x78 CMakeFiles/hd36106_replacement.dir/tree/downloaded_tools/pico/pico-sdk/lib/tinyusb/src/tusb.c.obj
                0x00000000200100d8                tu_edpt_validate
 .text.tu_edpt_bind_driver
                0x0000000020010150       0x2c CMakeFiles/hd36106_replacement.dir/tree/downloaded_tools/pico/pico-sdk/lib/tinyusb/src/tusb.c.obj
                0x0000000020010150                tu_edpt_bind_driver
 .text.tu_fifo_config
                0x000000002001017c       0x78 CMakeFiles/hd36106_replacement.dir/tree/downloaded_tools/pico/pico-sdk/lib/tinyusb/src/common/tusb_fifo.c.obj
                0x000000002001017c                tu_fifo_config
 .text.tu_fifo_count
                0x00000000200101f4       0x20 CMakeFiles/hd36106_replacement.dir/tree/downloaded_tools/pico/pico-sdk/lib/tinyusb/src/common/tusb_fifo.c.obj
                0x00000000200101f4                tu_fifo_count
 .text.tu_fifo_empty
                0x0000000020010214       0x10 CMakeFiles/hd36106_replacement.dir/tree/downloaded_tools/pico/pico-sdk/lib/tinyusb/src/common/tusb_fifo.c.obj
                0x0000000020010214                tu_fifo_empty
 .text.tu_fifo_remaining
                0x0000000020010224       0x1c CMakeFiles/hd36106_replacement.dir/tree/downloaded_tools/pico/pico-sdk/lib/tinyusb/src/common/tusb_fifo.c.obj
                0x0000000020010224                tu_fifo_remaining
 .text.tu_fifo_read
                0x0000000020010240       0x9c CMakeFiles/hd36106_replacement.dir/tree/downloaded_tools/pico/pico-sdk/lib/tinyusb/src/common/tusb_fifo.c.obj
                0x0000000020010240                tu_fifo_read
 .text.tu_fifo_read_n
                0x00000000200102dc      0x100 CMakeFiles/hd36106_replacement.dir/tree/downloaded_tools/pico/pico-sdk/lib/tinyusb/src/common/tusb_fifo.c.obj
                0x00000000200102dc                tu_fifo_read_n
 .text.tu_fifo_write
                0x00000000200103dc       0x7c CMakeFiles/hd36106_replacement.dir/tree/downloaded_tools/pico/pico-sdk/lib/tinyusb/src/common/tusb_fifo.c.obj
                0x00000000200103dc                tu_fifo_write
 .text.tu_fifo_write_n
                0x0000000020010458       0xf8 CMakeFiles/hd36106_replacement.dir/tree/downloaded_tools/pico/pico-sdk/lib/tinyusb/src/common/tusb_fifo.c.obj
                0x0000000020010458                tu_fifo_write_n
 .text.tu_fifo_clear
                0x0000000020010550       0x4c CMakeFiles/hd36106_replacement.dir/tree/downloaded_tools/pico/pico-sdk/lib/tinyusb/src/common/tusb_fifo.c.obj
                0x0000000020010550                tu_fifo_clear
 .text.tu_fifo_set_overwritable
                0x000000002001059c       0x3c CMakeFiles/hd36106_replacement.dir/tree/downloaded_tools/pico/pico-sdk/lib/tinyusb/src/common/tusb_fifo.c.obj
                0x000000002001059c                tu_fifo_set_overwritable
 .text.startup._retrieve_unique_id_on_boot
                0x00000000200105d8       0x10 CMakeFiles/hd36106_replacement.dir/tree/downloaded_tools/pico/pico-sdk/src/rp2_common/pico_unique_id/unique_id.c.obj
 .text.pico_get_unique_board_id_string
                0x00000000200105e8      0x1bc CMakeFiles/hd36106_replacement.dir/tree/downloaded_tools/pico/pico-sdk/src/rp2_common/pico_unique_id/unique_id.c.obj
                0x00000000200105e8                pico_get_unique_board_id_string
 .text.flash_get_unique_id
                0x00000000200107a4       0x40 CMakeFiles/hd36106_replacement.dir/tree/downloaded_tools/pico/pico-sdk/src/rp2_common/hardware_flash/flash.c.obj
                0x00000000200107a4                flash_get_unique_id
 .text.core1_trampoline
                0x00000000200107e4        0x4 CMakeFiles/hd36106_replacement.dir/tree/downloaded_tools/pico/pico-sdk/src/rp2_common/pico_multicore/multicore.c.obj
 .text.core1_wrapper
                0x00000000200107e8        0xc CMakeFiles/hd36106_replacement.dir/tree/downloaded_tools/pico/pico-sdk/src/rp2_common/pico_multicore/multicore.c.obj
                0x00000000200107e8                core1_wrapper
 .text.multicore_launch_core1_raw
                0x00000000200107f4       0x84 CMakeFiles/hd36106_replacement.dir/tree/downloaded_tools/pico/pico-sdk/src/rp2_common/pico_multicore/multicore.c.obj
                0x00000000200107f4                multicore_launch_core1_raw
 .text.multicore_launch_core1
                0x0000000020010878       0x4c CMakeFiles/hd36106_replacement.dir/tree/downloaded_tools/pico/pico-sdk/src/rp2_common/pico_multicore/multicore.c.obj
                0x0000000020010878                multicore_launch_core1
 .text          0x00000000200108c4       0x80 /usr/lib/gcc/arm-none-eabi/9.2.1/../../../arm-none-eabi/lib/thumb/v6-m/nofp/libm.a(lib_a-s_modf.o)
                0x00000000200108c4                modf
 .text          0x0000000020010944        0x4 /usr/lib/gcc/arm-none-eabi/9.2.1/thumb/v6-m/nofp/libgcc.a(_dvmd_tls.o)
                0x0000000020010944                __aeabi_ldiv0
                0x0000000020010944                __aeabi_idiv0
 .text          0x0000000020010948       0x50 /usr/lib/gcc/arm-none-eabi/9.2.1/../../../arm-none-eabi/lib/thumb/v6-m/nofp/libc.a(lib_a-strcat.o)
                0x0000000020010948                strcat
 .text          0x0000000020010998       0x10 /usr/lib/gcc/arm-none-eabi/9.2.1/../../../arm-none-eabi/lib/thumb/v6-m/nofp/libc.a(lib_a-strcpy.o)
                0x0000000020010998                strcpy
 .text          0x00000000200109a8       0x68 /usr/lib/gcc/arm-none-eabi/9.2.1/../../../arm-none-eabi/lib/thumb/v6-m/nofp/libc.a(lib_a-strlen-stub.o)
                0x00000000200109a8                strlen
 *(.fini)
 .fini          0x0000000020010a10        0x4 /usr/lib/gcc/arm-none-eabi/9.2.1/thumb/v6-m/nofp/crti.o
                0x0000000020010a10                _fini
 *fill*         0x0000000020010a14        0x4 
 .fini.__stub   0x0000000020010a18       0x10 linker stubs
 *crtbegin.o(.ctors)
 *crtbegin?.o(.ctors)
 *(EXCLUDE_FILE(*crtend.o *crtend?.o) .ctors)
 *(SORT_BY_NAME(.ctors.*))
 *(.ctors)
 *crtbegin.o(.dtors)
 *crtbegin?.o(.dtors)
 *(EXCLUDE_FILE(*crtend.o *crtend?.o) .dtors)
 *(SORT_BY_NAME(.dtors.*))
 *(.dtors)
 *(.eh_frame*)
 .eh_frame      0x0000000020010a28        0x0 /usr/lib/gcc/arm-none-eabi/9.2.1/thumb/v6-m/nofp/crtbegin.o
                0x0000000020010a28                . = ALIGN (0x4)
                0x0000000020010a28                __ram_text_end__ = .
                0x000000001000030c                __ram_text_source__ = LOADADDR (.text)

.glue_7         0x0000000020010a28        0x0 load address 0x0000000010010c74
 .glue_7        0x0000000020010a28        0x0 linker stubs

.glue_7t        0x0000000020010a28        0x0 load address 0x0000000010010c74
 .glue_7t       0x0000000020010a28        0x0 linker stubs

.vfp11_veneer   0x0000000020010a28        0x0 load address 0x0000000010010c74
 .vfp11_veneer  0x0000000020010a28        0x0 linker stubs

.v4_bx          0x0000000020010a28        0x0 load address 0x0000000010010c74
 .v4_bx         0x0000000020010a28        0x0 linker stubs

.iplt           0x0000000020010a28        0x0 load address 0x0000000010010c74
 .iplt          0x0000000020010a28        0x0 /usr/lib/gcc/arm-none-eabi/9.2.1/thumb/v6-m/nofp/crtbegin.o

.rel.dyn        0x0000000020010a28        0x0 load address 0x0000000010010c74
 .rel.iplt      0x0000000020010a28        0x0 /usr/lib/gcc/arm-none-eabi/9.2.1/thumb/v6-m/nofp/crtbegin.o

.data           0x0000000020010a30     0x5cfc load address 0x0000000010010c74
                0x0000000020010a30                __data_start__ = .
 *(vtable)
 *(.time_critical*)
 .time_critical.mutex_enter_blocking
                0x0000000020010a30       0x48 CMakeFiles/hd36106_replacement.dir/tree/downloaded_tools/pico/pico-sdk/src/common/pico_sync/mutex.c.obj
                0x0000000020010a30                mutex_enter_blocking
 .time_critical.mutex_try_enter
                0x0000000020010a78       0x48 CMakeFiles/hd36106_replacement.dir/tree/downloaded_tools/pico/pico-sdk/src/common/pico_sync/mutex.c.obj
                0x0000000020010a78                mutex_try_enter
 .time_critical.mutex_enter_timeout_ms
                0x0000000020010ac0       0x98 CMakeFiles/hd36106_replacement.dir/tree/downloaded_tools/pico/pico-sdk/src/common/pico_sync/mutex.c.obj
                0x0000000020010ac0                mutex_enter_timeout_ms
 .time_critical.mutex_exit
                0x0000000020010b58       0x28 CMakeFiles/hd36106_replacement.dir/tree/downloaded_tools/pico/pico-sdk/src/common/pico_sync/mutex.c.obj
                0x0000000020010b58                mutex_exit
 .time_critical.flash_init_boot2_copyout
                0x0000000020010b80       0x30 CMakeFiles/hd36106_replacement.dir/tree/downloaded_tools/pico/pico-sdk/src/rp2_common/hardware_flash/flash.c.obj
 .time_critical.flash_enable_xip_via_boot2
                0x0000000020010bb0       0x10 CMakeFiles/hd36106_replacement.dir/tree/downloaded_tools/pico/pico-sdk/src/rp2_common/hardware_flash/flash.c.obj
 .time_critical.flash_cs_force
                0x0000000020010bc0       0x38 CMakeFiles/hd36106_replacement.dir/tree/downloaded_tools/pico/pico-sdk/src/rp2_common/hardware_flash/flash.c.obj
 .time_critical.flash_range_erase
                0x0000000020010bf8       0x80 CMakeFiles/hd36106_replacement.dir/tree/downloaded_tools/pico/pico-sdk/src/rp2_common/hardware_flash/flash.c.obj
                0x0000000020010bf8                flash_range_erase
 .time_critical.flash_range_program
                0x0000000020010c78       0x80 CMakeFiles/hd36106_replacement.dir/tree/downloaded_tools/pico/pico-sdk/src/rp2_common/hardware_flash/flash.c.obj
                0x0000000020010c78                flash_range_program
 .time_critical.flash_do_cmd
                0x0000000020010cf8       0xc4 CMakeFiles/hd36106_replacement.dir/tree/downloaded_tools/pico/pico-sdk/src/rp2_common/hardware_flash/flash.c.obj
                0x0000000020010cf8                flash_do_cmd
                0x0000000020010dbc                . = ALIGN (0x4)
 *(.rodata*)
 .rodata.cli_information.str1.4
                0x0000000020010dbc       0x15 CMakeFiles/hd36106_replacement.dir/hd36106_replacement.c.obj
 *fill*         0x0000000020010dd1        0x3 
 .rodata.cli_display_trace.str1.4
                0x0000000020010dd4       0x19 CMakeFiles/hd36106_replacement.dir/hd36106_replacement.c.obj
 *fill*         0x0000000020010ded        0x3 
 .rodata.cli_slot_label_list.str1.4
                0x0000000020010df0        0x8 CMakeFiles/hd36106_replacement.dir/hd36106_replacement.c.obj
 .rodata.serial_help.str1.4
                0x0000000020010df8       0x28 CMakeFiles/hd36106_replacement.dir/hd36106_replacement.c.obj
 .rodata.cli_text_param.str1.4
                0x0000000020010e20       0x24 CMakeFiles/hd36106_replacement.dir/hd36106_replacement.c.obj
 .rodata.print_gpio_functions.str1.4
                0x0000000020010e44        0xa CMakeFiles/hd36106_replacement.dir/hd36106_replacement.c.obj
 *fill*         0x0000000020010e4e        0x2 
 .rodata.cli_write_byte.str1.4
                0x0000000020010e50       0x17 CMakeFiles/hd36106_replacement.dir/hd36106_replacement.c.obj
 *fill*         0x0000000020010e67        0x1 
 .rodata.cli_erase_program_slot.str1.4
                0x0000000020010e68       0x23 CMakeFiles/hd36106_replacement.dir/hd36106_replacement.c.obj
 *fill*         0x0000000020010e8b        0x1 
 .rodata.cli_slot_program_list.str1.4
                0x0000000020010e8c      0x111 CMakeFiles/hd36106_replacement.dir/hd36106_replacement.c.obj
 *fill*         0x0000000020010f9d        0x3 
 .rodata.cli_slot_program_list
                0x0000000020010fa0      0x3e8 CMakeFiles/hd36106_replacement.dir/hd36106_replacement.c.obj
 .rodata.cli_load_ram.str1.4
                0x0000000020011388       0x4e CMakeFiles/hd36106_replacement.dir/hd36106_replacement.c.obj
 *fill*         0x00000000200113d6        0x2 
 .rodata.cli_clear_ram.str1.4
                0x00000000200113d8       0x26 CMakeFiles/hd36106_replacement.dir/hd36106_replacement.c.obj
 *fill*         0x00000000200113fe        0x2 
 .rodata.cli_clear_ram_mp.str1.4
                0x0000000020011400       0x1c CMakeFiles/hd36106_replacement.dir/hd36106_replacement.c.obj
 .rodata.cli_save_ram.str1.4
                0x000000002001141c       0x52 CMakeFiles/hd36106_replacement.dir/hd36106_replacement.c.obj
 *fill*         0x000000002001146e        0x2 
 .rodata.mem_to_str.str1.4
                0x0000000020011470       0x24 CMakeFiles/hd36106_replacement.dir/hd36106_replacement.c.obj
 .rodata.display_ram_at.str1.4
                0x0000000020011494       0x32 CMakeFiles/hd36106_replacement.dir/hd36106_replacement.c.obj
 *fill*         0x00000000200114c6        0x2 
 .rodata.display_ram
                0x00000000200114c8      0x3e8 CMakeFiles/hd36106_replacement.dir/hd36106_replacement.c.obj
 .rodata.cli_display_program_slot.str1.4
                0x00000000200118b0        0xa CMakeFiles/hd36106_replacement.dir/hd36106_replacement.c.obj
                                          0xe (size before relaxing)
 *fill*         0x00000000200118ba        0x2 
 .rodata.cli_display_program_slot
                0x00000000200118bc      0x3e8 CMakeFiles/hd36106_replacement.dir/hd36106_replacement.c.obj
 .rodata.prompt.str1.4
                0x0000000020011ca4       0x4a CMakeFiles/hd36106_replacement.dir/hd36106_replacement.c.obj
 *fill*         0x0000000020011cee        0x2 
 .rodata.serial_loop.str1.4
                0x0000000020011cf0        0x3 CMakeFiles/hd36106_replacement.dir/hd36106_replacement.c.obj
 *fill*         0x0000000020011cf3        0x1 
 .rodata.cmd_catalog.str1.4
                0x0000000020011cf4       0x11 CMakeFiles/hd36106_replacement.dir/hd36106_replacement.c.obj
 *fill*         0x0000000020011d05        0x3 
 .rodata.process_commands.str1.4
                0x0000000020011d08       0x1f CMakeFiles/hd36106_replacement.dir/hd36106_replacement.c.obj
 *fill*         0x0000000020011d27        0x1 
 .rodata.process_commands
                0x0000000020011d28       0xdc CMakeFiles/hd36106_replacement.dir/hd36106_replacement.c.obj
 .rodata.main.str1.4
                0x0000000020011e04       0x74 CMakeFiles/hd36106_replacement.dir/hd36106_replacement.c.obj
 .rodata.str1.4
                0x0000000020011e78      0x239 CMakeFiles/hd36106_replacement.dir/hd36106_replacement.c.obj
 *fill*         0x00000000200120b1        0x3 
 .rodata.process_fx201p_execution
                0x00000000200120b4       0xd8 CMakeFiles/hd36106_replacement.dir/fx201p_execution.c.obj
 .rodata.bid128_to_string.str1.4
                0x000000002001218c        0x3 CMakeFiles/hd36106_replacement.dir/bid128_string.c.obj
                                          0x7 (size before relaxing)
 *fill*         0x000000002001218f        0x1 
 .rodata.bid_midi_tbl
                0x0000000020012190      0xbb8 CMakeFiles/hd36106_replacement.dir/bid128_2_str_tables.c.obj
                0x0000000020012190                bid_midi_tbl
 .rodata.mod10_18_tbl
                0x0000000020012d48     0x2400 CMakeFiles/hd36106_replacement.dir/bid128_2_str_tables.c.obj
                0x0000000020012d48                mod10_18_tbl
 .rodata.spin_lock_claim_unused.str1.4
                0x0000000020015148       0x1b CMakeFiles/hd36106_replacement.dir/tree/downloaded_tools/pico/pico-sdk/src/rp2_common/hardware_sync/sync.c.obj
 *fill*         0x0000000020015163        0x1 
 .rodata.user_irq_claim_unused.str1.4
                0x0000000020015164       0x1b CMakeFiles/hd36106_replacement.dir/tree/downloaded_tools/pico/pico-sdk/src/rp2_common/hardware_irq/irq.c.obj
 *fill*         0x000000002001517f        0x1 
 .rodata.hardware_alarm_claim.str1.4
                0x0000000020015180       0x22 CMakeFiles/hd36106_replacement.dir/tree/downloaded_tools/pico/pico-sdk/src/rp2_common/hardware_timer/timer.c.obj
 *fill*         0x00000000200151a2        0x2 
 .rodata.panic.str1.4
                0x00000000200151a4       0x10 CMakeFiles/hd36106_replacement.dir/tree/downloaded_tools/pico/pico-sdk/src/rp2_common/pico_runtime/runtime.c.obj
                                         0x12 (size before relaxing)
 .rodata.hard_assertion_failure.str1.4
                0x00000000200151b4        0xc CMakeFiles/hd36106_replacement.dir/tree/downloaded_tools/pico/pico-sdk/src/rp2_common/pico_runtime/runtime.c.obj
 .rodata._ftoa.str1.4
                0x00000000200151c0       0x15 CMakeFiles/hd36106_replacement.dir/tree/downloaded_tools/pico/pico-sdk/src/rp2_common/pico_printf/printf.c.obj
 *fill*         0x00000000200151d5        0x3 
 .rodata._vsnprintf
                0x00000000200151d8      0x1e0 CMakeFiles/hd36106_replacement.dir/tree/downloaded_tools/pico/pico-sdk/src/rp2_common/pico_printf/printf.c.obj
 .rodata.pow10.5444
                0x00000000200153b8       0x50 CMakeFiles/hd36106_replacement.dir/tree/downloaded_tools/pico/pico-sdk/src/rp2_common/pico_printf/printf.c.obj
 .rodata.str1.4
                0x0000000020015408       0x4c CMakeFiles/hd36106_replacement.dir/tree/downloaded_tools/pico/pico-sdk/src/rp2_common/pico_standard_link/binary_info.c.obj
 .rodata.__bi_44
                0x0000000020015454        0xc CMakeFiles/hd36106_replacement.dir/tree/downloaded_tools/pico/pico-sdk/src/rp2_common/pico_standard_link/binary_info.c.obj
 .rodata.__bi_56
                0x0000000020015460        0xc CMakeFiles/hd36106_replacement.dir/tree/downloaded_tools/pico/pico-sdk/src/rp2_common/pico_standard_link/binary_info.c.obj
 .rodata.__bi_75
                0x000000002001546c        0xc CMakeFiles/hd36106_replacement.dir/tree/downloaded_tools/pico/pico-sdk/src/rp2_common/pico_standard_link/binary_info.c.obj
 .rodata.__bi_81
                0x0000000020015478        0xc CMakeFiles/hd36106_replacement.dir/tree/downloaded_tools/pico/pico-sdk/src/rp2_common/pico_standard_link/binary_info.c.obj
 .rodata.crlf_str.6065
                0x0000000020015484        0x2 CMakeFiles/hd36106_replacement.dir/tree/downloaded_tools/pico/pico-sdk/src/rp2_common/pico_stdio/stdio.c.obj
 *fill*         0x0000000020015486        0x2 
 .rodata.str1.4
                0x0000000020015488       0x2c CMakeFiles/hd36106_replacement.dir/tree/downloaded_tools/pico/pico-sdk/src/rp2_common/pico_stdio_uart/stdio_uart.c.obj
 .rodata.__bi_28.4859
                0x00000000200154b4        0xc CMakeFiles/hd36106_replacement.dir/tree/downloaded_tools/pico/pico-sdk/src/rp2_common/pico_stdio_uart/stdio_uart.c.obj
 .rodata.__bi_29.4863
                0x00000000200154c0        0x8 CMakeFiles/hd36106_replacement.dir/tree/downloaded_tools/pico/pico-sdk/src/rp2_common/pico_stdio_uart/stdio_uart.c.obj
 .rodata._resetd_driver
                0x00000000200154c8       0x18 CMakeFiles/hd36106_replacement.dir/tree/downloaded_tools/pico/pico-sdk/src/rp2_common/pico_stdio_usb/reset_interface.c.obj
 .rodata.str1.4
                0x00000000200154e0       0x13 CMakeFiles/hd36106_replacement.dir/tree/downloaded_tools/pico/pico-sdk/src/rp2_common/pico_stdio_usb/stdio_usb.c.obj
 *fill*         0x00000000200154f3        0x1 
 .rodata.__bi_118.7207
                0x00000000200154f4        0xc CMakeFiles/hd36106_replacement.dir/tree/downloaded_tools/pico/pico-sdk/src/rp2_common/pico_stdio_usb/stdio_usb.c.obj
 .rodata.str1.4
                0x0000000020015500       0x2a CMakeFiles/hd36106_replacement.dir/tree/downloaded_tools/pico/pico-sdk/src/rp2_common/pico_stdio_usb/stdio_usb_descriptors.c.obj
 *fill*         0x000000002001552a        0x2 
 .rodata.usbd_desc_cfg
                0x000000002001552c       0x54 CMakeFiles/hd36106_replacement.dir/tree/downloaded_tools/pico/pico-sdk/src/rp2_common/pico_stdio_usb/stdio_usb_descriptors.c.obj
 .rodata.usbd_desc_device
                0x0000000020015580       0x12 CMakeFiles/hd36106_replacement.dir/tree/downloaded_tools/pico/pico-sdk/src/rp2_common/pico_stdio_usb/stdio_usb_descriptors.c.obj
 *fill*         0x0000000020015592        0x2 
 .rodata.usbd_desc_str
                0x0000000020015594       0x18 CMakeFiles/hd36106_replacement.dir/tree/downloaded_tools/pico/pico-sdk/src/rp2_common/pico_stdio_usb/stdio_usb_descriptors.c.obj
 .rodata.dcd_rp2040_irq.str1.4
                0x00000000200155ac       0x14 CMakeFiles/hd36106_replacement.dir/tree/downloaded_tools/pico/pico-sdk/lib/tinyusb/src/portable/raspberrypi/rp2040/dcd_rp2040.c.obj
 .rodata._hw_endpoint_buffer_control_update32.part.0.str1.4
                0x00000000200155c0       0x1f CMakeFiles/hd36106_replacement.dir/tree/downloaded_tools/pico/pico-sdk/lib/tinyusb/src/portable/raspberrypi/rp2040/rp2040_usb.c.obj
 *fill*         0x00000000200155df        0x1 
 .rodata.hw_endpoint_xfer_continue.str1.4
                0x00000000200155e0       0x29 CMakeFiles/hd36106_replacement.dir/tree/downloaded_tools/pico/pico-sdk/lib/tinyusb/src/portable/raspberrypi/rp2040/rp2040_usb.c.obj
 .rodata.str1.4
                0x0000000020015609       0x29 CMakeFiles/hd36106_replacement.dir/tree/downloaded_tools/pico/pico-sdk/lib/tinyusb/src/portable/raspberrypi/rp2040/rp2040_usb.c.obj
                                          0x7 (size before relaxing)
 *fill*         0x0000000020015609        0x3 
 .rodata.tud_task
                0x000000002001560c       0x8c CMakeFiles/hd36106_replacement.dir/tree/downloaded_tools/pico/pico-sdk/lib/tinyusb/src/device/usbd.c.obj
 .rodata._usbd_driver
                0x0000000020015698       0x18 CMakeFiles/hd36106_replacement.dir/tree/downloaded_tools/pico/pico-sdk/lib/tinyusb/src/device/usbd.c.obj
 .rodata        0x00000000200156b0      0x101 /usr/lib/gcc/arm-none-eabi/9.2.1/../../../arm-none-eabi/lib/thumb/v6-m/nofp/libc.a(lib_a-ctype_.o)
                0x00000000200156b0                _ctype_
                0x00000000200157b4                . = ALIGN (0x4)
 *fill*         0x00000000200157b1        0x3 
 *(.data*)
 .data.command_ptr
                0x00000000200157b4        0x4 CMakeFiles/hd36106_replacement.dir/hd36106_replacement.c.obj
                0x00000000200157b4                command_ptr
 .data.flash_slot_contents
                0x00000000200157b8        0x4 CMakeFiles/hd36106_replacement.dir/hd36106_replacement.c.obj
                0x00000000200157b8                flash_slot_contents
 .data.serial_cmds
                0x00000000200157bc      0x1b0 CMakeFiles/hd36106_replacement.dir/hd36106_replacement.c.obj
                0x00000000200157bc                serial_cmds
 .data.dest_reg
                0x000000002001596c        0x4 CMakeFiles/hd36106_replacement.dir/fx201p_execution.c.obj
                0x000000002001596c                dest_reg
 .data.exec_pc  0x0000000020015970        0x4 CMakeFiles/hd36106_replacement.dir/fx201p_execution.c.obj
                0x0000000020015970                exec_pc
 .data.xref     0x0000000020015974        0x4 CMakeFiles/hd36106_replacement.dir/fx201p_execution.c.obj
                0x0000000020015974                xref
 .data.bid_char_table2
                0x0000000020015978       0xb4 CMakeFiles/hd36106_replacement.dir/bid128.c.obj
                0x0000000020015978                bid_char_table2
 .data.bid_char_table3
                0x0000000020015a2c      0xbb8 CMakeFiles/hd36106_replacement.dir/bid128.c.obj
                0x0000000020015a2c                bid_char_table3